Archive member included to satisfy reference by file (symbol)

C:\Users\Tobias\Documents\GitHub\nxp-proj\libs\libpower_hardabi.a(fsl_power_lib.o)
                              ./drivers/fsl_clock.o (POWER_SetVoltageForFreq)
c:/nxp/mcuxpressoide_11.8.0_1165/ide/plugins/com.nxp.mcuxpresso.tools.win32_11.8.0.202306131047/tools/bin/../lib/gcc/arm-none-eabi/12.2.1/../../../../arm-none-eabi/lib/thumb/v7e-m+fp/hard\libcr_semihost_nf.a(_cr__main.o)
                              ./startup/startup_lpc54628.o (__main)
c:/nxp/mcuxpressoide_11.8.0_1165/ide/plugins/com.nxp.mcuxpresso.tools.win32_11.8.0.202306131047/tools/bin/../lib/gcc/arm-none-eabi/12.2.1/../../../../arm-none-eabi/lib/thumb/v7e-m+fp/hard\libcr_c.a(memcpy.o)
                              ./utilities/fsl_str.o (memcpy)
c:/nxp/mcuxpressoide_11.8.0_1165/ide/plugins/com.nxp.mcuxpresso.tools.win32_11.8.0.202306131047/tools/bin/../lib/gcc/arm-none-eabi/12.2.1/../../../../arm-none-eabi/lib/thumb/v7e-m+fp/hard\libcr_c.a(memset.o)
                              ./source/hmi/input_devices/rotary_encode.o (memset)
c:/nxp/mcuxpressoide_11.8.0_1165/ide/plugins/com.nxp.mcuxpresso.tools.win32_11.8.0.202306131047/tools/bin/../lib/gcc/arm-none-eabi/12.2.1/../../../../arm-none-eabi/lib/thumb/v7e-m+fp/hard\libcr_c.a(alloc.o)
                              ./drivers/fsl_common.o (malloc)
c:/nxp/mcuxpressoide_11.8.0_1165/ide/plugins/com.nxp.mcuxpresso.tools.win32_11.8.0.202306131047/tools/bin/../lib/gcc/arm-none-eabi/12.2.1/../../../../arm-none-eabi/lib/thumb/v7e-m+fp/hard\libcr_c.a(atan.o)
                              ./source/drive/drive.o (atan)
c:/nxp/mcuxpressoide_11.8.0_1165/ide/plugins/com.nxp.mcuxpresso.tools.win32_11.8.0.202306131047/tools/bin/../lib/gcc/arm-none-eabi/12.2.1/../../../../arm-none-eabi/lib/thumb/v7e-m+fp/hard\libcr_c.a(fabs.o)
                              c:/nxp/mcuxpressoide_11.8.0_1165/ide/plugins/com.nxp.mcuxpresso.tools.win32_11.8.0.202306131047/tools/bin/../lib/gcc/arm-none-eabi/12.2.1/../../../../arm-none-eabi/lib/thumb/v7e-m+fp/hard\libcr_c.a(atan.o) (fabs)
c:/nxp/mcuxpressoide_11.8.0_1165/ide/plugins/com.nxp.mcuxpresso.tools.win32_11.8.0.202306131047/tools/bin/../lib/gcc/arm-none-eabi/12.2.1/../../../../arm-none-eabi/lib/thumb/v7e-m+fp/hard\libcr_c.a(initio.o)
                              c:/nxp/mcuxpressoide_11.8.0_1165/ide/plugins/com.nxp.mcuxpresso.tools.win32_11.8.0.202306131047/tools/bin/../lib/gcc/arm-none-eabi/12.2.1/../../../../arm-none-eabi/lib/thumb/v7e-m+fp/hard\libcr_semihost_nf.a(_cr__main.o) (_initio)
c:/nxp/mcuxpressoide_11.8.0_1165/ide/plugins/com.nxp.mcuxpresso.tools.win32_11.8.0.202306131047/tools/bin/../lib/gcc/arm-none-eabi/12.2.1/../../../../arm-none-eabi/lib/thumb/v7e-m+fp/hard\libcr_c.a(memcmp.o)
                              ./source/param.o (memcmp)
c:/nxp/mcuxpressoide_11.8.0_1165/ide/plugins/com.nxp.mcuxpresso.tools.win32_11.8.0.202306131047/tools/bin/../lib/gcc/arm-none-eabi/12.2.1/../../../../arm-none-eabi/lib/thumb/v7e-m+fp/hard\libcr_c.a(printf.o)
                              ./source/hmi/screen.o (_sprintf)
c:/nxp/mcuxpressoide_11.8.0_1165/ide/plugins/com.nxp.mcuxpresso.tools.win32_11.8.0.202306131047/tools/bin/../lib/gcc/arm-none-eabi/12.2.1/../../../../arm-none-eabi/lib/thumb/v7e-m+fp/hard\libcr_c.a(scanf.o)
                              ./utilities/fsl_str.o (strtoul)
c:/nxp/mcuxpressoide_11.8.0_1165/ide/plugins/com.nxp.mcuxpresso.tools.win32_11.8.0.202306131047/tools/bin/../lib/gcc/arm-none-eabi/12.2.1/../../../../arm-none-eabi/lib/thumb/v7e-m+fp/hard\libcr_c.a(setvbuf.o)
                              c:/nxp/mcuxpressoide_11.8.0_1165/ide/plugins/com.nxp.mcuxpresso.tools.win32_11.8.0.202306131047/tools/bin/../lib/gcc/arm-none-eabi/12.2.1/../../../../arm-none-eabi/lib/thumb/v7e-m+fp/hard\libcr_c.a(initio.o) (setvbuf)
c:/nxp/mcuxpressoide_11.8.0_1165/ide/plugins/com.nxp.mcuxpresso.tools.win32_11.8.0.202306131047/tools/bin/../lib/gcc/arm-none-eabi/12.2.1/../../../../arm-none-eabi/lib/thumb/v7e-m+fp/hard\libcr_c.a(stdlib.o)
                              ./source/drive/drive.o (abs)
c:/nxp/mcuxpressoide_11.8.0_1165/ide/plugins/com.nxp.mcuxpresso.tools.win32_11.8.0.202306131047/tools/bin/../lib/gcc/arm-none-eabi/12.2.1/../../../../arm-none-eabi/lib/thumb/v7e-m+fp/hard\libcr_c.a(strlen.o)
                              ./utilities/fsl_str.o (strlen)
c:/nxp/mcuxpressoide_11.8.0_1165/ide/plugins/com.nxp.mcuxpresso.tools.win32_11.8.0.202306131047/tools/bin/../lib/gcc/arm-none-eabi/12.2.1/../../../../arm-none-eabi/lib/thumb/v7e-m+fp/hard\libcr_c.a(ungetc.o)
                              c:/nxp/mcuxpressoide_11.8.0_1165/ide/plugins/com.nxp.mcuxpresso.tools.win32_11.8.0.202306131047/tools/bin/../lib/gcc/arm-none-eabi/12.2.1/../../../../arm-none-eabi/lib/thumb/v7e-m+fp/hard\libcr_c.a(scanf.o) (ungetc)
c:/nxp/mcuxpressoide_11.8.0_1165/ide/plugins/com.nxp.mcuxpresso.tools.win32_11.8.0.202306131047/tools/bin/../lib/gcc/arm-none-eabi/12.2.1/../../../../arm-none-eabi/lib/thumb/v7e-m+fp/hard\libcr_c.a(__fillbuf.o)
[...]
Memory Configuration

Name             Origin             Length             Attributes
PROGRAM_FLASH    0x00000000         0x00080000         xr
SRAM_UPPER       0x20000000         0x00028000         xrw
SRAMX            0x04000000         0x00008000         xrw
USB_RAM          0x40100000         0x00002000         xrw
*default*        0x00000000         0xffffffff

Linker script and memory map

LOAD ./utilities/fsl_assert.o
LOAD ./utilities/fsl_debug_console.o
LOAD ./utilities/fsl_str.o
LOAD ./startup/startup_lpc54628.o
LOAD ./source/servo/servo.o
LOAD ./source/rpmMeas/rpmMeas.o
LOAD ./source/hmi/input_devices/input_devices.o
LOAD ./source/hmi/input_devices/rotary_encode.o
LOAD ./source/hmi/input_devices/sw_debounce.o
LOAD ./source/hmi/hmi.o
LOAD ./source/hmi/menu_data.o
LOAD ./source/hmi/menu_main_screen.o
LOAD ./source/hmi/screen.o
LOAD ./source/drive/drive.o
LOAD ./source/display/menu/design/menu_list.o
LOAD ./source/display/menu/menu.o
LOAD ./source/display/menu/menu_rtos.o
LOAD ./source/display/interface/i2c_rtos_interface.o
LOAD ./source/display/driver/ssd1309.o
LOAD ./source/display/driver/ssd1309_rtos.o
LOAD ./source/display/adapter/disp_adapter.o
LOAD ./source/display/adapter/menu_adapter.o
LOAD ./source/display/display.o
LOAD ./source/camera/camera.o
LOAD ./source/board/board_func.o
LOAD ./source/main_gustl.o
LOAD ./source/param.o
LOAD ./source/semihost_hardfault.o
LOAD ./source/settings.o
LOAD ./freertos/freertos_kernel/portable/MemMang/heap_4.o
LOAD ./freertos/freertos_kernel/portable/GCC/ARM_CM4F/port.o
LOAD ./freertos/freertos_kernel/croutine.o
LOAD ./freertos/freertos_kernel/event_groups.o
LOAD ./freertos/freertos_kernel/list.o
LOAD ./freertos/freertos_kernel/queue.o
LOAD ./freertos/freertos_kernel/stream_buffer.o
LOAD ./freertos/freertos_kernel/tasks.o
LOAD ./freertos/freertos_kernel/timers.o
LOAD ./drivers/fsl_clock.o
LOAD ./drivers/fsl_common.o
LOAD ./drivers/fsl_ctimer.o
LOAD ./drivers/fsl_dma.o
LOAD ./drivers/fsl_eeprom.o
LOAD ./drivers/fsl_emc.o
LOAD ./drivers/fsl_flexcomm.o
LOAD ./drivers/fsl_gpio.o
LOAD ./drivers/fsl_i2c.o
LOAD ./drivers/fsl_i2c_dma.o
LOAD ./drivers/fsl_power.o
LOAD ./drivers/fsl_reset.o
LOAD ./drivers/fsl_rit.o
LOAD ./drivers/fsl_sctimer.o
LOAD ./drivers/fsl_usart.o
LOAD ./device/system_LPC54628.o
LOAD ./component/uart/usart_adapter.o
LOAD ./component/serial_manager/serial_manager.o
LOAD ./component/serial_manager/serial_port_uart.o
LOAD ./component/lists/generic_list.o
LOAD ./board/board.o
LOAD ./board/clock_config.o
LOAD ./board/peripherals.o
LOAD ./board/pin_mux.o
LOAD C:\Users\Tobias\Documents\GitHub\nxp-proj\libs\libpower_hardabi.a
START GROUP
LOAD c:/nxp/mcuxpressoide_11.8.0_1165/ide/plugins/com.nxp.mcuxpresso.tools.win32_11.8.0.202306131047/tools/bin/../lib/gcc/arm-none-eabi/12.2.1/../../../../arm-none-eabi/lib/thumb/v7e-m+fp/hard\libcr_semihost_nf.a
LOAD c:/nxp/mcuxpressoide_11.8.0_1165/ide/plugins/com.nxp.mcuxpresso.tools.win32_11.8.0.202306131047/tools/bin/../lib/gcc/arm-none-eabi/12.2.1/../../../../arm-none-eabi/lib/thumb/v7e-m+fp/hard\libcr_c.a
LOAD c:/nxp/mcuxpressoide_11.8.0_1165/ide/plugins/com.nxp.mcuxpresso.tools.win32_11.8.0.202306131047/tools/bin/../lib/gcc/arm-none-eabi/12.2.1/thumb/v7e-m+fp/hard\libcr_eabihelpers.a
LOAD c:/nxp/mcuxpressoide_11.8.0_1165/ide/plugins/com.nxp.mcuxpresso.tools.win32_11.8.0.202306131047/tools/bin/../lib/gcc/arm-none-eabi/12.2.1/thumb/v7e-m+fp/hard\libgcc.a
END GROUP
                0x00000000                __base_PROGRAM_FLASH = 0x0
                0x00000000                __base_Flash = 0x0
                0x00080000                __top_PROGRAM_FLASH = 0x80000
                0x00080000                __top_Flash = 0x80000
                0x20000000                __base_SRAM_UPPER = 0x20000000
                0x20000000                __base_RAM = 0x20000000
                0x20028000                __top_SRAM_UPPER = 0x20028000
                0x20028000                __top_RAM = 0x20028000
                0x04000000                __base_SRAMX = 0x4000000
                0x04000000                __base_RAM2 = 0x4000000
                0x04008000                __top_SRAMX = 0x4008000
                0x04008000                __top_RAM2 = 0x4008000
                0x40100000                __base_USB_RAM = 0x40100000
                0x40100000                __base_RAM3 = 0x40100000
                0x40102000                __top_USB_RAM = 0x40102000
                0x40102000                __top_RAM3 = 0x40102000

.text           0x00000000     0xfb5c
 FILL mask 0xff
                0x00000000                __vectors_start__ = ABSOLUTE (.)
 *(SORT_BY_ALIGNMENT(.isr_vector))
 .isr_vector    0x00000000      0x124 ./startup/startup_lpc54628.o
                0x00000000                g_pfnVectors
                0x00000000                __Vectors
                0x00000124                . = ALIGN (0x4)
                0x00000124                __section_table_start = .
                0x00000124                __data_section_table = .
                0x00000124        0x4 LONG 0xfb5c LOADADDR (.data)
                0x00000128        0x4 LONG 0x20000000 ADDR (.data)
                0x0000012c        0x4 LONG 0x150 SIZEOF (.data)
                0x00000130        0x4 LONG 0xfb5c LOADADDR (.data_RAM2)
                0x00000134        0x4 LONG 0x4000000 ADDR (.data_RAM2)
                0x00000138        0x4 LONG 0x0 SIZEOF (.data_RAM2)
                0x0000013c        0x4 LONG 0xfb5c LOADADDR (.data_RAM3)
                0x00000140        0x4 LONG 0x40100000 ADDR (.data_RAM3)
                0x00000144        0x4 LONG 0x0 SIZEOF (.data_RAM3)
                0x00000148                __data_section_table_end = .
                0x00000148                __bss_section_table = .
                0x00000148        0x4 LONG 0x20000600 ADDR (.bss)
                0x0000014c        0x4 LONG 0x3730 SIZEOF (.bss)
                0x00000150        0x4 LONG 0x4000000 ADDR (.bss_RAM2)
                0x00000154        0x4 LONG 0x0 SIZEOF (.bss_RAM2)
                0x00000158        0x4 LONG 0x40100000 ADDR (.bss_RAM3)
                0x0000015c        0x4 LONG 0x0 SIZEOF (.bss_RAM3)
                0x00000160                __bss_section_table_end = .
                0x00000160                __section_table_end = .
 *(SORT_BY_ALIGNMENT(.after_vectors*))
 .after_vectors.reset
                0x00000160       0x58 ./startup/startup_lpc54628.o
                0x00000160                ResetISR
 .after_vectors.init_data
                0x000001b8       0x1e ./startup/startup_lpc54628.o
                0x000001b8                data_init
 .after_vectors.init_bss
                0x000001d6       0x12 ./startup/startup_lpc54628.o
                0x000001d6                bss_init
 .after_vectors
                0x000001e8       0x14 ./startup/startup_lpc54628.o
                0x000001e8                NMI_Handler
                0x000001ec                MemManage_Handler
                0x000001ee                BusFault_Handler
                0x000001f0                UsageFault_Handler
                0x000001f4                DebugMon_Handler
                0x000001fa                PIN_INT3_DriverIRQHandler
                0x000001fa                PIN_INT2_DriverIRQHandler
                0x000001fa                ETHERNET_DriverIRQHandler
                0x000001fa                PIN_INT0_DriverIRQHandler
                0x000001fa                SPIFI0_DriverIRQHandler
                0x000001fa                CAN0_IRQ0_DriverIRQHandler
                0x000001fa                IntDefaultHandler
                0x000001fa                USB0_DriverIRQHandler
                0x000001fa                MRT0_DriverIRQHandler
                0x000001fa                UTICK0_DriverIRQHandler
                0x000001fa                DMIC0_DriverIRQHandler
                0x000001fa                PIN_INT4_DriverIRQHandler
                0x000001fa                PIN_INT5_DriverIRQHandler
                0x000001fa                CAN1_IRQ0_DriverIRQHandler
                0x000001fa                Reserved47_DriverIRQHandler
                0x000001fa                ADC0_THCMP_DriverIRQHandler
                0x000001fa                GINT1_DriverIRQHandler
                0x000001fa                RIT_DriverIRQHandler
                0x000001fa                CAN0_IRQ1_DriverIRQHandler
                0x000001fa                USB0_NEEDCLK_DriverIRQHandler
                0x000001fa                ADC0_SEQB_DriverIRQHandler
                0x000001fa                PIN_INT6_DriverIRQHandler
                0x000001fa                ETHERNET_MACLP_DriverIRQHandler
                0x000001fa                PIN_INT1_DriverIRQHandler
                0x000001fa                HWVAD0_DriverIRQHandler
                0x000001fa                RTC_DriverIRQHandler
                0x000001fa                LCD_DriverIRQHandler
                0x000001fa                EEPROM_DriverIRQHandler
                0x000001fa                ETHERNET_PMT_DriverIRQHandler
                0x000001fa                USB1_DriverIRQHandler
                0x000001fa                CAN1_IRQ1_DriverIRQHandler
                0x000001fa                ADC0_SEQA_DriverIRQHandler
                0x000001fa                USB1_NEEDCLK_DriverIRQHandler
                0x000001fa                SMARTCARD0_DriverIRQHandler
                0x000001fa                SDIO_DriverIRQHandler
                0x000001fa                SHA_DriverIRQHandler
                0x000001fa                GINT0_DriverIRQHandler
                0x000001fa                SMARTCARD1_DriverIRQHandler
                0x000001fa                PIN_INT7_DriverIRQHandler
                0x000001fa                Reserved46_DriverIRQHandler
                0x000001fa                WDT_BOD_DriverIRQHandler
 *(SORT_BY_ALIGNMENT(.text*))
 *fill*         0x000001fc        0x4 ff
 .text.SVC_Handler
                0x00000200       0x28 ./freertos/freertos_kernel/portable/GCC/ARM_CM4F/port.o
                0x00000200                SVC_Handler
 *fill*         0x00000228        0x8 ff
 .text.PendSV_Handler
                0x00000230       0x68 ./freertos/freertos_kernel/portable/GCC/ARM_CM4F/port.o
                0x00000230                PendSV_Handler
 .text.Real_Drive
                0x00000298      0x4b8 ./source/drive/drive.o
                0x00000298                Real_Drive
 .text.atan     0x00000750      0x21c c:/nxp/mcuxpressoide_11.8.0_1165/ide/plugins/com.nxp.mcuxpresso.tools.win32_11.8.0.202306131047/tools/bin/../lib/gcc/arm-none-eabi/12.2.1/../../../../arm-none-eabi/lib/thumb/v7e-m+fp/hard\libcr_c.a(atan.o)
                0x00000750                atan
 .text.__assertion_failed
                0x0000096c       0x18 ./utilities/fsl_assert.o
                0x0000096c                __assertion_failed
 .text.SERVO_Init
                0x00000984       0x78 ./source/servo/servo.o
                0x00000984                SERVO_Init
 .text.CTIMER1_Init
                0x000009fc       0x38 ./source/servo/servo.o
                0x000009fc                CTIMER1_Init
 .text.RPMMEAS_Init
                0x00000a34       0x8c ./source/rpmMeas/rpmMeas.o
                0x00000a34                RPMMEAS_Init
 .text.CTIMER2_Init
                0x00000ac0       0x44 ./source/rpmMeas/rpmMeas.o
                0x00000ac0                CTIMER2_Init
 .text.rpmMeas_Left_ISR
                0x00000b04       0x70 ./source/rpmMeas/rpmMeas.o
                0x00000b04                rpmMeas_Left_ISR
 .text.rpmMeas_Right_ISR
                0x00000b74       0x74 ./source/rpmMeas/rpmMeas.o
                0x00000b74                rpmMeas_Right_ISR
 .text.__NVIC_EnableIRQ
                0x00000be8       0x3c ./source/hmi/input_devices/input_devices.o
 .text.__NVIC_DisableIRQ
                0x00000c24       0x48 ./source/hmi/input_devices/input_devices.o
 .text.__NVIC_SetPriority
                0x00000c6c       0x54 ./source/hmi/input_devices/input_devices.o
 .text.id_init  0x00000cc0       0x6c ./source/hmi/input_devices/input_devices.o
                0x00000cc0                id_init
 .text.id_get_button_state
                0x00000d2c       0x38 ./source/hmi/input_devices/input_devices.o
                0x00000d2c                id_get_button_state
 .text.id_get_encoder_state
                0x00000d64       0x34 ./source/hmi/input_devices/input_devices.o
                0x00000d64                id_get_encoder_state
 .text.RIT_IRQHandler
                0x00000d98       0x98 ./source/hmi/input_devices/input_devices.o
                0x00000d98                RIT_IRQHandler
 .text.re_task  0x00000e30       0xb0 ./source/hmi/input_devices/rotary_encode.o
                0x00000e30                re_task
 .text.screen_state_machine
                0x00000ee0      0x118 ./source/hmi/hmi.o
                0x00000ee0                screen_state_machine
 .text.hmi_task
                0x00000ff8      0x14c ./source/hmi/hmi.o
                0x00000ff8                hmi_task
 .text.draw     0x00001144      0x4d4 ./source/hmi/menu_main_screen.o
 .text.helper_uint_to_2digit
                0x00001618       0x60 ./source/hmi/screen.o
 .text.menu_open_main
                0x00001678       0x34 ./source/hmi/screen.o
                0x00001678                menu_open_main
 .text.menu_open_main_drive
                0x000016ac       0x24 ./source/hmi/screen.o
                0x000016ac                menu_open_main_drive
 .text.menu_open_main_hardware
                0x000016d0       0x24 ./source/hmi/screen.o
                0x000016d0                menu_open_main_hardware
 .text.menu_page_main_about
                0x000016f4       0xa4 ./source/hmi/screen.o
                0x000016f4                menu_page_main_about
 .text.menu_open_hardware_ppm
                0x00001798       0x24 ./source/hmi/screen.o
                0x00001798                menu_open_hardware_ppm
 .text.menu_open_ppm_servo_motor
                0x000017bc       0x24 ./source/hmi/screen.o
                0x000017bc                menu_open_ppm_servo_motor
 .text.menu_open_ppm_motor_left
                0x000017e0       0x24 ./source/hmi/screen.o
                0x000017e0                menu_open_ppm_motor_left
 .text.menu_open_ppm_motor_right
                0x00001804       0x24 ./source/hmi/screen.o
                0x00001804                menu_open_ppm_motor_right
 .text.menu_open_ppm_restore
                0x00001828       0x24 ./source/hmi/screen.o
                0x00001828                menu_open_ppm_restore
 .text.menu_open_hardware_camera
                0x0000184c       0x24 ./source/hmi/screen.o
                0x0000184c                menu_open_hardware_camera
 .text.menu_open_hardware_parameter_camera
                0x00001870       0x24 ./source/hmi/screen.o
                0x00001870                menu_open_hardware_parameter_camera
 .text.menu_page_pixel_display_camera
                0x00001894      0x2e4 ./source/hmi/screen.o
                0x00001894                menu_page_pixel_display_camera
 .text.menu_page_calibration_camera
                0x00001b78       0xa4 ./source/hmi/screen.o
                0x00001b78                menu_page_calibration_camera
 .text.screen_main
                0x00001c1c       0x74 ./source/hmi/screen.o
                0x00001c1c                screen_main
 .text.screen_update_header
                0x00001c90      0x1a0 ./source/hmi/screen.o
                0x00001c90                screen_update_header
 .text.screen_bg
                0x00001e30      0x1d0 ./source/hmi/screen.o
                0x00001e30                screen_bg
 .text.BLDC_Init
                0x00002000       0xa4 ./source/drive/drive.o
                0x00002000                BLDC_Init
 .text.CTIMER3_Init
                0x000020a4       0x48 ./source/drive/drive.o
                0x000020a4                CTIMER3_Init
 .text.menu_list_draw
                0x000020ec      0x68c ./source/display/menu/design/menu_list.o
                0x000020ec                menu_list_draw
 .text.DMA_EnableChannel
                0x00002778       0x58 ./source/display/interface/i2c_rtos_interface.o
 .text.i2c_m_rtos_init
                0x000027d0       0xb8 ./source/display/interface/i2c_rtos_interface.o
                0x000027d0                i2c_m_rtos_init
 .text.callback
                0x00002888       0x4c ./source/display/interface/i2c_rtos_interface.o
 .text.ssd1309_init
                0x000028d4       0x6c ./source/display/driver/ssd1309.o
                0x000028d4                ssd1309_init
 .text.ssd1309_rtos_init
                0x00002940       0xbc ./source/display/driver/ssd1309_rtos.o
                0x00002940                ssd1309_rtos_init
 .text.ssd1309_send
                0x000029fc       0x60 ./source/display/adapter/disp_adapter.o
                0x000029fc                ssd1309_send
 .text.menu_set_pixel
                0x00002a5c       0x34 ./source/display/adapter/menu_adapter.o
                0x00002a5c                menu_set_pixel
 .text.menu_draw_rect
                0x00002a90       0x40 ./source/display/adapter/menu_adapter.o
                0x00002a90                menu_draw_rect
 .text.menu_write_str
                0x00002ad0       0x44 ./source/display/adapter/menu_adapter.o
                0x00002ad0                menu_write_str
 .text.menu_disp_lock
                0x00002b14       0x1c ./source/display/adapter/menu_adapter.o
                0x00002b14                menu_disp_lock
 .text.menu_disp_unlock
                0x00002b30       0x1c ./source/display/adapter/menu_adapter.o
                0x00002b30                menu_disp_unlock
 .text.__NVIC_SetPriority
                0x00002b4c       0x54 ./source/display/display.o
 .text.DISPLAY_Init
                0x00002ba0       0x5c ./source/display/display.o
                0x00002ba0                DISPLAY_Init
 .text.__NVIC_EnableIRQ
                0x00002bfc       0x3c ./source/camera/camera.o
 .text.__NVIC_SetPriority
                0x00002c38       0x54 ./source/camera/camera.o
 .text.CAM_Init
                0x00002c8c       0x34 ./source/camera/camera.o
                0x00002c8c                CAM_Init
 .text.CTIMER0_Init
                0x00002cc0       0x48 ./source/camera/camera.o
                0x00002cc0                CTIMER0_Init
 .text.CTIMER4_Init
                0x00002d08       0x48 ./source/camera/camera.o
                0x00002d08                CTIMER4_Init
 .text.SCTimer_Clock_Config
                0x00002d50       0x74 ./source/camera/camera.o
                0x00002d50                SCTimer_Clock_Config
 .text.SCTimer_CamCLK_Init
                0x00002dc4       0xdc ./source/camera/camera.o
                0x00002dc4                SCTimer_CamCLK_Init
 .text.SCTimer_SIEvents_Init
                0x00002ea0      0x118 ./source/camera/camera.o
                0x00002ea0                SCTimer_SIEvents_Init
 .text.CTIMER0_IRQHandler
                0x00002fb8       0x38 ./source/camera/camera.o
                0x00002fb8                CTIMER0_IRQHandler
 .text.CTIMER4_IRQHandler
                0x00002ff0       0x38 ./source/camera/camera.o
                0x00002ff0                CTIMER4_IRQHandler
 .text.SCTimer_ADCTrigger_Init
                0x00003028       0x40 ./source/camera/camera.o
                0x00003028                SCTimer_ADCTrigger_Init
 .text.ADC_Calibration
                0x00003068       0x6c ./source/camera/camera.o
                0x00003068                ADC_Calibration
 .text.ADC_Config
                0x000030d4      0x1a0 ./source/camera/camera.o
                0x000030d4                ADC_Config
 .text.ADC0_SEQA_IRQHandler
                0x00003274       0x8c ./source/camera/camera.o
                0x00003274                ADC0_SEQA_IRQHandler
 .text.SCT0_IRQHandler
                0x00003300       0x80 ./source/camera/camera.o
                0x00003300                SCT0_IRQHandler
 .text.Camera_Exposure_time_task
                0x00003380      0x11c ./source/camera/camera.o
                0x00003380                Camera_Exposure_time_task
 .text.menu_func_edge_calibration
                0x0000349c       0x60 ./source/camera/camera.o
                0x0000349c                menu_func_edge_calibration
 .text.Edge_Detection
                0x000034fc      0x478 ./source/camera/camera.o
                0x000034fc                Edge_Detection
 .text.LED_Blink_Task
                0x00003974       0x24 ./source/board/board_func.o
                0x00003974                LED_Blink_Task
 .text.Board_Init
                0x00003998       0x30 ./source/board/board_func.o
                0x00003998                Board_Init
 .text.CLKOUT_Init
                0x000039c8       0x60 ./source/board/board_func.o
                0x000039c8                CLKOUT_Init
 .text.main     0x00003a28       0xc8 ./source/main_gustl.o
                0x00003a28                main
 .text.PARAM_Init
                0x00003af0       0x40 ./source/param.o
                0x00003af0                PARAM_Init
 .text.param_save
                0x00003b30       0x30 ./source/param.o
                0x00003b30                param_save
 .text.menu_func_servo_motor_test
                0x00003b60       0xd8 ./source/settings.o
                0x00003b60                menu_func_servo_motor_test
 .text.menu_func_servo_motor_init
                0x00003c38       0x3c ./source/settings.o
                0x00003c38                menu_func_servo_motor_init
 .text.menu_func_servo_motor_left
                0x00003c74       0x60 ./source/settings.o
                0x00003c74                menu_func_servo_motor_left
 .text.menu_func_servo_motor_right
                0x00003cd4       0x60 ./source/settings.o
                0x00003cd4                menu_func_servo_motor_right
 .text.menu_func_bldcLeft_test
                0x00003d34       0xa8 ./source/settings.o
                0x00003d34                menu_func_bldcLeft_test
 .text.menu_func_bldc_motor_left_init
                0x00003ddc       0x38 ./source/settings.o
                0x00003ddc                menu_func_bldc_motor_left_init
 .text.menu_func_bldc_motor_left_min
                0x00003e14       0x5c ./source/settings.o
                0x00003e14                menu_func_bldc_motor_left_min
 .text.menu_func_bldcRight_test
                0x00003e70       0xb0 ./source/settings.o
                0x00003e70                menu_func_bldcRight_test
 .text.menu_func_restore
                0x00003f20       0x88 ./source/settings.o
                0x00003f20                menu_func_restore
 .text.pvPortMalloc
                0x00003fa8      0x19c ./freertos/freertos_kernel/portable/MemMang/heap_4.o
                0x00003fa8                pvPortMalloc
 .text.vPortFree
                0x00004144       0xc8 ./freertos/freertos_kernel/portable/MemMang/heap_4.o
                0x00004144                vPortFree
 .text.prvHeapInit
                0x0000420c       0xc4 ./freertos/freertos_kernel/portable/MemMang/heap_4.o
 .text.prvInsertBlockIntoFreeList
                0x000042d0       0xb4 ./freertos/freertos_kernel/portable/MemMang/heap_4.o
 .text.pxPortInitialiseStack
                0x00004384       0x68 ./freertos/freertos_kernel/portable/GCC/ARM_CM4F/port.o
                0x00004384                pxPortInitialiseStack
 .text.prvTaskExitError
                0x000043ec       0x5c ./freertos/freertos_kernel/portable/GCC/ARM_CM4F/port.o
 .text.prvPortStartFirstTask
                0x00004448       0x28 ./freertos/freertos_kernel/portable/GCC/ARM_CM4F/port.o
 .text.xPortStartScheduler
                0x00004470      0x148 ./freertos/freertos_kernel/portable/GCC/ARM_CM4F/port.o
                0x00004470                xPortStartScheduler
 .text.vPortEnterCritical
                0x000045b8       0x64 ./freertos/freertos_kernel/portable/GCC/ARM_CM4F/port.o
                0x000045b8                vPortEnterCritical
 .text.vPortExitCritical
                0x0000461c       0x54 ./freertos/freertos_kernel/portable/GCC/ARM_CM4F/port.o
                0x0000461c                vPortExitCritical
 .text.SysTick_Handler
                0x00004670       0x44 ./freertos/freertos_kernel/portable/GCC/ARM_CM4F/port.o
                0x00004670                SysTick_Handler
 .text.vPortSetupTimerInterrupt
                0x000046b4       0x48 ./freertos/freertos_kernel/portable/GCC/ARM_CM4F/port.o
                0x000046b4                vPortSetupTimerInterrupt
 .text.vPortEnableVFP
                0x000046fc       0x14 ./freertos/freertos_kernel/portable/GCC/ARM_CM4F/port.o
 .text.vPortValidateInterruptPriority
                0x00004710       0x84 ./freertos/freertos_kernel/portable/GCC/ARM_CM4F/port.o
                0x00004710                vPortValidateInterruptPriority
 .text.xQueueGenericReset
                0x00004794       0xd4 ./freertos/freertos_kernel/queue.o
                0x00004794                xQueueGenericReset
 .text.xQueueGenericSend
                0x00004868      0x204 ./freertos/freertos_kernel/queue.o
                0x00004868                xQueueGenericSend
 .text.xQueueReceive
                0x00004a6c      0x1c4 ./freertos/freertos_kernel/queue.o
                0x00004a6c                xQueueReceive
 .text.xQueueSemaphoreTake
                0x00004c30      0x224 ./freertos/freertos_kernel/queue.o
                0x00004c30                xQueueSemaphoreTake
 .text.vQueueAddToRegistry
                0x00004e54       0x54 ./freertos/freertos_kernel/queue.o
                0x00004e54                vQueueAddToRegistry
 .text.prvAddNewTaskToReadyList
                0x00004ea8       0xdc ./freertos/freertos_kernel/tasks.o
 .text.vTaskDelayUntil
                0x00004f84      0x100 ./freertos/freertos_kernel/tasks.o
                0x00004f84                vTaskDelayUntil
 .text.vTaskDelay
                0x00005084       0x6c ./freertos/freertos_kernel/tasks.o
                0x00005084                vTaskDelay
 .text.vTaskStartScheduler
                0x000050f0       0x9c ./freertos/freertos_kernel/tasks.o
                0x000050f0                vTaskStartScheduler
 .text.vTaskSuspendAll
                0x0000518c       0x1c ./freertos/freertos_kernel/tasks.o
                0x0000518c                vTaskSuspendAll
 .text.xTaskResumeAll
                0x000051a8      0x13c ./freertos/freertos_kernel/tasks.o
                0x000051a8                xTaskResumeAll
 .text.xTaskGetTickCount
                0x000052e4       0x20 ./freertos/freertos_kernel/tasks.o
                0x000052e4                xTaskGetTickCount
 .text.xTaskIncrementTick
                0x00005304      0x158 ./freertos/freertos_kernel/tasks.o
                0x00005304                xTaskIncrementTick
 .text.vTaskSwitchContext
                0x0000545c       0xb8 ./freertos/freertos_kernel/tasks.o
                0x0000545c                vTaskSwitchContext
 .text.vTaskPlaceOnEventList
                0x00005514       0x4c ./freertos/freertos_kernel/tasks.o
                0x00005514                vTaskPlaceOnEventList
 .text.vTaskPlaceOnEventListRestricted
                0x00005560       0x58 ./freertos/freertos_kernel/tasks.o
                0x00005560                vTaskPlaceOnEventListRestricted
 .text.xTaskRemoveFromEventList
                0x000055b8       0xc8 ./freertos/freertos_kernel/tasks.o
                0x000055b8                xTaskRemoveFromEventList
 .text.vTaskInternalSetTimeOutState
                0x00005680       0x2c ./freertos/freertos_kernel/tasks.o
                0x00005680                vTaskInternalSetTimeOutState
 .text.xTaskCheckForTimeOut
                0x000056ac       0xc8 ./freertos/freertos_kernel/tasks.o
                0x000056ac                xTaskCheckForTimeOut
 .text.vTaskMissedYield
                0x00005774       0x18 ./freertos/freertos_kernel/tasks.o
                0x00005774                vTaskMissedYield
 .text.prvIdleTask
                0x0000578c       0x30 ./freertos/freertos_kernel/tasks.o
 .text.prvInitialiseTaskLists
                0x000057bc       0x80 ./freertos/freertos_kernel/tasks.o
 .text.prvCheckTasksWaitingTermination
                0x0000583c       0x5c ./freertos/freertos_kernel/tasks.o
 .text.prvResetNextTaskUnblockTime
                0x00005898       0x40 ./freertos/freertos_kernel/tasks.o
 .text.xTaskGetSchedulerState
                0x000058d8       0x3c ./freertos/freertos_kernel/tasks.o
                0x000058d8                xTaskGetSchedulerState
 .text.xTaskPriorityInherit
                0x00005914       0xec ./freertos/freertos_kernel/tasks.o
                0x00005914                xTaskPriorityInherit
 .text.xTaskPriorityDisinherit
                0x00005a00      0x110 ./freertos/freertos_kernel/tasks.o
                0x00005a00                xTaskPriorityDisinherit
 .text.vTaskPriorityDisinheritAfterTimeout
                0x00005b10      0x120 ./freertos/freertos_kernel/tasks.o
                0x00005b10                vTaskPriorityDisinheritAfterTimeout
 .text.pvTaskIncrementMutexHeldCount
                0x00005c30       0x28 ./freertos/freertos_kernel/tasks.o
                0x00005c30                pvTaskIncrementMutexHeldCount
 .text.prvAddCurrentTaskToDelayedList
                0x00005c58       0xcc ./freertos/freertos_kernel/tasks.o
 .text.xTimerCreateTimerTask
                0x00005d24       0x64 ./freertos/freertos_kernel/timers.o
                0x00005d24                xTimerCreateTimerTask
 .text.xTimerGenericCommand
                0x00005d88       0x9c ./freertos/freertos_kernel/timers.o
                0x00005d88                xTimerGenericCommand
 .text.prvProcessExpiredTimer
                0x00005e24       0x9c ./freertos/freertos_kernel/timers.o
 .text.prvProcessTimerOrBlockTask
                0x00005ec0       0x9c ./freertos/freertos_kernel/timers.o
 .text.prvGetNextExpireTime
                0x00005f5c       0x48 ./freertos/freertos_kernel/timers.o
 .text.prvSampleTimeNow
                0x00005fa4       0x40 ./freertos/freertos_kernel/timers.o
 .text.prvInsertTimerInActiveList
                0x00005fe4       0x84 ./freertos/freertos_kernel/timers.o
 .text.prvProcessReceivedCommands
                0x00006068      0x1cc ./freertos/freertos_kernel/timers.o
 .text.prvSwitchTimerLists
                0x00006234       0xcc ./freertos/freertos_kernel/timers.o
 .text.prvCheckForValidListAndQueue
                0x00006300       0x6c ./freertos/freertos_kernel/timers.o
 .text.CLOCK_GetAsyncApbClkSrc
                0x0000636c       0x24 ./drivers/fsl_clock.o
 .text.CLOCK_AttachClk
                0x00006390       0x94 ./drivers/fsl_clock.o
                0x00006390                CLOCK_AttachClk
 .text.CLOCK_SetClkDiv
                0x00006424       0x5c ./drivers/fsl_clock.o
                0x00006424                CLOCK_SetClkDiv
 .text.CLOCK_SetupFROClocking
                0x00006480       0xc4 ./drivers/fsl_clock.o
                0x00006480                CLOCK_SetupFROClocking
 .text.CLOCK_GetClockOutClkFreq
                0x00006544       0xa0 ./drivers/fsl_clock.o
                0x00006544                CLOCK_GetClockOutClkFreq
 .text.CLOCK_GetMclkClkFreq
                0x000065e4       0x70 ./drivers/fsl_clock.o
                0x000065e4                CLOCK_GetMclkClkFreq
 .text.CLOCK_GetFro12MFreq
                0x00006654       0x28 ./drivers/fsl_clock.o
                0x00006654                CLOCK_GetFro12MFreq
 .text.CLOCK_GetExtClkFreq
                0x0000667c       0x14 ./drivers/fsl_clock.o
                0x0000667c                CLOCK_GetExtClkFreq
 .text.CLOCK_GetWdtOscFreq
                0x00006690       0x68 ./drivers/fsl_clock.o
                0x00006690                CLOCK_GetWdtOscFreq
 .text.CLOCK_GetFroHfFreq
                0x000066f8       0x50 ./drivers/fsl_clock.o
                0x000066f8                CLOCK_GetFroHfFreq
 .text.CLOCK_GetPllOutFreq
                0x00006748       0x18 ./drivers/fsl_clock.o
                0x00006748                CLOCK_GetPllOutFreq
 .text.CLOCK_GetAudioPllOutFreq
                0x00006760       0x18 ./drivers/fsl_clock.o
                0x00006760                CLOCK_GetAudioPllOutFreq
 .text.CLOCK_GetUsbPllOutFreq
                0x00006778       0x18 ./drivers/fsl_clock.o
                0x00006778                CLOCK_GetUsbPllOutFreq
 .text.CLOCK_GetCoreSysClkFreq
                0x00006790       0x9c ./drivers/fsl_clock.o
                0x00006790                CLOCK_GetCoreSysClkFreq
 .text.CLOCK_GetAsyncApbClkFreq
                0x0000682c       0x3c ./drivers/fsl_clock.o
                0x0000682c                CLOCK_GetAsyncApbClkFreq
 .text.CLOCK_GetFRGInputClock
                0x00006868       0x60 ./drivers/fsl_clock.o
                0x00006868                CLOCK_GetFRGInputClock
 .text.CLOCK_GetFreq
                0x000068c8       0xd4 ./drivers/fsl_clock.o
                0x000068c8                CLOCK_GetFreq
 .text.CLOCK_SetFLASHAccessCyclesForFreq
                0x0000699c       0xd0 ./drivers/fsl_clock.o
                0x0000699c                CLOCK_SetFLASHAccessCyclesForFreq
 .text.CLOCK_SetPLLFreq
                0x00006a6c      0x128 ./drivers/fsl_clock.o
                0x00006a6c                CLOCK_SetPLLFreq
 .text.SDK_DelayAtLeastUs
                0x00006b94       0x94 ./drivers/fsl_common.o
                0x00006b94                SDK_DelayAtLeastUs
 .text.__NVIC_EnableIRQ
                0x00006c28       0x3c ./drivers/fsl_ctimer.o
 .text.CLOCK_EnableClock
                0x00006c64       0x54 ./drivers/fsl_ctimer.o
 .text.CTIMER_GetInstance
                0x00006cb8       0x54 ./drivers/fsl_ctimer.o
 .text.CTIMER_Init
                0x00006d0c       0x74 ./drivers/fsl_ctimer.o
                0x00006d0c                CTIMER_Init
 .text.CTIMER_SetupPwmPeriod
                0x00006d80       0xc4 ./drivers/fsl_ctimer.o
                0x00006d80                CTIMER_SetupPwmPeriod
 .text.CTIMER_SetupCapture
                0x00006e44       0xa0 ./drivers/fsl_ctimer.o
                0x00006e44                CTIMER_SetupCapture
 .text.CTIMER_RegisterCallBack
                0x00006ee4       0x3c ./drivers/fsl_ctimer.o
                0x00006ee4                CTIMER_RegisterCallBack
 .text.CTIMER_GenericIRQHandler
                0x00006f20       0xbc ./drivers/fsl_ctimer.o
                0x00006f20                CTIMER_GenericIRQHandler
 .text.__NVIC_EnableIRQ
                0x00006fdc       0x3c ./drivers/fsl_dma.o
 .text.CLOCK_EnableClock
                0x00007018       0x54 ./drivers/fsl_dma.o
 .text.DMA_ChannelIsActive
                0x0000706c       0x50 ./drivers/fsl_dma.o
 .text.DMA_EnableChannelInterrupts
                0x000070bc       0x58 ./drivers/fsl_dma.o
 .text.DMA_EnableChannel
                0x00007114       0x58 ./drivers/fsl_dma.o
 .text.DMA_DisableChannel
                0x0000716c       0x58 ./drivers/fsl_dma.o
 .text.DMA_EnableChannelPeriphRq
                0x000071c4       0x40 ./drivers/fsl_dma.o
 .text.DMA_DisableChannelPeriphRq
                0x00007204       0x40 ./drivers/fsl_dma.o
 .text.DMA_GetInstance
                0x00007244       0x44 ./drivers/fsl_dma.o
 .text.DMA_Init
                0x00007288       0x54 ./drivers/fsl_dma.o
                0x00007288                DMA_Init
 .text.DMA_SetupXferCFG
                0x000072dc      0x148 ./drivers/fsl_dma.o
 .text.DMA_SetupDescriptor
                0x00007424      0x124 ./drivers/fsl_dma.o
                0x00007424                DMA_SetupDescriptor
 .text.DMA_CreateDescriptor
                0x00007548       0x94 ./drivers/fsl_dma.o
                0x00007548                DMA_CreateDescriptor
 .text.DMA_AbortTransfer
                0x000075dc       0xa8 ./drivers/fsl_dma.o
                0x000075dc                DMA_AbortTransfer
 .text.DMA_CreateHandle
                0x00007684       0x7c ./drivers/fsl_dma.o
                0x00007684                DMA_CreateHandle
 .text.DMA_SetCallback
                0x00007700       0x30 ./drivers/fsl_dma.o
                0x00007700                DMA_SetCallback
 .text.DMA_PrepareTransfer
                0x00007730      0x140 ./drivers/fsl_dma.o
                0x00007730                DMA_PrepareTransfer
 .text.DMA_SubmitTransfer
                0x00007870       0xd8 ./drivers/fsl_dma.o
                0x00007870                DMA_SubmitTransfer
 .text.DMA_StartTransfer
                0x00007948       0x80 ./drivers/fsl_dma.o
                0x00007948                DMA_StartTransfer
 .text.DMA_IRQHandle
                0x000079c8      0x168 ./drivers/fsl_dma.o
                0x000079c8                DMA_IRQHandle
 .text.DMA0_DriverIRQHandler
                0x00007b30       0x18 ./drivers/fsl_dma.o
                0x00007b30                DMA0_DriverIRQHandler
 .text.CLOCK_EnableClock
                0x00007b48       0x54 ./drivers/fsl_eeprom.o
 .text.EEPROM_GetInstance
                0x00007b9c       0x44 ./drivers/fsl_eeprom.o
 .text.EEPROM_Init
                0x00007be0       0xf0 ./drivers/fsl_eeprom.o
                0x00007be0                EEPROM_Init
 .text.CLOCK_EnableClock
                0x00007cd0       0x54 ./drivers/fsl_flexcomm.o
 .text.FLEXCOMM_GetInstance
                0x00007d24       0x50 ./drivers/fsl_flexcomm.o
                0x00007d24                FLEXCOMM_GetInstance
 .text.FLEXCOMM_Init
                0x00007d74       0x50 ./drivers/fsl_flexcomm.o
                0x00007d74                FLEXCOMM_Init
 .text.FLEXCOMM_SetIRQHandler
                0x00007dc4       0x48 ./drivers/fsl_flexcomm.o
                0x00007dc4                FLEXCOMM_SetIRQHandler
 .text.FLEXCOMM0_DriverIRQHandler
                0x00007e0c       0x3c ./drivers/fsl_flexcomm.o
                0x00007e0c                FLEXCOMM0_DriverIRQHandler
 .text.FLEXCOMM1_DriverIRQHandler
                0x00007e48       0x3c ./drivers/fsl_flexcomm.o
                0x00007e48                FLEXCOMM1_DriverIRQHandler
 .text.FLEXCOMM2_DriverIRQHandler
                0x00007e84       0x3c ./drivers/fsl_flexcomm.o
                0x00007e84                FLEXCOMM2_DriverIRQHandler
 .text.FLEXCOMM3_DriverIRQHandler
                0x00007ec0       0x3c ./drivers/fsl_flexcomm.o
                0x00007ec0                FLEXCOMM3_DriverIRQHandler
 .text.FLEXCOMM4_DriverIRQHandler
                0x00007efc       0x3c ./drivers/fsl_flexcomm.o
                0x00007efc                FLEXCOMM4_DriverIRQHandler
 .text.FLEXCOMM5_DriverIRQHandler
                0x00007f38       0x3c ./drivers/fsl_flexcomm.o
                0x00007f38                FLEXCOMM5_DriverIRQHandler
 .text.FLEXCOMM6_DriverIRQHandler
                0x00007f74       0x3c ./drivers/fsl_flexcomm.o
                0x00007f74                FLEXCOMM6_DriverIRQHandler
 .text.FLEXCOMM7_DriverIRQHandler
                0x00007fb0       0x3c ./drivers/fsl_flexcomm.o
                0x00007fb0                FLEXCOMM7_DriverIRQHandler
 .text.FLEXCOMM8_DriverIRQHandler
                0x00007fec       0x3c ./drivers/fsl_flexcomm.o
                0x00007fec                FLEXCOMM8_DriverIRQHandler
 .text.FLEXCOMM9_DriverIRQHandler
                0x00008028       0x3c ./drivers/fsl_flexcomm.o
                0x00008028                FLEXCOMM9_DriverIRQHandler
 .text.I2C_GetInstance
                0x00008064       0x4c ./drivers/fsl_i2c.o
                0x00008064                I2C_GetInstance
 .text.I2C_MasterGetDefaultConfig
                0x000080b0       0x30 ./drivers/fsl_i2c.o
                0x000080b0                I2C_MasterGetDefaultConfig
 .text.I2C_MasterSetBaudRate
                0x000080e0       0xd4 ./drivers/fsl_i2c.o
                0x000080e0                I2C_MasterSetBaudRate
 .text.__NVIC_EnableIRQ
                0x000081b4       0x3c ./drivers/fsl_i2c_dma.o
 .text.I2C_RunDMATransfer
                0x000081f0       0xe8 ./drivers/fsl_i2c_dma.o
 .text.I2C_RunTransferStateMachineDMA
                0x000082d8      0x34c ./drivers/fsl_i2c_dma.o
 .text.I2C_MasterTransferCreateHandleDMA
                0x00008624       0xbc ./drivers/fsl_i2c_dma.o
                0x00008624                I2C_MasterTransferCreateHandleDMA
 .text.I2C_MasterTransferDMA
                0x000086e0       0x74 ./drivers/fsl_i2c_dma.o
                0x000086e0                I2C_MasterTransferDMA
 .text.RESET_SetPeripheralReset
                0x00008754       0x7c ./drivers/fsl_reset.o
                0x00008754                RESET_SetPeripheralReset
 .text.RESET_ClearPeripheralReset
                0x000087d0       0x80 ./drivers/fsl_reset.o
                0x000087d0                RESET_ClearPeripheralReset
 .text.CLOCK_EnableClock
                0x00008850       0x54 ./drivers/fsl_rit.o
 .text.RIT_GetInstance
                0x000088a4       0x44 ./drivers/fsl_rit.o
 .text.RIT_Init
                0x000088e8       0x68 ./drivers/fsl_rit.o
                0x000088e8                RIT_Init
 .text.SystemInit
                0x00008950       0x40 ./device/system_LPC54628.o
                0x00008950                SystemInit
 .text.BOARD_BootClockPLL220M
                0x00008990       0xc4 ./board/clock_config.o
                0x00008990                BOARD_BootClockPLL220M
 .text.CLOCK_EnableClock
                0x00008a54       0x54 ./board/pin_mux.o
 .text.BOARD_InitPins
                0x00008aa8       0x74 ./board/pin_mux.o
                0x00008aa8                BOARD_InitPins
 .text.BOARD_InitLEDsPins
                0x00008b1c       0xb0 ./board/pin_mux.o
                0x00008b1c                BOARD_InitLEDsPins
 .text.POWER_SetVoltageForFreq
                0x00008bcc       0x44 C:\Users\Tobias\Documents\GitHub\nxp-proj\libs\libpower_hardabi.a(fsl_power_lib.o)
                0x00008bcc                POWER_SetVoltageForFreq
 .text.POWER_SetPLL
                0x00008c10       0x1c C:\Users\Tobias\Documents\GitHub\nxp-proj\libs\libpower_hardabi.a(fsl_power_lib.o)
                0x00008c10                POWER_SetPLL
 .text.malloc   0x00008c2c       0xe8 c:/nxp/mcuxpressoide_11.8.0_1165/ide/plugins/com.nxp.mcuxpresso.tools.win32_11.8.0.202306131047/tools/bin/../lib/gcc/arm-none-eabi/12.2.1/../../../../arm-none-eabi/lib/thumb/v7e-m+fp/hard\libcr_c.a(alloc.o)
                0x00008c2c                malloc
 .text._Csys_alloc
                0x00008d14       0x20 c:/nxp/mcuxpressoide_11.8.0_1165/ide/plugins/com.nxp.mcuxpresso.tools.win32_11.8.0.202306131047/tools/bin/../lib/gcc/arm-none-eabi/12.2.1/../../../../arm-none-eabi/lib/thumb/v7e-m+fp/hard\libcr_c.a(alloc.o)
                0x00008d14                _Csys_alloc
 .text._initio  0x00008d34       0x78 c:/nxp/mcuxpressoide_11.8.0_1165/ide/plugins/com.nxp.mcuxpresso.tools.win32_11.8.0.202306131047/tools/bin/../lib/gcc/arm-none-eabi/12.2.1/../../../../arm-none-eabi/lib/thumb/v7e-m+fp/hard\libcr_c.a(initio.o)
                0x00008d34                _initio
 .text.__vfprintf
                0x00008dac      0xb80 c:/nxp/mcuxpressoide_11.8.0_1165/ide/plugins/com.nxp.mcuxpresso.tools.win32_11.8.0.202306131047/tools/bin/../lib/gcc/arm-none-eabi/12.2.1/../../../../arm-none-eabi/lib/thumb/v7e-m+fp/hard\libcr_c.a(printf.o)
                0x00008dac                __vfprintf
 .text._sprintf
                0x0000992c       0x6c c:/nxp/mcuxpressoide_11.8.0_1165/ide/plugins/com.nxp.mcuxpresso.tools.win32_11.8.0.202306131047/tools/bin/../lib/gcc/arm-none-eabi/12.2.1/../../../../arm-none-eabi/lib/thumb/v7e-m+fp/hard\libcr_c.a(printf.o)
                0x0000992c                _sprintf
 .text._vsnprintf
                0x00009998       0x68 c:/nxp/mcuxpressoide_11.8.0_1165/ide/plugins/com.nxp.mcuxpresso.tools.win32_11.8.0.202306131047/tools/bin/../lib/gcc/arm-none-eabi/12.2.1/../../../../arm-none-eabi/lib/thumb/v7e-m+fp/hard\libcr_c.a(printf.o)
                0x00009998                _vsnprintf
 .text._printf  0x00009a00       0x54 c:/nxp/mcuxpressoide_11.8.0_1165/ide/plugins/com.nxp.mcuxpresso.tools.win32_11.8.0.202306131047/tools/bin/../lib/gcc/arm-none-eabi/12.2.1/../../../../arm-none-eabi/lib/thumb/v7e-m+fp/hard\libcr_c.a(printf.o)
                0x00009a00                _printf
 .text._sbrk    0x00009a54       0x3c c:/nxp/mcuxpressoide_11.8.0_1165/ide/plugins/com.nxp.mcuxpresso.tools.win32_11.8.0.202306131047/tools/bin/../lib/gcc/arm-none-eabi/12.2.1/../../../../arm-none-eabi/lib/thumb/v7e-m+fp/hard\libcr_c.a(_cr_sbrk.o)
                0x00009a54                _sbrk
 .text._Cwritebuf
                0x00009a90       0x6c c:/nxp/mcuxpressoide_11.8.0_1165/ide/plugins/com.nxp.mcuxpresso.tools.win32_11.8.0.202306131047/tools/bin/../lib/gcc/arm-none-eabi/12.2.1/../../../../arm-none-eabi/lib/thumb/v7e-m+fp/hard\libcr_c.a(_writebuf.o)
                0x00009a90                _Cwritebuf
 .text.fflush   0x00009afc       0x3c c:/nxp/mcuxpressoide_11.8.0_1165/ide/plugins/com.nxp.mcuxpresso.tools.win32_11.8.0.202306131047/tools/bin/../lib/gcc/arm-none-eabi/12.2.1/../../../../arm-none-eabi/lib/thumb/v7e-m+fp/hard\libcr_c.a(fflush.o)
                0x00009afc                fflush
 .text.fseek    0x00009b38       0xf8 c:/nxp/mcuxpressoide_11.8.0_1165/ide/plugins/com.nxp.mcuxpresso.tools.win32_11.8.0.202306131047/tools/bin/../lib/gcc/arm-none-eabi/12.2.1/../../../../arm-none-eabi/lib/thumb/v7e-m+fp/hard\libcr_c.a(fseek.o)
                0x00009b38                fseek
 .text.ftell    0x00009c30       0x44 c:/nxp/mcuxpressoide_11.8.0_1165/ide/plugins/com.nxp.mcuxpresso.tools.win32_11.8.0.202306131047/tools/bin/../lib/gcc/arm-none-eabi/12.2.1/../../../../arm-none-eabi/lib/thumb/v7e-m+fp/hard\libcr_c.a(ftell.o)
                0x00009c30                ftell
 .text.__check_heap_overflow
                0x00009c74       0x18 c:/nxp/mcuxpressoide_11.8.0_1165/ide/plugins/com.nxp.mcuxpresso.tools.win32_11.8.0.202306131047/tools/bin/../lib/gcc/arm-none-eabi/12.2.1/../../../../arm-none-eabi/lib/thumb/v7e-m+fp/hard\libcr_c.a(_cr_check_heap.o)
                0x00009c74                __check_heap_overflow
 .text.__aeabi_dmul
                0x00009c8c       0xfc c:/nxp/mcuxpressoide_11.8.0_1165/ide/plugins/com.nxp.mcuxpresso.tools.win32_11.8.0.202306131047/tools/bin/../lib/gcc/arm-none-eabi/12.2.1/thumb/v7e-m+fp/hard\libcr_eabihelpers.a(double.o)
                0x00009c8c                __aeabi_dmul
 .text.__aeabi_ddiv
                0x00009d88      0x12c c:/nxp/mcuxpressoide_11.8.0_1165/ide/plugins/com.nxp.mcuxpresso.tools.win32_11.8.0.202306131047/tools/bin/../lib/gcc/arm-none-eabi/12.2.1/thumb/v7e-m+fp/hard\libcr_eabihelpers.a(double.o)
                0x00009d88                __aeabi_ddiv
 .text.__aeabi_dsub
                0x00009eb4      0x1b4 c:/nxp/mcuxpressoide_11.8.0_1165/ide/plugins/com.nxp.mcuxpresso.tools.win32_11.8.0.202306131047/tools/bin/../lib/gcc/arm-none-eabi/12.2.1/thumb/v7e-m+fp/hard\libcr_eabihelpers.a(double.o)
                0x00009eb4                __aeabi_dsub
 .text.__aeabi_dadd
                0x0000a068      0x138 c:/nxp/mcuxpressoide_11.8.0_1165/ide/plugins/com.nxp.mcuxpresso.tools.win32_11.8.0.202306131047/tools/bin/../lib/gcc/arm-none-eabi/12.2.1/thumb/v7e-m+fp/hard\libcr_eabihelpers.a(double.o)
                0x0000a068                __aeabi_dadd
 .text.__sys_appexit
                0x0000a1a0        0xc c:/nxp/mcuxpressoide_11.8.0_1165/ide/plugins/com.nxp.mcuxpresso.tools.win32_11.8.0.202306131047/tools/bin/../lib/gcc/arm-none-eabi/12.2.1/../../../../arm-none-eabi/lib/thumb/v7e-m+fp/hard\libcr_semihost_nf.a(__sys_appexit.o)
                0x0000a1a0                __sys_appexit
                0x0000a1a0                __exit
 .text.WDT_BOD_IRQHandler
                0x0000a1ac        0x8 ./startup/startup_lpc54628.o
                0x0000a1ac                WDT_BOD_IRQHandler
 .text.DMA0_IRQHandler
                0x0000a1b4        0x8 ./startup/startup_lpc54628.o
                0x0000a1b4                DMA0_IRQHandler
 .text.GINT0_IRQHandler
                0x0000a1bc        0x8 ./startup/startup_lpc54628.o
                0x0000a1bc                GINT0_IRQHandler
 .text.GINT1_IRQHandler
                0x0000a1c4        0x8 ./startup/startup_lpc54628.o
                0x0000a1c4                GINT1_IRQHandler
 .text.PIN_INT0_IRQHandler
                0x0000a1cc        0x8 ./startup/startup_lpc54628.o
                0x0000a1cc                PIN_INT0_IRQHandler
 .text.PIN_INT1_IRQHandler
                0x0000a1d4        0x8 ./startup/startup_lpc54628.o
                0x0000a1d4                PIN_INT1_IRQHandler
 .text.PIN_INT2_IRQHandler
                0x0000a1dc        0x8 ./startup/startup_lpc54628.o
                0x0000a1dc                PIN_INT2_IRQHandler
 .text.PIN_INT3_IRQHandler
                0x0000a1e4        0x8 ./startup/startup_lpc54628.o
                0x0000a1e4                PIN_INT3_IRQHandler
 .text.UTICK0_IRQHandler
                0x0000a1ec        0x8 ./startup/startup_lpc54628.o
                0x0000a1ec                UTICK0_IRQHandler
 .text.MRT0_IRQHandler
                0x0000a1f4        0x8 ./startup/startup_lpc54628.o
                0x0000a1f4                MRT0_IRQHandler
 .text.CTIMER1_IRQHandler
                0x0000a1fc        0x8 ./startup/startup_lpc54628.o
                0x0000a1fc                CTIMER1_IRQHandler
 .text.CTIMER3_IRQHandler
                0x0000a204        0x8 ./startup/startup_lpc54628.o
                0x0000a204                CTIMER3_IRQHandler
 .text.FLEXCOMM0_IRQHandler
                0x0000a20c        0x8 ./startup/startup_lpc54628.o
                0x0000a20c                FLEXCOMM0_IRQHandler
 .text.FLEXCOMM1_IRQHandler
                0x0000a214        0x8 ./startup/startup_lpc54628.o
                0x0000a214                FLEXCOMM1_IRQHandler
 .text.FLEXCOMM2_IRQHandler
                0x0000a21c        0x8 ./startup/startup_lpc54628.o
                0x0000a21c                FLEXCOMM2_IRQHandler
 .text.FLEXCOMM3_IRQHandler
                0x0000a224        0x8 ./startup/startup_lpc54628.o
                0x0000a224                FLEXCOMM3_IRQHandler
 .text.FLEXCOMM4_IRQHandler
                0x0000a22c        0x8 ./startup/startup_lpc54628.o
                0x0000a22c                FLEXCOMM4_IRQHandler
 .text.FLEXCOMM5_IRQHandler
                0x0000a234        0x8 ./startup/startup_lpc54628.o
                0x0000a234                FLEXCOMM5_IRQHandler
 .text.FLEXCOMM6_IRQHandler
                0x0000a23c        0x8 ./startup/startup_lpc54628.o
                0x0000a23c                FLEXCOMM6_IRQHandler
 .text.FLEXCOMM7_IRQHandler
                0x0000a244        0x8 ./startup/startup_lpc54628.o
                0x0000a244                FLEXCOMM7_IRQHandler
 .text.ADC0_SEQB_IRQHandler
                0x0000a24c        0x8 ./startup/startup_lpc54628.o
                0x0000a24c                ADC0_SEQB_IRQHandler
 .text.ADC0_THCMP_IRQHandler
                0x0000a254        0x8 ./startup/startup_lpc54628.o
                0x0000a254                ADC0_THCMP_IRQHandler
 .text.DMIC0_IRQHandler
                0x0000a25c        0x8 ./startup/startup_lpc54628.o
                0x0000a25c                DMIC0_IRQHandler
 .text.HWVAD0_IRQHandler
                0x0000a264        0x8 ./startup/startup_lpc54628.o
                0x0000a264                HWVAD0_IRQHandler
 .text.USB0_NEEDCLK_IRQHandler
                0x0000a26c        0x8 ./startup/startup_lpc54628.o
                0x0000a26c                USB0_NEEDCLK_IRQHandler
 .text.USB0_IRQHandler
                0x0000a274        0x8 ./startup/startup_lpc54628.o
                0x0000a274                USB0_IRQHandler
 .text.RTC_IRQHandler
                0x0000a27c        0x8 ./startup/startup_lpc54628.o
                0x0000a27c                RTC_IRQHandler
 .text.Reserved46_IRQHandler
                0x0000a284        0x8 ./startup/startup_lpc54628.o
                0x0000a284                Reserved46_IRQHandler
 .text.Reserved47_IRQHandler
                0x0000a28c        0x8 ./startup/startup_lpc54628.o
                0x0000a28c                Reserved47_IRQHandler
 .text.PIN_INT4_IRQHandler
                0x0000a294        0x8 ./startup/startup_lpc54628.o
                0x0000a294                PIN_INT4_IRQHandler
 .text.PIN_INT5_IRQHandler
                0x0000a29c        0x8 ./startup/startup_lpc54628.o
                0x0000a29c                PIN_INT5_IRQHandler
 .text.PIN_INT6_IRQHandler
                0x0000a2a4        0x8 ./startup/startup_lpc54628.o
                0x0000a2a4                PIN_INT6_IRQHandler
 .text.PIN_INT7_IRQHandler
                0x0000a2ac        0x8 ./startup/startup_lpc54628.o
                0x0000a2ac                PIN_INT7_IRQHandler
 .text.CTIMER2_IRQHandler
                0x0000a2b4        0x8 ./startup/startup_lpc54628.o
                0x0000a2b4                CTIMER2_IRQHandler
 .text.SPIFI0_IRQHandler
                0x0000a2bc        0x8 ./startup/startup_lpc54628.o
                0x0000a2bc                SPIFI0_IRQHandler
 .text.FLEXCOMM8_IRQHandler
                0x0000a2c4        0x8 ./startup/startup_lpc54628.o
                0x0000a2c4                FLEXCOMM8_IRQHandler
 .text.FLEXCOMM9_IRQHandler
                0x0000a2cc        0x8 ./startup/startup_lpc54628.o
                0x0000a2cc                FLEXCOMM9_IRQHandler
 .text.SDIO_IRQHandler
                0x0000a2d4        0x8 ./startup/startup_lpc54628.o
                0x0000a2d4                SDIO_IRQHandler
 .text.CAN0_IRQ0_IRQHandler
                0x0000a2dc        0x8 ./startup/startup_lpc54628.o
                0x0000a2dc                CAN0_IRQ0_IRQHandler
 .text.CAN0_IRQ1_IRQHandler
                0x0000a2e4        0x8 ./startup/startup_lpc54628.o
                0x0000a2e4                CAN0_IRQ1_IRQHandler
 .text.CAN1_IRQ0_IRQHandler
                0x0000a2ec        0x8 ./startup/startup_lpc54628.o
                0x0000a2ec                CAN1_IRQ0_IRQHandler
 .text.CAN1_IRQ1_IRQHandler
                0x0000a2f4        0x8 ./startup/startup_lpc54628.o
                0x0000a2f4                CAN1_IRQ1_IRQHandler
 .text.USB1_IRQHandler
                0x0000a2fc        0x8 ./startup/startup_lpc54628.o
                0x0000a2fc                USB1_IRQHandler
 .text.USB1_NEEDCLK_IRQHandler
                0x0000a304        0x8 ./startup/startup_lpc54628.o
                0x0000a304                USB1_NEEDCLK_IRQHandler
 .text.ETHERNET_IRQHandler
                0x0000a30c        0x8 ./startup/startup_lpc54628.o
                0x0000a30c                ETHERNET_IRQHandler
 .text.ETHERNET_PMT_IRQHandler
                0x0000a314        0x8 ./startup/startup_lpc54628.o
                0x0000a314                ETHERNET_PMT_IRQHandler
 .text.ETHERNET_MACLP_IRQHandler
                0x0000a31c        0x8 ./startup/startup_lpc54628.o
                0x0000a31c                ETHERNET_MACLP_IRQHandler
 .text.EEPROM_IRQHandler
                0x0000a324        0x8 ./startup/startup_lpc54628.o
                0x0000a324                EEPROM_IRQHandler
 .text.LCD_IRQHandler
                0x0000a32c        0x8 ./startup/startup_lpc54628.o
                0x0000a32c                LCD_IRQHandler
 .text.SHA_IRQHandler
                0x0000a334        0x8 ./startup/startup_lpc54628.o
                0x0000a334                SHA_IRQHandler
 .text.SMARTCARD0_IRQHandler
                0x0000a33c        0x8 ./startup/startup_lpc54628.o
                0x0000a33c                SMARTCARD0_IRQHandler
 .text.SMARTCARD1_IRQHandler
                0x0000a344        0x8 ./startup/startup_lpc54628.o
                0x0000a344                SMARTCARD1_IRQHandler
 .text.CTIMER_StartTimer
                0x0000a34c       0x20 ./source/servo/servo.o
 .text.CTIMER_GetTimerCountValue
                0x0000a36c       0x18 ./source/rpmMeas/rpmMeas.o
 .text.CTIMER_StartTimer
                0x0000a384       0x20 ./source/rpmMeas/rpmMeas.o
 .text.EnableIRQ
                0x0000a3a4       0x2c ./source/hmi/input_devices/input_devices.o
 .text.DisableIRQ
                0x0000a3d0       0x2c ./source/hmi/input_devices/input_devices.o
 .text.GPIO_PinRead
                0x0000a3fc       0x28 ./source/hmi/input_devices/input_devices.o
 .text.RIT_ClearStatusFlags
                0x0000a424       0x22 ./source/hmi/input_devices/input_devices.o
 .text.RIT_StartTimer
                0x0000a446       0x20 ./source/hmi/input_devices/input_devices.o
 .text.RIT_SetCountAutoClear
                0x0000a466       0x38 ./source/hmi/input_devices/input_devices.o
 .text.re_init  0x0000a49e       0x1a ./source/hmi/input_devices/rotary_encode.o
                0x0000a49e                re_init
 .text.re_get_pos
                0x0000a4b8       0x22 ./source/hmi/input_devices/rotary_encode.o
                0x0000a4b8                re_get_pos
 .text.sw_init  0x0000a4da       0x2a ./source/hmi/input_devices/sw_debounce.o
                0x0000a4da                sw_init
 .text.sw_task  0x0000a504       0x80 ./source/hmi/input_devices/sw_debounce.o
                0x0000a504                sw_task
 .text.sw_get_up
                0x0000a584       0x22 ./source/hmi/input_devices/sw_debounce.o
                0x0000a584                sw_get_up
 .text.ssd1309_rtos_lock
                0x0000a5a6       0x1e ./source/hmi/hmi.o
 .text.ssd1309_rtos_unlock
                0x0000a5c4       0x1e ./source/hmi/hmi.o
 .text.menu_lock
                0x0000a5e2       0x1e ./source/hmi/hmi.o
 .text.menu_unlock
                0x0000a600       0x1e ./source/hmi/hmi.o
 .text.ssd1309_set_pos
                0x0000a61e       0x28 ./source/hmi/menu_main_screen.o
 .text.ssd1309_rtos_lock
                0x0000a646       0x1e ./source/hmi/menu_main_screen.o
 .text.ssd1309_rtos_unlock
                0x0000a664       0x1e ./source/hmi/menu_main_screen.o
 .text.ssd1309_set_pos
                0x0000a682       0x28 ./source/hmi/screen.o
 .text.ssd1309_rtos_lock
                0x0000a6aa       0x1e ./source/hmi/screen.o
 .text.ssd1309_rtos_unlock
                0x0000a6c8       0x1e ./source/hmi/screen.o
 .text.menu_lock
                0x0000a6e6       0x1e ./source/hmi/screen.o
 .text.menu_unlock
                0x0000a704       0x1e ./source/hmi/screen.o
 .text.menu_rtos_switch_handle
                0x0000a722       0x36 ./source/hmi/screen.o
 .text.menu_close
                0x0000a758       0x10 ./source/hmi/screen.o
                0x0000a758                menu_close
 .text.CTIMER_StartTimer
                0x0000a768       0x20 ./source/drive/drive.o
 .text.menu_init
                0x0000a788       0x2e ./source/display/menu/menu.o
                0x0000a788                menu_init
 .text.menu_reset
                0x0000a7b6       0x2e ./source/display/menu/menu.o
                0x0000a7b6                menu_reset
 .text.menu_click
                0x0000a7e4       0xe6 ./source/display/menu/menu.o
                0x0000a7e4                menu_click
 .text.menu_up  0x0000a8ca       0xc4 ./source/display/menu/menu.o
                0x0000a8ca                menu_up
 .text.menu_down
                0x0000a98e       0xbc ./source/display/menu/menu.o
                0x0000a98e                menu_down
 .text.menu_refresh
                0x0000aa4a       0x2e ./source/display/menu/menu.o
                0x0000aa4a                menu_refresh
 .text.menu_task
                0x0000aa78       0x20 ./source/display/menu/menu.o
                0x0000aa78                menu_task
 .text.menu_rtos_init
                0x0000aa98       0x38 ./source/display/menu/menu_rtos.o
                0x0000aa98                menu_rtos_init
 .text.i2c_m_rtos_transfer
                0x0000aad0       0x76 ./source/display/interface/i2c_rtos_interface.o
                0x0000aad0                i2c_m_rtos_transfer
 .text.ssd1309_fill
                0x0000ab46       0x44 ./source/display/driver/ssd1309.o
                0x0000ab46                ssd1309_fill
 .text.ssd1309_set_pixel
                0x0000ab8a       0xb6 ./source/display/driver/ssd1309.o
                0x0000ab8a                ssd1309_set_pixel
 .text.ssd1309_draw_rect
                0x0000ac40       0x80 ./source/display/driver/ssd1309.o
                0x0000ac40                ssd1309_draw_rect
 .text.ssd1309_write_char
                0x0000acc0      0x182 ./source/display/driver/ssd1309.o
                0x0000acc0                ssd1309_write_char
 .text.ssd1309_write_str
                0x0000ae42       0x40 ./source/display/driver/ssd1309.o
                0x0000ae42                ssd1309_write_str
 .text.ssd1309_draw_img
                0x0000ae82      0x11e ./source/display/driver/ssd1309.o
                0x0000ae82                ssd1309_draw_img
 .text.ssd1309_update
                0x0000afa0       0x2e ./source/display/driver/ssd1309.o
                0x0000afa0                ssd1309_update
 .text.ssd1309_rtos_lock
                0x0000afce       0x1e ./source/display/driver/ssd1309_rtos.o
 .text.ssd1309_rtos_unlock
                0x0000afec       0x1e ./source/display/driver/ssd1309_rtos.o
 .text.disp_refresh
                0x0000b00a       0x3c ./source/display/driver/ssd1309_rtos.o
 .text.ssd1309_set_pos
                0x0000b046       0x28 ./source/display/adapter/menu_adapter.o
 .text.ssd1309_rtos_lock
                0x0000b06e       0x1e ./source/display/adapter/menu_adapter.o
 .text.ssd1309_rtos_unlock
                0x0000b08c       0x1e ./source/display/adapter/menu_adapter.o
 .text.EnableIRQ
                0x0000b0aa       0x2c ./source/camera/camera.o
 .text.CTIMER_ClearStatusFlags
                0x0000b0d6       0x1c ./source/camera/camera.o
 .text.CTIMER_StartTimer
                0x0000b0f2       0x20 ./source/camera/camera.o
 .text.GPIO_PortSet
                0x0000b112       0x26 ./source/board/board_func.o
 .text.GPIO_PortToggle
                0x0000b138       0x26 ./source/board/board_func.o
 .text.GPIO_PortClear
                0x0000b15e       0x26 ./source/main_gustl.o
 .text.HardFault_Handler
                0x0000b184       0x2c ./source/semihost_hardfault.o
                0x0000b184                HardFault_Handler
 .text.vListInitialise
                0x0000b1b0       0x40 ./freertos/freertos_kernel/list.o
                0x0000b1b0                vListInitialise
 .text.vListInitialiseItem
                0x0000b1f0       0x1a ./freertos/freertos_kernel/list.o
                0x0000b1f0                vListInitialiseItem
 .text.vListInsertEnd
                0x0000b20a       0x48 ./freertos/freertos_kernel/list.o
                0x0000b20a                vListInsertEnd
 .text.vListInsert
                0x0000b252       0x72 ./freertos/freertos_kernel/list.o
                0x0000b252                vListInsert
 .text.uxListRemove
                0x0000b2c4       0x54 ./freertos/freertos_kernel/list.o
                0x0000b2c4                uxListRemove
 .text.xQueueGenericCreate
                0x0000b318       0x6e ./freertos/freertos_kernel/queue.o
                0x0000b318                xQueueGenericCreate
 .text.prvInitialiseNewQueue
                0x0000b386       0x46 ./freertos/freertos_kernel/queue.o
 .text.prvInitialiseMutex
                0x0000b3cc       0x34 ./freertos/freertos_kernel/queue.o
 .text.xQueueCreateMutex
                0x0000b400       0x30 ./freertos/freertos_kernel/queue.o
                0x0000b400                xQueueCreateMutex
 .text.xQueueGenericSendFromISR
                0x0000b430      0x13c ./freertos/freertos_kernel/queue.o
                0x0000b430                xQueueGenericSendFromISR
 .text.xQueueGiveFromISR
                0x0000b56c      0x120 ./freertos/freertos_kernel/queue.o
                0x0000b56c                xQueueGiveFromISR
 .text.prvGetDisinheritPriorityAfterTimeout
                0x0000b68c       0x30 ./freertos/freertos_kernel/queue.o
 .text.prvCopyDataToQueue
                0x0000b6bc       0xd4 ./freertos/freertos_kernel/queue.o
 .text.prvCopyDataFromQueue
                0x0000b790       0x4c ./freertos/freertos_kernel/queue.o
 .text.prvUnlockQueue
                0x0000b7dc       0xa4 ./freertos/freertos_kernel/queue.o
 .text.prvIsQueueEmpty
                0x0000b880       0x2c ./freertos/freertos_kernel/queue.o
 .text.prvIsQueueFull
                0x0000b8ac       0x30 ./freertos/freertos_kernel/queue.o
 .text.vQueueWaitForMessageRestricted
                0x0000b8dc       0x68 ./freertos/freertos_kernel/queue.o
                0x0000b8dc                vQueueWaitForMessageRestricted
 .text.xTaskCreate
                0x0000b944       0x82 ./freertos/freertos_kernel/tasks.o
                0x0000b944                xTaskCreate
 .text.prvInitialiseNewTask
                0x0000b9c6      0x146 ./freertos/freertos_kernel/tasks.o
 .text.prvDeleteTCB
                0x0000bb0c       0x20 ./freertos/freertos_kernel/tasks.o
 .text.prvTimerTask
                0x0000bb2c       0x26 ./freertos/freertos_kernel/timers.o
 .text.CLOCK_SetFLASHAccessCycles
                0x0000bb52       0x34 ./drivers/fsl_clock.o
 .text.CLOCK_IsSystemPLLLocked
                0x0000bb86       0x24 ./drivers/fsl_clock.o
 .text.CLOCK_Enable_SysOsc
                0x0000bbaa       0x5c ./drivers/fsl_clock.o
 .text.POWER_EnablePD
                0x0000bc06       0x2e ./drivers/fsl_clock.o
 .text.POWER_DisablePD
                0x0000bc34       0x2e ./drivers/fsl_clock.o
 .text.CLOCK_GetOsc32KFreq
                0x0000bc62       0x12 ./drivers/fsl_clock.o
                0x0000bc62                CLOCK_GetOsc32KFreq
 .text.CLOCK_GetI2SMClkFreq
                0x0000bc74       0x10 ./drivers/fsl_clock.o
                0x0000bc74                CLOCK_GetI2SMClkFreq
 .text.CLOCK_GetFrgClkFreq
                0x0000bc84       0x46 ./drivers/fsl_clock.o
                0x0000bc84                CLOCK_GetFrgClkFreq
 .text.DelayLoop
                0x0000bcca       0x20 ./drivers/fsl_common.o
 .text.EnableIRQ
                0x0000bcea       0x2c ./drivers/fsl_ctimer.o
 .text.CTIMER_GetStatusFlags
                0x0000bd16       0x18 ./drivers/fsl_ctimer.o
 .text.CTIMER_ClearStatusFlags
                0x0000bd2e       0x1c ./drivers/fsl_ctimer.o
 .text.CTIMER1_DriverIRQHandler
                0x0000bd4a       0x14 ./drivers/fsl_ctimer.o
                0x0000bd4a                CTIMER1_DriverIRQHandler
 .text.CTIMER2_DriverIRQHandler
                0x0000bd5e       0x14 ./drivers/fsl_ctimer.o
                0x0000bd5e                CTIMER2_DriverIRQHandler
 .text.CTIMER3_DriverIRQHandler
                0x0000bd72       0x14 ./drivers/fsl_ctimer.o
                0x0000bd72                CTIMER3_DriverIRQHandler
 .text.EnableIRQ
                0x0000bd86       0x2c ./drivers/fsl_dma.o
 .text.DMA_GetVirtualStartChannel
                0x0000bdb2       0x40 ./drivers/fsl_dma.o
 .text.EEPROM_SetAutoProgram
                0x0000bdf2       0x1e ./drivers/fsl_eeprom.o
 .text.EEPROM_GetInterruptStatus
                0x0000be10       0x1a ./drivers/fsl_eeprom.o
 .text.EEPROM_ClearInterruptFlag
                0x0000be2a       0x1e ./drivers/fsl_eeprom.o
 .text.EEPROM_GetDefaultConfig
                0x0000be48       0x44 ./drivers/fsl_eeprom.o
                0x0000be48                EEPROM_GetDefaultConfig
 .text.EEPROM_WritePage
                0x0000be8c       0xa0 ./drivers/fsl_eeprom.o
                0x0000be8c                EEPROM_WritePage
 .text.FLEXCOMM_PeripheralIsPresent
                0x0000bf2c       0x64 ./drivers/fsl_flexcomm.o
 .text.FLEXCOMM_SetPeriph
                0x0000bf90       0x74 ./drivers/fsl_flexcomm.o
 .text.GPIO_PinInit
                0x0000c004       0xa0 ./drivers/fsl_gpio.o
                0x0000c004                GPIO_PinInit
 .text.I2C_MasterEnable
                0x0000c0a4       0x44 ./drivers/fsl_i2c.o
 .text.I2C_MasterInit
                0x0000c0e8       0x36 ./drivers/fsl_i2c.o
                0x0000c0e8                I2C_MasterInit
 .text.EnableIRQ
                0x0000c11e       0x2c ./drivers/fsl_i2c_dma.o
 .text.I2C_GetStatusFlags
                0x0000c14a       0x1a ./drivers/fsl_i2c_dma.o
 .text.I2C_MasterClearStatusFlags
                0x0000c164       0x22 ./drivers/fsl_i2c_dma.o
 .text.I2C_EnableInterrupts
                0x0000c186       0x1e ./drivers/fsl_i2c_dma.o
 .text.I2C_DisableInterrupts
                0x0000c1a4       0x1e ./drivers/fsl_i2c_dma.o
 .text.I2C_InitTransferStateMachineDMA
                0x0000c1c2       0xf6 ./drivers/fsl_i2c_dma.o
 .text.I2C_MasterTransferDMAHandleIRQ
                0x0000c2b8       0x5c ./drivers/fsl_i2c_dma.o
                0x0000c2b8                I2C_MasterTransferDMAHandleIRQ
 .text.I2C_MasterTransferCallbackDMA
                0x0000c314       0x34 ./drivers/fsl_i2c_dma.o
 .text.RESET_PeripheralReset
                0x0000c348       0x1c ./drivers/fsl_reset.o
                0x0000c348                RESET_PeripheralReset
 .text.RIT_SetTimerCompare
                0x0000c364       0x42 ./drivers/fsl_rit.o
                0x0000c364                RIT_SetTimerCompare
 .text.SystemInitHook
                0x0000c3a6        0xe ./device/system_LPC54628.o
                0x0000c3a6                SystemInitHook
 .text.BOARD_InitDebugConsole
                0x0000c3b4       0x10 ./board/board.o
                0x0000c3b4                BOARD_InitDebugConsole
 .text.POWER_DisablePD
                0x0000c3c4       0x2e ./board/clock_config.o
 .text.BOARD_InitBootClocks
                0x0000c3f2        0xc ./board/clock_config.o
                0x0000c3f2                BOARD_InitBootClocks
 .text.IOCON_PinMuxSet
                0x0000c3fe       0x2e ./board/pin_mux.o
 .text.BOARD_InitBootPins
                0x0000c42c        0xc ./board/pin_mux.o
                0x0000c42c                BOARD_InitBootPins
 .text.__main   0x0000c438        0xe c:/nxp/mcuxpressoide_11.8.0_1165/ide/plugins/com.nxp.mcuxpresso.tools.win32_11.8.0.202306131047/tools/bin/../lib/gcc/arm-none-eabi/12.2.1/../../../../arm-none-eabi/lib/thumb/v7e-m+fp/hard\libcr_semihost_nf.a(_cr__main.o)
                0x0000c438                __CR_SEMIHOST
                0x0000c438                __main
 .text.memcpy   0x0000c446        0x4 c:/nxp/mcuxpressoide_11.8.0_1165/ide/plugins/com.nxp.mcuxpresso.tools.win32_11.8.0.202306131047/tools/bin/../lib/gcc/arm-none-eabi/12.2.1/../../../../arm-none-eabi/lib/thumb/v7e-m+fp/hard\libcr_c.a(memcpy.o)
                0x0000c446                memcpy
 .text.memset   0x0000c44a        0x4 c:/nxp/mcuxpressoide_11.8.0_1165/ide/plugins/com.nxp.mcuxpresso.tools.win32_11.8.0.202306131047/tools/bin/../lib/gcc/arm-none-eabi/12.2.1/../../../../arm-none-eabi/lib/thumb/v7e-m+fp/hard\libcr_c.a(memset.o)
                0x0000c44a                memset
 .text.free     0x0000c44e       0x30 c:/nxp/mcuxpressoide_11.8.0_1165/ide/plugins/com.nxp.mcuxpresso.tools.win32_11.8.0.202306131047/tools/bin/../lib/gcc/arm-none-eabi/12.2.1/../../../../arm-none-eabi/lib/thumb/v7e-m+fp/hard\libcr_c.a(alloc.o)
                0x0000c44e                free
 .text.fabs     0x0000c47e       0x20 c:/nxp/mcuxpressoide_11.8.0_1165/ide/plugins/com.nxp.mcuxpresso.tools.win32_11.8.0.202306131047/tools/bin/../lib/gcc/arm-none-eabi/12.2.1/../../../../arm-none-eabi/lib/thumb/v7e-m+fp/hard\libcr_c.a(fabs.o)
                0x0000c47e                fabs
 .text.memcmp   0x0000c49e       0x44 c:/nxp/mcuxpressoide_11.8.0_1165/ide/plugins/com.nxp.mcuxpresso.tools.win32_11.8.0.202306131047/tools/bin/../lib/gcc/arm-none-eabi/12.2.1/../../../../arm-none-eabi/lib/thumb/v7e-m+fp/hard\libcr_c.a(memcmp.o)
                0x0000c49e                memcmp
 .text.no_fp_display
                0x0000c4e2        0x4 c:/nxp/mcuxpressoide_11.8.0_1165/ide/plugins/com.nxp.mcuxpresso.tools.win32_11.8.0.202306131047/tools/bin/../lib/gcc/arm-none-eabi/12.2.1/../../../../arm-none-eabi/lib/thumb/v7e-m+fp/hard\libcr_c.a(printf.o)
 .text.setvbuf  0x0000c4e6       0x3e c:/nxp/mcuxpressoide_11.8.0_1165/ide/plugins/com.nxp.mcuxpresso.tools.win32_11.8.0.202306131047/tools/bin/../lib/gcc/arm-none-eabi/12.2.1/../../../../arm-none-eabi/lib/thumb/v7e-m+fp/hard\libcr_c.a(setvbuf.o)
                0x0000c4e6                setvbuf
 .text.abs      0x0000c524        0x8 c:/nxp/mcuxpressoide_11.8.0_1165/ide/plugins/com.nxp.mcuxpresso.tools.win32_11.8.0.202306131047/tools/bin/../lib/gcc/arm-none-eabi/12.2.1/../../../../arm-none-eabi/lib/thumb/v7e-m+fp/hard\libcr_c.a(stdlib.o)
                0x0000c524                abs
 .text.strlen   0x0000c52c       0x4e c:/nxp/mcuxpressoide_11.8.0_1165/ide/plugins/com.nxp.mcuxpresso.tools.win32_11.8.0.202306131047/tools/bin/../lib/gcc/arm-none-eabi/12.2.1/../../../../arm-none-eabi/lib/thumb/v7e-m+fp/hard\libcr_c.a(strlen.o)
                0x0000c52c                strlen
 .text._deferredlazyseek
                0x0000c57a       0x40 c:/nxp/mcuxpressoide_11.8.0_1165/ide/plugins/com.nxp.mcuxpresso.tools.win32_11.8.0.202306131047/tools/bin/../lib/gcc/arm-none-eabi/12.2.1/../../../../arm-none-eabi/lib/thumb/v7e-m+fp/hard\libcr_c.a(_deferredlazyseek.o)
                0x0000c57a                _deferredlazyseek
 .text.__flsbuf
                0x0000c5ba      0x140 c:/nxp/mcuxpressoide_11.8.0_1165/ide/plugins/com.nxp.mcuxpresso.tools.win32_11.8.0.202306131047/tools/bin/../lib/gcc/arm-none-eabi/12.2.1/../../../../arm-none-eabi/lib/thumb/v7e-m+fp/hard\libcr_c.a(_deferredlazyseek.o)
                0x0000c5ba                __flsbuf
 .text._fdopen  0x0000c6fa       0x68 c:/nxp/mcuxpressoide_11.8.0_1165/ide/plugins/com.nxp.mcuxpresso.tools.win32_11.8.0.202306131047/tools/bin/../lib/gcc/arm-none-eabi/12.2.1/../../../../arm-none-eabi/lib/thumb/v7e-m+fp/hard\libcr_c.a(_fdopen.o)
                0x0000c6fa                _fdopen
 .text._fflush  0x0000c762       0x52 c:/nxp/mcuxpressoide_11.8.0_1165/ide/plugins/com.nxp.mcuxpresso.tools.win32_11.8.0.202306131047/tools/bin/../lib/gcc/arm-none-eabi/12.2.1/../../../../arm-none-eabi/lib/thumb/v7e-m+fp/hard\libcr_c.a(_fflush.o)
                0x0000c762                _fflush
 .text.fclose   0x0000c7b4       0x58 c:/nxp/mcuxpressoide_11.8.0_1165/ide/plugins/com.nxp.mcuxpresso.tools.win32_11.8.0.202306131047/tools/bin/../lib/gcc/arm-none-eabi/12.2.1/../../../../arm-none-eabi/lib/thumb/v7e-m+fp/hard\libcr_c.a(fclose.o)
                0x0000c7b4                fclose
 .text.remove   0x0000c80c       0x14 c:/nxp/mcuxpressoide_11.8.0_1165/ide/plugins/com.nxp.mcuxpresso.tools.win32_11.8.0.202306131047/tools/bin/../lib/gcc/arm-none-eabi/12.2.1/../../../../arm-none-eabi/lib/thumb/v7e-m+fp/hard\libcr_c.a(remove.o)
                0x0000c80c                remove
 .text._do_fflush
                0x0000c820       0x40 c:/nxp/mcuxpressoide_11.8.0_1165/ide/plugins/com.nxp.mcuxpresso.tools.win32_11.8.0.202306131047/tools/bin/../lib/gcc/arm-none-eabi/12.2.1/../../../../arm-none-eabi/lib/thumb/v7e-m+fp/hard\libcr_c.a(_do_fflush.o)
                0x0000c820                _do_fflush
 .text.__aeabi_division_uldivmod
                0x0000c860      0x174 c:/nxp/mcuxpressoide_11.8.0_1165/ide/plugins/com.nxp.mcuxpresso.tools.win32_11.8.0.202306131047/tools/bin/../lib/gcc/arm-none-eabi/12.2.1/thumb/v7e-m+fp/hard\libcr_eabihelpers.a(division_64.o)
                0x0000c860                __aeabi_uldivmod
                0x0000c864                __bhs_ldivmod1
 .text.__aeabi_division_idiv0
                0x0000c9d4        0x2 c:/nxp/mcuxpressoide_11.8.0_1165/ide/plugins/com.nxp.mcuxpresso.tools.win32_11.8.0.202306131047/tools/bin/../lib/gcc/arm-none-eabi/12.2.1/thumb/v7e-m+fp/hard\libcr_eabihelpers.a(division_idiv0.o)
                0x0000c9d4                __aeabi_idiv0
 .text.__aeabi_d2iz
                0x0000c9d6       0x42 c:/nxp/mcuxpressoide_11.8.0_1165/ide/plugins/com.nxp.mcuxpresso.tools.win32_11.8.0.202306131047/tools/bin/../lib/gcc/arm-none-eabi/12.2.1/thumb/v7e-m+fp/hard\libcr_eabihelpers.a(double.o)
                0x0000c9d6                __aeabi_d2iz
 .text.__bhs_ui2d
                0x0000ca18       0x46 c:/nxp/mcuxpressoide_11.8.0_1165/ide/plugins/com.nxp.mcuxpresso.tools.win32_11.8.0.202306131047/tools/bin/../lib/gcc/arm-none-eabi/12.2.1/thumb/v7e-m+fp/hard\libcr_eabihelpers.a(double.o)
                0x0000ca18                __bhs_ui2d
 .text.__aeabi_i2d
                0x0000ca5e       0x10 c:/nxp/mcuxpressoide_11.8.0_1165/ide/plugins/com.nxp.mcuxpresso.tools.win32_11.8.0.202306131047/tools/bin/../lib/gcc/arm-none-eabi/12.2.1/thumb/v7e-m+fp/hard\libcr_eabihelpers.a(double.o)
                0x0000ca5e                __aeabi_i2d
 .text.__aeabi_dcmplt
                0x0000ca6e       0x5a c:/nxp/mcuxpressoide_11.8.0_1165/ide/plugins/com.nxp.mcuxpresso.tools.win32_11.8.0.202306131047/tools/bin/../lib/gcc/arm-none-eabi/12.2.1/thumb/v7e-m+fp/hard\libcr_eabihelpers.a(double.o)
                0x0000ca6e                __aeabi_dcmplt
 .text.__aeabi_dcmpgt
                0x0000cac8       0x56 c:/nxp/mcuxpressoide_11.8.0_1165/ide/plugins/com.nxp.mcuxpresso.tools.win32_11.8.0.202306131047/tools/bin/../lib/gcc/arm-none-eabi/12.2.1/thumb/v7e-m+fp/hard\libcr_eabihelpers.a(double.o)
                0x0000cac8                __aeabi_dcmpgt
 .text.__aeabi_dcmple
                0x0000cb1e       0x5a c:/nxp/mcuxpressoide_11.8.0_1165/ide/plugins/com.nxp.mcuxpresso.tools.win32_11.8.0.202306131047/tools/bin/../lib/gcc/arm-none-eabi/12.2.1/thumb/v7e-m+fp/hard\libcr_eabihelpers.a(double.o)
                0x0000cb1e                __aeabi_dcmple
 .text.__aeabi_dcmpge
                0x0000cb78       0x5a c:/nxp/mcuxpressoide_11.8.0_1165/ide/plugins/com.nxp.mcuxpresso.tools.win32_11.8.0.202306131047/tools/bin/../lib/gcc/arm-none-eabi/12.2.1/thumb/v7e-m+fp/hard\libcr_eabihelpers.a(double.o)
                0x0000cb78                __aeabi_dcmpge
 .text.__aeabi_memcpy
                0x0000cbd2       0x34 c:/nxp/mcuxpressoide_11.8.0_1165/ide/plugins/com.nxp.mcuxpresso.tools.win32_11.8.0.202306131047/tools/bin/../lib/gcc/arm-none-eabi/12.2.1/thumb/v7e-m+fp/hard\libcr_eabihelpers.a(memcpy.o)
                0x0000cbd2                __aeabi_memcpy
                0x0000cbdc                __aeabi_memcpy8
                0x0000cbdc                __aeabi_memcpy4
 .text.__aeabi_memset_lowlevel
                0x0000cc06       0x32 c:/nxp/mcuxpressoide_11.8.0_1165/ide/plugins/com.nxp.mcuxpresso.tools.win32_11.8.0.202306131047/tools/bin/../lib/gcc/arm-none-eabi/12.2.1/thumb/v7e-m+fp/hard\libcr_eabihelpers.a(memcpy.o)
                0x0000cc06                __aeabi_lowlevel_memset
 .text.__sys_close
                0x0000cc38        0xc c:/nxp/mcuxpressoide_11.8.0_1165/ide/plugins/com.nxp.mcuxpresso.tools.win32_11.8.0.202306131047/tools/bin/../lib/gcc/arm-none-eabi/12.2.1/../../../../arm-none-eabi/lib/thumb/v7e-m+fp/hard\libcr_semihost_nf.a(__sys_close.o)
                0x0000cc38                __sys_close
 .text.__sys_flen
                0x0000cc44        0xc c:/nxp/mcuxpressoide_11.8.0_1165/ide/plugins/com.nxp.mcuxpresso.tools.win32_11.8.0.202306131047/tools/bin/../lib/gcc/arm-none-eabi/12.2.1/../../../../arm-none-eabi/lib/thumb/v7e-m+fp/hard\libcr_semihost_nf.a(__sys_flen.o)
                0x0000cc44                __sys_flen
 .text.__sys_istty
                0x0000cc50        0xc c:/nxp/mcuxpressoide_11.8.0_1165/ide/plugins/com.nxp.mcuxpresso.tools.win32_11.8.0.202306131047/tools/bin/../lib/gcc/arm-none-eabi/12.2.1/../../../../arm-none-eabi/lib/thumb/v7e-m+fp/hard\libcr_semihost_nf.a(__sys_istty.o)
                0x0000cc50                __sys_istty
 .text.__sys_remove
                0x0000cc5c        0xc c:/nxp/mcuxpressoide_11.8.0_1165/ide/plugins/com.nxp.mcuxpresso.tools.win32_11.8.0.202306131047/tools/bin/../lib/gcc/arm-none-eabi/12.2.1/../../../../arm-none-eabi/lib/thumb/v7e-m+fp/hard\libcr_semihost_nf.a(__sys_remove.o)
                0x0000cc5c                __sys_remove
 .text.__sys_seek
                0x0000cc68        0xc c:/nxp/mcuxpressoide_11.8.0_1165/ide/plugins/com.nxp.mcuxpresso.tools.win32_11.8.0.202306131047/tools/bin/../lib/gcc/arm-none-eabi/12.2.1/../../../../arm-none-eabi/lib/thumb/v7e-m+fp/hard\libcr_semihost_nf.a(__sys_seek.o)
                0x0000cc68                __sys_seek
 .text.__sys_tmpnam
                0x0000cc74        0xc c:/nxp/mcuxpressoide_11.8.0_1165/ide/plugins/com.nxp.mcuxpresso.tools.win32_11.8.0.202306131047/tools/bin/../lib/gcc/arm-none-eabi/12.2.1/../../../../arm-none-eabi/lib/thumb/v7e-m+fp/hard\libcr_semihost_nf.a(__sys_tmpnam.o)
                0x0000cc74                __sys_tmpnam
 .text.__sys_write
                0x0000cc80        0xc c:/nxp/mcuxpressoide_11.8.0_1165/ide/plugins/com.nxp.mcuxpresso.tools.win32_11.8.0.202306131047/tools/bin/../lib/gcc/arm-none-eabi/12.2.1/../../../../arm-none-eabi/lib/thumb/v7e-m+fp/hard\libcr_semihost_nf.a(__sys_write.o)
                0x0000cc80                __sys_write
 *freertos*/tasks.o(SORT_BY_ALIGNMENT(.rodata*))
 .rodata.vTaskStartScheduler.str1.4
                0x0000cc8c        0x5 ./freertos/freertos_kernel/tasks.o
 *fill*         0x0000cc91        0x3 ff
 .rodata        0x0000cc94       0x1c ./freertos/freertos_kernel/tasks.o
                0x0000cc94                portArch_Name
                0x0000cc98                FreeRTOSDebugConfig
 *(SORT_BY_ALIGNMENT(.rodata) SORT_BY_ALIGNMENT(.rodata.*) SORT_BY_ALIGNMENT(.constdata) SORT_BY_ALIGNMENT(.constdata.*))
 .rodata.a.0    0x0000ccb0       0x20 c:/nxp/mcuxpressoide_11.8.0_1165/ide/plugins/com.nxp.mcuxpresso.tools.win32_11.8.0.202306131047/tools/bin/../lib/gcc/arm-none-eabi/12.2.1/../../../../arm-none-eabi/lib/thumb/v7e-m+fp/hard\libcr_c.a(atan.o)
 .rodata.__assertion_failed.str1.4
                0x0000ccd0       0x14 ./utilities/fsl_assert.o
 .rodata.SERVO_config
                0x0000cce4        0x8 ./source/servo/servo.o
                0x0000cce4                SERVO_config
 .rodata.RPMMEAS_config
                0x0000ccec        0x8 ./source/rpmMeas/rpmMeas.o
                0x0000ccec                RPMMEAS_config
 .rodata.rit_config
                0x0000ccf4        0x1 ./source/hmi/input_devices/input_devices.o
 *fill*         0x0000ccf5        0x3 ff
 .rodata.re_table
                0x0000ccf8       0x10 ./source/hmi/input_devices/rotary_encode.o
 .rodata.img_data_nxp
                0x0000cd08      0x400 ./source/hmi/hmi.o
 .rodata.img_nxp
                0x0000d108        0x8 ./source/hmi/hmi.o
 .rodata.img_data_haw
                0x0000d110      0x400 ./source/hmi/hmi.o
 .rodata.img_haw
                0x0000d510        0x8 ./source/hmi/hmi.o
 .rodata.menu_main_entries
                0x0000d518       0xc8 ./source/hmi/menu_data.o
 .rodata.menu_main_drive_entries
                0x0000d5e0       0xf0 ./source/hmi/menu_data.o
 .rodata.menu_main_hardware_entries
                0x0000d6d0       0xa0 ./source/hmi/menu_data.o
 .rodata.menu_hardware_camera_entries
                0x0000d770       0xf0 ./source/hmi/menu_data.o
 .rodata.menu_hardware_camera_parameter_entries
                0x0000d860       0xc8 ./source/hmi/menu_data.o
 .rodata.menu_hardware_ppm_entries
                0x0000d928       0xc8 ./source/hmi/menu_data.o
 .rodata.menu_ppm_servo_motor_entries
                0x0000d9f0       0xf0 ./source/hmi/menu_data.o
 .rodata.menu_ppm_motor_left_entries
                0x0000dae0       0xf0 ./source/hmi/menu_data.o
 .rodata.menu_ppm_motor_right_entries
                0x0000dbd0       0xf0 ./source/hmi/menu_data.o
 .rodata.menu_ppm_restore_entries
                0x0000dcc0       0x78 ./source/hmi/menu_data.o
 .rodata.font_data_3x5
                0x0000dd38      0x120 ./source/hmi/menu_main_screen.o
 .rodata.ssd1309_font_3x5
                0x0000de58        0x8 ./source/hmi/menu_main_screen.o
 .rodata.img_data_sign_stop
                0x0000de60       0x3f ./source/hmi/menu_main_screen.o
 *fill*         0x0000de9f        0x1 ff
 .rodata.img_sign_stop
                0x0000dea0        0x8 ./source/hmi/menu_main_screen.o
 .rodata.img_data_sign_slow
                0x0000dea8       0x3f ./source/hmi/menu_main_screen.o
 *fill*         0x0000dee7        0x1 ff
 .rodata.img_sign_slow
                0x0000dee8        0x8 ./source/hmi/menu_main_screen.o
 .rodata.img_data_sign_speed
                0x0000def0       0x3f ./source/hmi/menu_main_screen.o
 *fill*         0x0000df2f        0x1 ff
 .rodata.img_sign_speed
                0x0000df30        0x8 ./source/hmi/menu_main_screen.o
 .rodata.img_data_footer_outer
                0x0000df38       0x80 ./source/hmi/menu_main_screen.o
 .rodata.img_footer_outer
                0x0000dfb8        0x8 ./source/hmi/menu_main_screen.o
 .rodata.img_data_sign_right_of_way
                0x0000dfc0       0x3f ./source/hmi/menu_main_screen.o
 *fill*         0x0000dfff        0x1 ff
 .rodata.img_sign_right_of_way
                0x0000e000        0x8 ./source/hmi/menu_main_screen.o
 .rodata.img_data_sign_unlimited
                0x0000e008       0x3f ./source/hmi/menu_main_screen.o
 *fill*         0x0000e047        0x1 ff
 .rodata.img_sign_unlimited
                0x0000e048        0x8 ./source/hmi/menu_main_screen.o
 .rodata.img_data_sign_no_parking
                0x0000e050       0x3f ./source/hmi/menu_main_screen.o
 *fill*         0x0000e08f        0x1 ff
 .rodata.img_sign_no_parking
                0x0000e090        0x8 ./source/hmi/menu_main_screen.o
 .rodata.img_data_sign_retoure
                0x0000e098       0x3f ./source/hmi/menu_main_screen.o
 *fill*         0x0000e0d7        0x1 ff
 .rodata.img_sign_retoure
                0x0000e0d8        0x8 ./source/hmi/menu_main_screen.o
 .rodata.img_data_sign_blocking
                0x0000e0e0       0x3f ./source/hmi/menu_main_screen.o
 *fill*         0x0000e11f        0x1 ff
 .rodata.img_sign_blocking
                0x0000e120        0x8 ./source/hmi/menu_main_screen.o
 .rodata.img_data_frame
                0x0000e128       0x6c ./source/hmi/menu_main_screen.o
 .rodata.img_frame
                0x0000e194        0x8 ./source/hmi/menu_main_screen.o
 .rodata.img_data_footer_middle_active
                0x0000e19c       0x30 ./source/hmi/menu_main_screen.o
 .rodata.img_footer_middle_active
                0x0000e1cc        0x8 ./source/hmi/menu_main_screen.o
 .rodata.img_data_footer_middle_inactive
                0x0000e1d4       0x30 ./source/hmi/menu_main_screen.o
 .rodata.img_footer_middle_inactive
                0x0000e204        0x8 ./source/hmi/menu_main_screen.o
 .rodata.entries
                0x0000e20c       0xc8 ./source/hmi/menu_main_screen.o
 .rodata.font_data_3x5
                0x0000e2d4      0x120 ./source/hmi/screen.o
 .rodata.ssd1309_font_3x5
                0x0000e3f4        0x8 ./source/hmi/screen.o
 .rodata.font_data_6x8
                0x0000e3fc      0x240 ./source/hmi/screen.o
 .rodata.ssd1309_font_6x8
                0x0000e63c        0x8 ./source/hmi/screen.o
 .rodata.img_data_header_bar
                0x0000e644      0x100 ./source/hmi/screen.o
 .rodata.img_header_bar
                0x0000e744        0x8 ./source/hmi/screen.o
 .rodata.img_data_clock_symbol
                0x0000e74c        0x5 ./source/hmi/screen.o
 *fill*         0x0000e751        0x3 ff
 .rodata.img_clock_symbol
                0x0000e754        0x8 ./source/hmi/screen.o
 .rodata.img_data_battery_symbol
                0x0000e75c        0xa ./source/hmi/screen.o
 *fill*         0x0000e766        0x2 ff
 .rodata.img_battery_symbol
                0x0000e768        0x8 ./source/hmi/screen.o
 .rodata.img_data_footer_outer
                0x0000e770       0x80 ./source/hmi/screen.o
 .rodata.img_footer_outer
                0x0000e7f0        0x8 ./source/hmi/screen.o
 .rodata.img_data_no_camera
                0x0000e7f8       0xc8 ./source/hmi/screen.o
 .rodata.img_no_camera
                0x0000e8c0        0x8 ./source/hmi/screen.o
 .rodata.menu_page_main_about.str1.4
                0x0000e8c8       0x2a ./source/hmi/screen.o
 *fill*         0x0000e8f2        0x2 ff
 .rodata.menu_page_pixel_display_camera.str1.4
                0x0000e8f4        0x6 ./source/hmi/screen.o
                                  0xe (size before relaxing)
 *fill*         0x0000e8fa        0x2 ff
 .rodata        0x0000e8fc        0xf ./source/hmi/screen.o
 *fill*         0x0000e90b        0x1 ff
 .rodata.BLDC_config
                0x0000e90c        0x8 ./source/drive/drive.o
                0x0000e90c                BLDC_config
 .rodata.DMA_EnableChannel.str1.4
                0x0000e914       0x80 ./source/display/interface/i2c_rtos_interface.o
 .rodata.init_data
                0x0000e994       0x1f ./source/display/driver/ssd1309.o
 *fill*         0x0000e9b3        0x1 ff
 .rodata.ssd1309_rtos_init.str1.4
                0x0000e9b4        0xa ./source/display/driver/ssd1309_rtos.o
 *fill*         0x0000e9be        0x2 ff
 .rodata.font_data_6x8
                0x0000e9c0      0x240 ./source/display/adapter/menu_adapter.o
 .rodata.ssd1309_font_6x8
                0x0000ec00        0x8 ./source/display/adapter/menu_adapter.o
 .rodata.TakeShots_config
                0x0000ec08        0x8 ./source/camera/camera.o
                0x0000ec08                TakeShots_config
 .rodata.main.str1.4
                0x0000ec10       0x36 ./source/main_gustl.o
 *fill*         0x0000ec46        0x2 ff
 .rodata.menu_func_bldcLeft_test.str1.4
                0x0000ec48       0x28 ./source/settings.o
 .rodata.menu_func_bldcRight_test.str1.4
                0x0000ec70       0x29 ./source/settings.o
 *fill*         0x0000ec99        0x3 ff
 .rodata.xTimerCreateTimerTask.str1.4
                0x0000ec9c        0x8 ./freertos/freertos_kernel/timers.o
 .rodata.prvCheckForValidListAndQueue.str1.4
                0x0000eca4        0x5 ./freertos/freertos_kernel/timers.o
 *fill*         0x0000eca9        0x3 ff
 .rodata.wdtFreqLookup
                0x0000ecac       0x20 ./drivers/fsl_clock.o
 .rodata.CLOCK_GetClockOutClkFreq.str1.4
                0x0000eccc       0x18 ./drivers/fsl_clock.o
 .rodata.CLOCK_GetMclkClkFreq.str1.4
                0x0000ece4       0x18 ./drivers/fsl_clock.o
 .rodata.CLOCK_GetCoreSysClkFreq.str1.4
                0x0000ecfc       0x18 ./drivers/fsl_clock.o
 .rodata.CLOCK_GetFRGInputClock.str1.4
                0x0000ed14       0x18 ./drivers/fsl_clock.o
 .rodata.SDK_DelayAtLeastUs.str1.4
                0x0000ed2c       0x4b ./drivers/fsl_common.o
 *fill*         0x0000ed77        0x1 ff
 .rodata.s_ctimerBases
                0x0000ed78       0x14 ./drivers/fsl_ctimer.o
 .rodata.s_ctimerClocks
                0x0000ed8c        0xa ./drivers/fsl_ctimer.o
 *fill*         0x0000ed96        0x2 ff
 .rodata.s_ctimerResets
                0x0000ed98       0x14 ./drivers/fsl_ctimer.o
 .rodata.s_ctimerIRQ
                0x0000edac        0x5 ./drivers/fsl_ctimer.o
 *fill*         0x0000edb1        0x3 ff
 .rodata.CTIMER_GetInstance.str1.4
                0x0000edb4       0x2e ./drivers/fsl_ctimer.o
 *fill*         0x0000ede2        0x2 ff
 .rodata.CTIMER_Init.str1.4
                0x0000ede4       0x21 ./drivers/fsl_ctimer.o
 *fill*         0x0000ee05        0x3 ff
 .rodata.DMA_ChannelIsActive.str1.4
                0x0000ee08       0x4e ./drivers/fsl_dma.o
 *fill*         0x0000ee56        0x2 ff
 .rodata.DMA_EnableChannelInterrupts.str1.4
                0x0000ee58       0x4e ./drivers/fsl_dma.o
 *fill*         0x0000eea6        0x2 ff
 .rodata.DMA_EnableChannel.str1.4
                0x0000eea8       0x4e ./drivers/fsl_dma.o
 *fill*         0x0000eef6        0x2 ff
 .rodata.DMA_DisableChannel.str1.4
                0x0000eef8       0x4e ./drivers/fsl_dma.o
 *fill*         0x0000ef46        0x2 ff
 .rodata.DMA_EnableChannelPeriphRq.str1.4
                0x0000ef48       0x4e ./drivers/fsl_dma.o
 *fill*         0x0000ef96        0x2 ff
 .rodata.DMA_DisableChannelPeriphRq.str1.4
                0x0000ef98       0x4e ./drivers/fsl_dma.o
 *fill*         0x0000efe6        0x2 ff
 .rodata.DMA_GetInstance.str1.4
                0x0000efe8       0x31 ./drivers/fsl_dma.o
 *fill*         0x0000f019        0x3 ff
 .rodata.DMA_SetupXferCFG.str1.4
                0x0000f01c      0x135 ./drivers/fsl_dma.o
 *fill*         0x0000f151        0x3 ff
 .rodata.DMA_SetupDescriptor.str1.4
                0x0000f154       0x79 ./drivers/fsl_dma.o
 *fill*         0x0000f1cd        0x3 ff
 .rodata.DMA_CreateDescriptor.str1.4
                0x0000f1d0      0x143 ./drivers/fsl_dma.o
 *fill*         0x0000f313        0x1 ff
 .rodata.DMA_AbortTransfer.str1.4
                0x0000f314       0x1f ./drivers/fsl_dma.o
 *fill*         0x0000f333        0x1 ff
 .rodata.DMA_CreateHandle.str1.4
                0x0000f334       0x64 ./drivers/fsl_dma.o
 .rodata.DMA_SetCallback.str1.4
                0x0000f398       0x1f ./drivers/fsl_dma.o
 *fill*         0x0000f3b7        0x1 ff
 .rodata.DMA_PrepareTransfer.str1.4
                0x0000f3b8      0x175 ./drivers/fsl_dma.o
 *fill*         0x0000f52d        0x3 ff
 .rodata.DMA_SubmitTransfer.str1.4
                0x0000f530       0x96 ./drivers/fsl_dma.o
 *fill*         0x0000f5c6        0x2 ff
 .rodata.DMA_StartTransfer.str1.4
                0x0000f5c8       0x76 ./drivers/fsl_dma.o
 *fill*         0x0000f63e        0x2 ff
 .rodata.EEPROM_GetInstance.str1.4
                0x0000f640       0x37 ./drivers/fsl_eeprom.o
 *fill*         0x0000f677        0x1 ff
 .rodata.EEPROM_Init.str1.4
                0x0000f678       0x22 ./drivers/fsl_eeprom.o
 *fill*         0x0000f69a        0x2 ff
 .rodata.s_flexcommBaseAddrs
                0x0000f69c       0x28 ./drivers/fsl_flexcomm.o
 .rodata.s_flexcommClocks
                0x0000f6c4       0x14 ./drivers/fsl_flexcomm.o
 .rodata.s_flexcommResets
                0x0000f6d8       0x28 ./drivers/fsl_flexcomm.o
 .rodata.FLEXCOMM_GetInstance.str1.4
                0x0000f700       0x38 ./drivers/fsl_flexcomm.o
 .rodata.FLEXCOMM0_DriverIRQHandler.str1.4
                0x0000f738       0x2d ./drivers/fsl_flexcomm.o
 *fill*         0x0000f765        0x3 ff
 .rodata.FLEXCOMM1_DriverIRQHandler.str1.4
                0x0000f768       0x2d ./drivers/fsl_flexcomm.o
 *fill*         0x0000f795        0x3 ff
 .rodata.FLEXCOMM2_DriverIRQHandler.str1.4
                0x0000f798       0x2d ./drivers/fsl_flexcomm.o
 *fill*         0x0000f7c5        0x3 ff
 .rodata.FLEXCOMM3_DriverIRQHandler.str1.4
                0x0000f7c8       0x2d ./drivers/fsl_flexcomm.o