Archive member included to satisfy reference by file (symbol)

D:\Studium\NXP-Cup\nxp-proj\nxp-proj\libs\libpower_hardabi.a(fsl_power_lib.o)
                              ./drivers/fsl_clock.o (POWER_SetVoltageForFreq)
d:/studium/mcuxpressoide_11.7.1_9221/ide/plugins/com.nxp.mcuxpresso.tools.win32_11.7.1.202301190959/tools/bin/../lib/gcc/arm-none-eabi/10.3.1/../../../../arm-none-eabi/lib/thumb/v7e-m+fp/hard\libcr_semihost_nf.a(_cr__main.o)
                              ./startup/startup_lpc54628.o (__main)
d:/studium/mcuxpressoide_11.7.1_9221/ide/plugins/com.nxp.mcuxpresso.tools.win32_11.7.1.202301190959/tools/bin/../lib/gcc/arm-none-eabi/10.3.1/../../../../arm-none-eabi/lib/thumb/v7e-m+fp/hard\libcr_c.a(memcpy.o)
                              ./utilities/fsl_str.o (memcpy)
d:/studium/mcuxpressoide_11.7.1_9221/ide/plugins/com.nxp.mcuxpresso.tools.win32_11.7.1.202301190959/tools/bin/../lib/gcc/arm-none-eabi/10.3.1/../../../../arm-none-eabi/lib/thumb/v7e-m+fp/hard\libcr_c.a(memset.o)
                              ./source/hmi/input_devices/rotary_encode.o (memset)
d:/studium/mcuxpressoide_11.7.1_9221/ide/plugins/com.nxp.mcuxpresso.tools.win32_11.7.1.202301190959/tools/bin/../lib/gcc/arm-none-eabi/10.3.1/../../../../arm-none-eabi/lib/thumb/v7e-m+fp/hard\libcr_c.a(alloc.o)
                              ./drivers/fsl_common.o (malloc)
d:/studium/mcuxpressoide_11.7.1_9221/ide/plugins/com.nxp.mcuxpresso.tools.win32_11.7.1.202301190959/tools/bin/../lib/gcc/arm-none-eabi/10.3.1/../../../../arm-none-eabi/lib/thumb/v7e-m+fp/hard\libcr_c.a(atan.o)
                              ./source/drive/drive.o (atan)
d:/studium/mcuxpressoide_11.7.1_9221/ide/plugins/com.nxp.mcuxpresso.tools.win32_11.7.1.202301190959/tools/bin/../lib/gcc/arm-none-eabi/10.3.1/../../../../arm-none-eabi/lib/thumb/v7e-m+fp/hard\libcr_c.a(fabs.o)
                              d:/studium/mcuxpressoide_11.7.1_9221/ide/plugins/com.nxp.mcuxpresso.tools.win32_11.7.1.202301190959/tools/bin/../lib/gcc/arm-none-eabi/10.3.1/../../../../arm-none-eabi/lib/thumb/v7e-m+fp/hard\libcr_c.a(atan.o) (fabs)
d:/studium/mcuxpressoide_11.7.1_9221/ide/plugins/com.nxp.mcuxpresso.tools.win32_11.7.1.202301190959/tools/bin/../lib/gcc/arm-none-eabi/10.3.1/../../../../arm-none-eabi/lib/thumb/v7e-m+fp/hard\libcr_c.a(initio.o)
                              d:/studium/mcuxpressoide_11.7.1_9221/ide/plugins/com.nxp.mcuxpresso.tools.win32_11.7.1.202301190959/tools/bin/../lib/gcc/arm-none-eabi/10.3.1/../../../../arm-none-eabi/lib/thumb/v7e-m+fp/hard\libcr_semihost_nf.a(_cr__main.o) (_initio)
d:/studium/mcuxpressoide_11.7.1_9221/ide/plugins/com.nxp.mcuxpresso.tools.win32_11.7.1.202301190959/tools/bin/../lib/gcc/arm-none-eabi/10.3.1/../../../../arm-none-eabi/lib/thumb/v7e-m+fp/hard\libcr_c.a(memcmp.o)
                              ./source/param.o (memcmp)
d:/studium/mcuxpressoide_11.7.1_9221/ide/plugins/com.nxp.mcuxpresso.tools.win32_11.7.1.202301190959/tools/bin/../lib/gcc/arm-none-eabi/10.3.1/../../../../arm-none-eabi/lib/thumb/v7e-m+fp/hard\libcr_c.a(printf.o)
                              ./source/hmi/screen.o (_sprintf)
d:/studium/mcuxpressoide_11.7.1_9221/ide/plugins/com.nxp.mcuxpresso.tools.win32_11.7.1.202301190959/tools/bin/../lib/gcc/arm-none-eabi/10.3.1/../../../../arm-none-eabi/lib/thumb/v7e-m+fp/hard\libcr_c.a(scanf.o)
                              ./utilities/fsl_str.o (strtoul)
d:/studium/mcuxpressoide_11.7.1_9221/ide/plugins/com.nxp.mcuxpresso.tools.win32_11.7.1.202301190959/tools/bin/../lib/gcc/arm-none-eabi/10.3.1/../../../../arm-none-eabi/lib/thumb/v7e-m+fp/hard\libcr_c.a(setvbuf.o)
                              d:/studium/mcuxpressoide_11.7.1_9221/ide/plugins/com.nxp.mcuxpresso.tools.win32_11.7.1.202301190959/tools/bin/../lib/gcc/arm-none-eabi/10.3.1/../../../../arm-none-eabi/lib/thumb/v7e-m+fp/hard\libcr_c.a(initio.o) (setvbuf)
d:/studium/mcuxpressoide_11.7.1_9221/ide/plugins/com.nxp.mcuxpresso.tools.win32_11.7.1.202301190959/tools/bin/../lib/gcc/arm-none-eabi/10.3.1/../../../../arm-none-eabi/lib/thumb/v7e-m+fp/hard\libcr_c.a(stdlib.o)
                              ./source/drive/drive.o (abs)
d:/studium/mcuxpressoide_11.7.1_9221/ide/plugins/com.nxp.mcuxpresso.tools.win32_11.7.1.202301190959/tools/bin/../lib/gcc/arm-none-eabi/10.3.1/../../../../arm-none-eabi/lib/thumb/v7e-m+fp/hard\libcr_c.a(strlen.o)
                              ./utilities/fsl_str.o (strlen)
d:/studium/mcuxpressoide_11.7.1_9221/ide/plugins/com.nxp.mcuxpresso.tools.win32_11.7.1.202301190959/tools/bin/../lib/gcc/arm-none-eabi/10.3.1/../../../../arm-none-eabi/lib/thumb/v7e-m+fp/hard\libcr_c.a(ungetc.o)
                              d:/studium/mcuxpressoide_11.7.1_9221/ide/plugins/com.nxp.mcuxpresso.tools.win32_11.7.1.202301190959/tools/bin/../lib/gcc/arm-none-eabi/10.3.1/../../../../arm-none-eabi/lib/thumb/v7e-m+fp/hard\libcr_c.a(scanf.o) (ungetc)
[...]
Memory Configuration

Name             Origin             Length             Attributes
PROGRAM_FLASH    0x00000000         0x00080000         xr
SRAM_UPPER       0x20000000         0x00028000         xrw
SRAMX            0x04000000         0x00008000         xrw
USB_RAM          0x40100000         0x00002000         xrw
*default*        0x00000000         0xffffffff

Linker script and memory map

LOAD ./utilities/fsl_assert.o
LOAD ./utilities/fsl_debug_console.o
LOAD ./utilities/fsl_str.o
LOAD ./startup/startup_lpc54628.o
LOAD ./source/ultrasonic/ultrasonic.o
LOAD ./source/servo/servo.o
LOAD ./source/rpmMeas/rpmMeas.o
LOAD ./source/hmi/input_devices/input_devices.o
LOAD ./source/hmi/input_devices/rotary_encode.o
LOAD ./source/hmi/input_devices/sw_debounce.o
LOAD ./source/hmi/hmi.o
LOAD ./source/hmi/menu_data.o
LOAD ./source/hmi/menu_main_screen.o
LOAD ./source/hmi/screen.o
LOAD ./source/drive/drive.o
LOAD ./source/display/menu/design/menu_list.o
LOAD ./source/display/menu/menu.o
LOAD ./source/display/menu/menu_rtos.o
LOAD ./source/display/interface/i2c_rtos_interface.o
LOAD ./source/display/driver/ssd1309.o
LOAD ./source/display/driver/ssd1309_rtos.o
LOAD ./source/display/adapter/disp_adapter.o
LOAD ./source/display/adapter/menu_adapter.o
LOAD ./source/display/display.o
LOAD ./source/camera/camera.o
LOAD ./source/board/board_func.o
LOAD ./source/main_gustl.o
LOAD ./source/param.o
LOAD ./source/semihost_hardfault.o
LOAD ./source/settings.o
LOAD ./freertos/freertos_kernel/portable/MemMang/heap_4.o
LOAD ./freertos/freertos_kernel/portable/GCC/ARM_CM4F/port.o
LOAD ./freertos/freertos_kernel/croutine.o
LOAD ./freertos/freertos_kernel/event_groups.o
LOAD ./freertos/freertos_kernel/list.o
LOAD ./freertos/freertos_kernel/queue.o
LOAD ./freertos/freertos_kernel/stream_buffer.o
LOAD ./freertos/freertos_kernel/tasks.o
LOAD ./freertos/freertos_kernel/timers.o
LOAD ./drivers/fsl_clock.o
LOAD ./drivers/fsl_common.o
LOAD ./drivers/fsl_ctimer.o
LOAD ./drivers/fsl_dma.o
LOAD ./drivers/fsl_eeprom.o
LOAD ./drivers/fsl_emc.o
LOAD ./drivers/fsl_flexcomm.o
LOAD ./drivers/fsl_gpio.o
LOAD ./drivers/fsl_i2c.o
LOAD ./drivers/fsl_i2c_dma.o
LOAD ./drivers/fsl_power.o
LOAD ./drivers/fsl_reset.o
LOAD ./drivers/fsl_rit.o
LOAD ./drivers/fsl_sctimer.o
LOAD ./drivers/fsl_usart.o
LOAD ./device/system_LPC54628.o
LOAD ./component/uart/usart_adapter.o
LOAD ./component/serial_manager/serial_manager.o
LOAD ./component/serial_manager/serial_port_uart.o
LOAD ./component/lists/generic_list.o
LOAD ./board/board.o
LOAD ./board/clock_config.o
LOAD ./board/peripherals.o
LOAD ./board/pin_mux.o
LOAD D:\Studium\NXP-Cup\nxp-proj\nxp-proj\libs\libpower_hardabi.a
START GROUP
LOAD d:/studium/mcuxpressoide_11.7.1_9221/ide/plugins/com.nxp.mcuxpresso.tools.win32_11.7.1.202301190959/tools/bin/../lib/gcc/arm-none-eabi/10.3.1/../../../../arm-none-eabi/lib/thumb/v7e-m+fp/hard\libcr_semihost_nf.a
LOAD d:/studium/mcuxpressoide_11.7.1_9221/ide/plugins/com.nxp.mcuxpresso.tools.win32_11.7.1.202301190959/tools/bin/../lib/gcc/arm-none-eabi/10.3.1/../../../../arm-none-eabi/lib/thumb/v7e-m+fp/hard\libcr_c.a
LOAD d:/studium/mcuxpressoide_11.7.1_9221/ide/plugins/com.nxp.mcuxpresso.tools.win32_11.7.1.202301190959/tools/bin/../lib/gcc/arm-none-eabi/10.3.1/thumb/v7e-m+fp/hard\libcr_eabihelpers.a
LOAD d:/studium/mcuxpressoide_11.7.1_9221/ide/plugins/com.nxp.mcuxpresso.tools.win32_11.7.1.202301190959/tools/bin/../lib/gcc/arm-none-eabi/10.3.1/thumb/v7e-m+fp/hard\libgcc.a
END GROUP
                0x00000000                __base_PROGRAM_FLASH = 0x0
                0x00000000                __base_Flash = 0x0
                0x00080000                __top_PROGRAM_FLASH = 0x80000
                0x00080000                __top_Flash = 0x80000
                0x20000000                __base_SRAM_UPPER = 0x20000000
                0x20000000                __base_RAM = 0x20000000
                0x20028000                __top_SRAM_UPPER = 0x20028000
                0x20028000                __top_RAM = 0x20028000
                0x04000000                __base_SRAMX = 0x4000000
                0x04000000                __base_RAM2 = 0x4000000
                0x04008000                __top_SRAMX = 0x4008000
                0x04008000                __top_RAM2 = 0x4008000
                0x40100000                __base_USB_RAM = 0x40100000
                0x40100000                __base_RAM3 = 0x40100000
                0x40102000                __top_USB_RAM = 0x40102000
                0x40102000                __top_RAM3 = 0x40102000

.text           0x00000000    0x101d8
 FILL mask 0xff
                0x00000000                __vectors_start__ = ABSOLUTE (.)
 *(SORT_BY_ALIGNMENT(.isr_vector))
 .isr_vector    0x00000000      0x124 ./startup/startup_lpc54628.o
                0x00000000                g_pfnVectors
                0x00000000                __Vectors
                0x00000124                . = ALIGN (0x4)
                0x00000124                __section_table_start = .
                0x00000124                __data_section_table = .
                0x00000124        0x4 LONG 0x101d8 LOADADDR (.data)
                0x00000128        0x4 LONG 0x20000000 ADDR (.data)
                0x0000012c        0x4 LONG 0x160 SIZEOF (.data)
                0x00000130        0x4 LONG 0x101d8 LOADADDR (.data_RAM2)
                0x00000134        0x4 LONG 0x4000000 ADDR (.data_RAM2)
                0x00000138        0x4 LONG 0x0 SIZEOF (.data_RAM2)
                0x0000013c        0x4 LONG 0x101d8 LOADADDR (.data_RAM3)
                0x00000140        0x4 LONG 0x40100000 ADDR (.data_RAM3)
                0x00000144        0x4 LONG 0x0 SIZEOF (.data_RAM3)
                0x00000148                __data_section_table_end = .
                0x00000148                __bss_section_table = .
                0x00000148        0x4 LONG 0x20000600 ADDR (.bss)
                0x0000014c        0x4 LONG 0x374c SIZEOF (.bss)
                0x00000150        0x4 LONG 0x4000000 ADDR (.bss_RAM2)
                0x00000154        0x4 LONG 0x0 SIZEOF (.bss_RAM2)
                0x00000158        0x4 LONG 0x40100000 ADDR (.bss_RAM3)
                0x0000015c        0x4 LONG 0x0 SIZEOF (.bss_RAM3)
                0x00000160                __bss_section_table_end = .
                0x00000160                __section_table_end = .
 *(SORT_BY_ALIGNMENT(.after_vectors*))
 .after_vectors.reset
                0x00000160       0x58 ./startup/startup_lpc54628.o
                0x00000160                ResetISR
 .after_vectors.init_data
                0x000001b8       0x1e ./startup/startup_lpc54628.o
                0x000001b8                data_init
 .after_vectors.init_bss
                0x000001d6       0x12 ./startup/startup_lpc54628.o
                0x000001d6                bss_init
 .after_vectors
                0x000001e8       0x14 ./startup/startup_lpc54628.o
                0x000001e8                NMI_Handler
                0x000001ec                MemManage_Handler
                0x000001ee                BusFault_Handler
                0x000001f0                UsageFault_Handler
                0x000001f4                DebugMon_Handler
                0x000001fa                PIN_INT3_DriverIRQHandler
                0x000001fa                PIN_INT2_DriverIRQHandler
                0x000001fa                ETHERNET_DriverIRQHandler
                0x000001fa                PIN_INT0_DriverIRQHandler
                0x000001fa                SPIFI0_DriverIRQHandler
                0x000001fa                CAN0_IRQ0_DriverIRQHandler
                0x000001fa                IntDefaultHandler
                0x000001fa                USB0_DriverIRQHandler
                0x000001fa                MRT0_DriverIRQHandler
                0x000001fa                UTICK0_DriverIRQHandler
                0x000001fa                DMIC0_DriverIRQHandler
                0x000001fa                PIN_INT4_DriverIRQHandler
                0x000001fa                PIN_INT5_DriverIRQHandler
                0x000001fa                CAN1_IRQ0_DriverIRQHandler
                0x000001fa                Reserved47_DriverIRQHandler
                0x000001fa                ADC0_THCMP_DriverIRQHandler
                0x000001fa                GINT1_DriverIRQHandler
                0x000001fa                RIT_DriverIRQHandler
                0x000001fa                CAN0_IRQ1_DriverIRQHandler
                0x000001fa                USB0_NEEDCLK_DriverIRQHandler
                0x000001fa                ADC0_SEQB_DriverIRQHandler
                0x000001fa                PIN_INT6_DriverIRQHandler
                0x000001fa                ETHERNET_MACLP_DriverIRQHandler
                0x000001fa                PIN_INT1_DriverIRQHandler
                0x000001fa                HWVAD0_DriverIRQHandler
                0x000001fa                RTC_DriverIRQHandler
                0x000001fa                LCD_DriverIRQHandler
                0x000001fa                EEPROM_DriverIRQHandler
                0x000001fa                ETHERNET_PMT_DriverIRQHandler
                0x000001fa                USB1_DriverIRQHandler
                0x000001fa                CAN1_IRQ1_DriverIRQHandler
                0x000001fa                ADC0_SEQA_DriverIRQHandler
                0x000001fa                USB1_NEEDCLK_DriverIRQHandler
                0x000001fa                SMARTCARD0_DriverIRQHandler
                0x000001fa                SDIO_DriverIRQHandler
                0x000001fa                SHA_DriverIRQHandler
                0x000001fa                GINT0_DriverIRQHandler
                0x000001fa                SMARTCARD1_DriverIRQHandler
                0x000001fa                PIN_INT7_DriverIRQHandler
                0x000001fa                Reserved46_DriverIRQHandler
                0x000001fa                WDT_BOD_DriverIRQHandler
 *(SORT_BY_ALIGNMENT(.text*))
 *fill*         0x000001fc        0x4 ff
 .text.SVC_Handler
                0x00000200       0x28 ./freertos/freertos_kernel/portable/GCC/ARM_CM4F/port.o
                0x00000200                SVC_Handler
 *fill*         0x00000228        0x8 ff
 .text.PendSV_Handler
                0x00000230       0x68 ./freertos/freertos_kernel/portable/GCC/ARM_CM4F/port.o
                0x00000230                PendSV_Handler
 .text.Real_Drive
                0x00000298      0x4b8 ./source/drive/drive.o
                0x00000298                Real_Drive
 .text.StateControl
                0x00000750      0x39c ./source/drive/drive.o
                0x00000750                StateControl
 *fill*         0x00000aec        0x4 ff
 .text.atan     0x00000af0      0x21c d:/studium/mcuxpressoide_11.7.1_9221/ide/plugins/com.nxp.mcuxpresso.tools.win32_11.7.1.202301190959/tools/bin/../lib/gcc/arm-none-eabi/10.3.1/../../../../arm-none-eabi/lib/thumb/v7e-m+fp/hard\libcr_c.a(atan.o)
                0x00000af0                atan
 .text.__assertion_failed
                0x00000d0c       0x18 ./utilities/fsl_assert.o
                0x00000d0c                __assertion_failed
 .text.__NVIC_EnableIRQ
                0x00000d24       0x3c ./source/ultrasonic/ultrasonic.o
 .text.MRTIMER0_Init
                0x00000d60       0x4c ./source/ultrasonic/ultrasonic.o
                0x00000d60                MRTIMER0_Init
 .text.MRT0_IRQHandler
                0x00000dac       0x24 ./source/ultrasonic/ultrasonic.o
                0x00000dac                MRT0_IRQHandler
 .text.PIN_INT_INIT
                0x00000dd0       0xd8 ./source/ultrasonic/ultrasonic.o
                0x00000dd0                PIN_INT_INIT
 .text.SERVO_Init
                0x00000ea8       0x78 ./source/servo/servo.o
                0x00000ea8                SERVO_Init
 .text.CTIMER1_Init
                0x00000f20       0x38 ./source/servo/servo.o
                0x00000f20                CTIMER1_Init
 .text.RPMMEAS_Init
                0x00000f58       0x8c ./source/rpmMeas/rpmMeas.o
                0x00000f58                RPMMEAS_Init
 .text.CTIMER2_Init
                0x00000fe4       0x44 ./source/rpmMeas/rpmMeas.o
                0x00000fe4                CTIMER2_Init
 .text.rpmMeas_Left_ISR
                0x00001028       0x70 ./source/rpmMeas/rpmMeas.o
                0x00001028                rpmMeas_Left_ISR
 .text.rpmMeas_Right_ISR
                0x00001098       0x74 ./source/rpmMeas/rpmMeas.o
                0x00001098                rpmMeas_Right_ISR
 .text.__NVIC_EnableIRQ
                0x0000110c       0x3c ./source/hmi/input_devices/input_devices.o
 .text.__NVIC_DisableIRQ
                0x00001148       0x48 ./source/hmi/input_devices/input_devices.o
 .text.__NVIC_SetPriority
                0x00001190       0x54 ./source/hmi/input_devices/input_devices.o
 .text.id_init  0x000011e4       0x6c ./source/hmi/input_devices/input_devices.o
                0x000011e4                id_init
 .text.id_get_button_state
                0x00001250       0x38 ./source/hmi/input_devices/input_devices.o
                0x00001250                id_get_button_state
 .text.id_get_encoder_state
                0x00001288       0x34 ./source/hmi/input_devices/input_devices.o
                0x00001288                id_get_encoder_state
 .text.RIT_IRQHandler
                0x000012bc       0x98 ./source/hmi/input_devices/input_devices.o
                0x000012bc                RIT_IRQHandler
 .text.re_task  0x00001354       0xb0 ./source/hmi/input_devices/rotary_encode.o
                0x00001354                re_task
 .text.screen_state_machine
                0x00001404      0x118 ./source/hmi/hmi.o
                0x00001404                screen_state_machine
 .text.hmi_task
                0x0000151c      0x14c ./source/hmi/hmi.o
                0x0000151c                hmi_task
 .text.draw     0x00001668      0x4d4 ./source/hmi/menu_main_screen.o
 .text.helper_uint_to_2digit
                0x00001b3c       0x60 ./source/hmi/screen.o
 .text.menu_open_main
                0x00001b9c       0x34 ./source/hmi/screen.o
                0x00001b9c                menu_open_main
 .text.menu_open_main_drive
                0x00001bd0       0x24 ./source/hmi/screen.o
                0x00001bd0                menu_open_main_drive
 .text.menu_open_main_hardware
                0x00001bf4       0x24 ./source/hmi/screen.o
                0x00001bf4                menu_open_main_hardware
 .text.menu_page_main_about
                0x00001c18       0xa4 ./source/hmi/screen.o
                0x00001c18                menu_page_main_about
 .text.menu_open_hardware_ppm
                0x00001cbc       0x24 ./source/hmi/screen.o
                0x00001cbc                menu_open_hardware_ppm
 .text.menu_open_ppm_servo_motor
                0x00001ce0       0x24 ./source/hmi/screen.o
                0x00001ce0                menu_open_ppm_servo_motor
 .text.menu_open_ppm_motor_left
                0x00001d04       0x24 ./source/hmi/screen.o
                0x00001d04                menu_open_ppm_motor_left
 .text.menu_open_ppm_motor_right
                0x00001d28       0x24 ./source/hmi/screen.o
                0x00001d28                menu_open_ppm_motor_right
 .text.menu_open_ppm_restore
                0x00001d4c       0x24 ./source/hmi/screen.o
                0x00001d4c                menu_open_ppm_restore
 .text.menu_open_hardware_camera
                0x00001d70       0x24 ./source/hmi/screen.o
                0x00001d70                menu_open_hardware_camera
 .text.menu_open_hardware_parameter_camera
                0x00001d94       0x24 ./source/hmi/screen.o
                0x00001d94                menu_open_hardware_parameter_camera
 .text.menu_page_pixel_display_camera
                0x00001db8      0x2e4 ./source/hmi/screen.o
                0x00001db8                menu_page_pixel_display_camera
 .text.menu_page_calibration_camera
                0x0000209c       0x9c ./source/hmi/screen.o
                0x0000209c                menu_page_calibration_camera
 .text.screen_main
                0x00002138       0x74 ./source/hmi/screen.o
                0x00002138                screen_main
 .text.screen_update_header
                0x000021ac      0x1a0 ./source/hmi/screen.o
                0x000021ac                screen_update_header
 .text.screen_bg
                0x0000234c      0x1d0 ./source/hmi/screen.o
                0x0000234c                screen_bg
 .text.BLDC_Init
                0x0000251c       0xa4 ./source/drive/drive.o
                0x0000251c                BLDC_Init
 .text.CTIMER3_Init
                0x000025c0       0x48 ./source/drive/drive.o
                0x000025c0                CTIMER3_Init
 .text.menu_list_draw
                0x00002608      0x68c ./source/display/menu/design/menu_list.o
                0x00002608                menu_list_draw
 .text.DMA_EnableChannel
                0x00002c94       0x58 ./source/display/interface/i2c_rtos_interface.o
 .text.i2c_m_rtos_init
                0x00002cec       0xb8 ./source/display/interface/i2c_rtos_interface.o
                0x00002cec                i2c_m_rtos_init
 .text.callback
                0x00002da4       0x4c ./source/display/interface/i2c_rtos_interface.o
 .text.ssd1309_init
                0x00002df0       0x6c ./source/display/driver/ssd1309.o
                0x00002df0                ssd1309_init
 .text.ssd1309_rtos_init
                0x00002e5c       0xb8 ./source/display/driver/ssd1309_rtos.o
                0x00002e5c                ssd1309_rtos_init
 .text.ssd1309_send
                0x00002f14       0x60 ./source/display/adapter/disp_adapter.o
                0x00002f14                ssd1309_send
 .text.menu_set_pixel
                0x00002f74       0x34 ./source/display/adapter/menu_adapter.o
                0x00002f74                menu_set_pixel
 .text.menu_draw_rect
                0x00002fa8       0x40 ./source/display/adapter/menu_adapter.o
                0x00002fa8                menu_draw_rect
 .text.menu_write_str
                0x00002fe8       0x44 ./source/display/adapter/menu_adapter.o
                0x00002fe8                menu_write_str
 .text.menu_disp_lock
                0x0000302c       0x1c ./source/display/adapter/menu_adapter.o
                0x0000302c                menu_disp_lock
 .text.menu_disp_unlock
                0x00003048       0x1c ./source/display/adapter/menu_adapter.o
                0x00003048                menu_disp_unlock
 .text.__NVIC_SetPriority
                0x00003064       0x54 ./source/display/display.o
 .text.DISPLAY_Init
                0x000030b8       0x5c ./source/display/display.o
                0x000030b8                DISPLAY_Init
 .text.__NVIC_EnableIRQ
                0x00003114       0x3c ./source/camera/camera.o
 .text.__NVIC_SetPriority
                0x00003150       0x54 ./source/camera/camera.o
 .text.CAM_Init
                0x000031a4       0x34 ./source/camera/camera.o
                0x000031a4                CAM_Init
 .text.CTIMER0_Init
                0x000031d8       0x4c ./source/camera/camera.o
                0x000031d8                CTIMER0_Init
 .text.CTIMER4_Init
                0x00003224       0x4c ./source/camera/camera.o
                0x00003224                CTIMER4_Init
 .text.SCTimer_Clock_Config
                0x00003270       0x74 ./source/camera/camera.o
                0x00003270                SCTimer_Clock_Config
 .text.SCTimer_CamCLK_Init
                0x000032e4       0xdc ./source/camera/camera.o
                0x000032e4                SCTimer_CamCLK_Init
 .text.SCTimer_SIEvents_Init
                0x000033c0      0x118 ./source/camera/camera.o
                0x000033c0                SCTimer_SIEvents_Init
 .text.CTIMER0_IRQHandler
                0x000034d8       0x38 ./source/camera/camera.o
                0x000034d8                CTIMER0_IRQHandler
 .text.CTIMER4_IRQHandler
                0x00003510       0x38 ./source/camera/camera.o
                0x00003510                CTIMER4_IRQHandler
 .text.SCTimer_ADCTrigger_Init
                0x00003548       0x40 ./source/camera/camera.o
                0x00003548                SCTimer_ADCTrigger_Init
 .text.ADC_Calibration
                0x00003588       0x6c ./source/camera/camera.o
                0x00003588                ADC_Calibration
 .text.ADC_Config
                0x000035f4      0x1a0 ./source/camera/camera.o
                0x000035f4                ADC_Config
 .text.ADC0_SEQA_IRQHandler
                0x00003794       0x8c ./source/camera/camera.o
                0x00003794                ADC0_SEQA_IRQHandler
 .text.SCT0_IRQHandler
                0x00003820       0x80 ./source/camera/camera.o
                0x00003820                SCT0_IRQHandler
 .text.Camera_Exposure_time_task
                0x000038a0      0x124 ./source/camera/camera.o
                0x000038a0                Camera_Exposure_time_task
 .text.menu_func_edge_calibration
                0x000039c4       0x60 ./source/camera/camera.o
                0x000039c4                menu_func_edge_calibration
 .text.Edge_Detection
                0x00003a24      0x47c ./source/camera/camera.o
                0x00003a24                Edge_Detection
 .text.LED_Blink_Task
                0x00003ea0       0x24 ./source/board/board_func.o
                0x00003ea0                LED_Blink_Task
 .text.Board_Init
                0x00003ec4       0x30 ./source/board/board_func.o
                0x00003ec4                Board_Init
 .text.CLKOUT_Init
                0x00003ef4       0x60 ./source/board/board_func.o
                0x00003ef4                CLKOUT_Init
 .text.main     0x00003f54       0xc8 ./source/main_gustl.o
                0x00003f54                main
 .text.PARAM_Init
                0x0000401c       0x64 ./source/param.o
                0x0000401c                PARAM_Init
 .text.param_save
                0x00004080       0x74 ./source/param.o
                0x00004080                param_save
 .text.menu_func_servo_motor_test
                0x000040f4       0xd8 ./source/settings.o
                0x000040f4                menu_func_servo_motor_test
 .text.menu_func_servo_motor_init
                0x000041cc       0x3c ./source/settings.o
                0x000041cc                menu_func_servo_motor_init
 .text.menu_func_servo_motor_left
                0x00004208       0x60 ./source/settings.o
                0x00004208                menu_func_servo_motor_left
 .text.menu_func_servo_motor_right
                0x00004268       0x60 ./source/settings.o
                0x00004268                menu_func_servo_motor_right
 .text.menu_func_bldcLeft_test
                0x000042c8       0xa8 ./source/settings.o
                0x000042c8                menu_func_bldcLeft_test
 .text.menu_func_bldc_motor_left_init
                0x00004370       0x38 ./source/settings.o
                0x00004370                menu_func_bldc_motor_left_init
 .text.menu_func_bldc_motor_left_min
                0x000043a8       0x5c ./source/settings.o
                0x000043a8                menu_func_bldc_motor_left_min
 .text.menu_func_bldcRight_test
                0x00004404       0xb0 ./source/settings.o
                0x00004404                menu_func_bldcRight_test
 .text.menu_func_restore
                0x000044b4       0x88 ./source/settings.o
                0x000044b4                menu_func_restore
 .text.pvPortMalloc
                0x0000453c      0x198 ./freertos/freertos_kernel/portable/MemMang/heap_4.o
                0x0000453c                pvPortMalloc
 .text.vPortFree
                0x000046d4       0xc4 ./freertos/freertos_kernel/portable/MemMang/heap_4.o
                0x000046d4                vPortFree
 .text.prvHeapInit
                0x00004798       0xc4 ./freertos/freertos_kernel/portable/MemMang/heap_4.o
 .text.prvInsertBlockIntoFreeList
                0x0000485c       0xb4 ./freertos/freertos_kernel/portable/MemMang/heap_4.o
 .text.pxPortInitialiseStack
                0x00004910       0x68 ./freertos/freertos_kernel/portable/GCC/ARM_CM4F/port.o
                0x00004910                pxPortInitialiseStack
 .text.prvTaskExitError
                0x00004978       0x58 ./freertos/freertos_kernel/portable/GCC/ARM_CM4F/port.o
 .text.prvPortStartFirstTask
                0x000049d0       0x28 ./freertos/freertos_kernel/portable/GCC/ARM_CM4F/port.o
 .text.xPortStartScheduler
                0x000049f8      0x144 ./freertos/freertos_kernel/portable/GCC/ARM_CM4F/port.o
                0x000049f8                xPortStartScheduler
 .text.vPortEnterCritical
                0x00004b3c       0x60 ./freertos/freertos_kernel/portable/GCC/ARM_CM4F/port.o
                0x00004b3c                vPortEnterCritical
 .text.vPortExitCritical
                0x00004b9c       0x54 ./freertos/freertos_kernel/portable/GCC/ARM_CM4F/port.o
                0x00004b9c                vPortExitCritical
 .text.SysTick_Handler
                0x00004bf0       0x44 ./freertos/freertos_kernel/portable/GCC/ARM_CM4F/port.o
                0x00004bf0                SysTick_Handler
 .text.vPortSetupTimerInterrupt
                0x00004c34       0x48 ./freertos/freertos_kernel/portable/GCC/ARM_CM4F/port.o
                0x00004c34                vPortSetupTimerInterrupt
 .text.vPortEnableVFP
                0x00004c7c       0x14 ./freertos/freertos_kernel/portable/GCC/ARM_CM4F/port.o
 .text.vPortValidateInterruptPriority
                0x00004c90       0x80 ./freertos/freertos_kernel/portable/GCC/ARM_CM4F/port.o
                0x00004c90                vPortValidateInterruptPriority
 .text.xQueueGenericReset
                0x00004d10       0xd0 ./freertos/freertos_kernel/queue.o
                0x00004d10                xQueueGenericReset
 .text.xQueueGenericSend
                0x00004de0      0x1fc ./freertos/freertos_kernel/queue.o
                0x00004de0                xQueueGenericSend
 .text.xQueueReceive
                0x00004fdc      0x1c0 ./freertos/freertos_kernel/queue.o
                0x00004fdc                xQueueReceive
 .text.xQueueSemaphoreTake
                0x0000519c      0x21c ./freertos/freertos_kernel/queue.o
                0x0000519c                xQueueSemaphoreTake
 .text.vQueueAddToRegistry
                0x000053b8       0x54 ./freertos/freertos_kernel/queue.o
                0x000053b8                vQueueAddToRegistry
 .text.prvAddNewTaskToReadyList
                0x0000540c       0xdc ./freertos/freertos_kernel/tasks.o
 .text.vTaskDelayUntil
                0x000054e8       0xfc ./freertos/freertos_kernel/tasks.o
                0x000054e8                vTaskDelayUntil
 .text.vTaskDelay
                0x000055e4       0x68 ./freertos/freertos_kernel/tasks.o
                0x000055e4                vTaskDelay
 .text.vTaskStartScheduler
                0x0000564c       0x9c ./freertos/freertos_kernel/tasks.o
                0x0000564c                vTaskStartScheduler
 .text.vTaskSuspendAll
                0x000056e8       0x1c ./freertos/freertos_kernel/tasks.o
                0x000056e8                vTaskSuspendAll
 .text.xTaskResumeAll
                0x00005704      0x138 ./freertos/freertos_kernel/tasks.o
                0x00005704                xTaskResumeAll
 .text.xTaskGetTickCount
                0x0000583c       0x20 ./freertos/freertos_kernel/tasks.o
                0x0000583c                xTaskGetTickCount
 .text.xTaskIncrementTick
                0x0000585c      0x154 ./freertos/freertos_kernel/tasks.o
                0x0000585c                xTaskIncrementTick
 .text.vTaskSwitchContext
                0x000059b0       0xb8 ./freertos/freertos_kernel/tasks.o
                0x000059b0                vTaskSwitchContext
 .text.vTaskPlaceOnEventList
                0x00005a68       0x48 ./freertos/freertos_kernel/tasks.o
                0x00005a68                vTaskPlaceOnEventList
 .text.vTaskPlaceOnEventListRestricted
                0x00005ab0       0x58 ./freertos/freertos_kernel/tasks.o
                0x00005ab0                vTaskPlaceOnEventListRestricted
 .text.xTaskRemoveFromEventList
                0x00005b08       0xc4 ./freertos/freertos_kernel/tasks.o
                0x00005b08                xTaskRemoveFromEventList
 .text.vTaskInternalSetTimeOutState
                0x00005bcc       0x2c ./freertos/freertos_kernel/tasks.o
                0x00005bcc                vTaskInternalSetTimeOutState
 .text.xTaskCheckForTimeOut
                0x00005bf8       0xc4 ./freertos/freertos_kernel/tasks.o
                0x00005bf8                xTaskCheckForTimeOut
 .text.vTaskMissedYield
                0x00005cbc       0x18 ./freertos/freertos_kernel/tasks.o
                0x00005cbc                vTaskMissedYield
 .text.prvIdleTask
                0x00005cd4       0x30 ./freertos/freertos_kernel/tasks.o
 .text.prvInitialiseTaskLists
                0x00005d04       0x80 ./freertos/freertos_kernel/tasks.o
 .text.prvCheckTasksWaitingTermination
                0x00005d84       0x5c ./freertos/freertos_kernel/tasks.o
 .text.prvResetNextTaskUnblockTime
                0x00005de0       0x40 ./freertos/freertos_kernel/tasks.o
 .text.xTaskGetSchedulerState
                0x00005e20       0x3c ./freertos/freertos_kernel/tasks.o
                0x00005e20                xTaskGetSchedulerState
 .text.xTaskPriorityInherit
                0x00005e5c       0xec ./freertos/freertos_kernel/tasks.o
                0x00005e5c                xTaskPriorityInherit
 .text.xTaskPriorityDisinherit
                0x00005f48      0x10c ./freertos/freertos_kernel/tasks.o
                0x00005f48                xTaskPriorityDisinherit
 .text.vTaskPriorityDisinheritAfterTimeout
                0x00006054      0x11c ./freertos/freertos_kernel/tasks.o
                0x00006054                vTaskPriorityDisinheritAfterTimeout
 .text.pvTaskIncrementMutexHeldCount
                0x00006170       0x28 ./freertos/freertos_kernel/tasks.o
                0x00006170                pvTaskIncrementMutexHeldCount
 .text.prvAddCurrentTaskToDelayedList
                0x00006198       0xcc ./freertos/freertos_kernel/tasks.o
 .text.xTimerCreateTimerTask
                0x00006264       0x64 ./freertos/freertos_kernel/timers.o
                0x00006264                xTimerCreateTimerTask
 .text.xTimerGenericCommand
                0x000062c8       0x9c ./freertos/freertos_kernel/timers.o
                0x000062c8                xTimerGenericCommand
 .text.prvProcessExpiredTimer
                0x00006364       0x98 ./freertos/freertos_kernel/timers.o
 .text.prvProcessTimerOrBlockTask
                0x000063fc       0x9c ./freertos/freertos_kernel/timers.o
 .text.prvGetNextExpireTime
                0x00006498       0x48 ./freertos/freertos_kernel/timers.o
 .text.prvSampleTimeNow
                0x000064e0       0x40 ./freertos/freertos_kernel/timers.o
 .text.prvInsertTimerInActiveList
                0x00006520       0x84 ./freertos/freertos_kernel/timers.o
 .text.prvProcessReceivedCommands
                0x000065a4      0x1c4 ./freertos/freertos_kernel/timers.o
 .text.prvSwitchTimerLists
                0x00006768       0xc8 ./freertos/freertos_kernel/timers.o
 .text.prvCheckForValidListAndQueue
                0x00006830       0x6c ./freertos/freertos_kernel/timers.o
 .text.CLOCK_GetAsyncApbClkSrc
                0x0000689c       0x24 ./drivers/fsl_clock.o
 .text.CLOCK_AttachClk
                0x000068c0       0x94 ./drivers/fsl_clock.o
                0x000068c0                CLOCK_AttachClk
 .text.CLOCK_SetClkDiv
                0x00006954       0x5c ./drivers/fsl_clock.o
                0x00006954                CLOCK_SetClkDiv
 .text.CLOCK_SetupFROClocking
                0x000069b0       0xc4 ./drivers/fsl_clock.o
                0x000069b0                CLOCK_SetupFROClocking
 .text.CLOCK_GetClockOutClkFreq
                0x00006a74       0xa0 ./drivers/fsl_clock.o
                0x00006a74                CLOCK_GetClockOutClkFreq
 .text.CLOCK_GetMclkClkFreq
                0x00006b14       0x70 ./drivers/fsl_clock.o
                0x00006b14                CLOCK_GetMclkClkFreq
 .text.CLOCK_GetFro12MFreq
                0x00006b84       0x28 ./drivers/fsl_clock.o
                0x00006b84                CLOCK_GetFro12MFreq
 .text.CLOCK_GetExtClkFreq
                0x00006bac       0x14 ./drivers/fsl_clock.o
                0x00006bac                CLOCK_GetExtClkFreq
 .text.CLOCK_GetWdtOscFreq
                0x00006bc0       0x68 ./drivers/fsl_clock.o
                0x00006bc0                CLOCK_GetWdtOscFreq
 .text.CLOCK_GetFroHfFreq
                0x00006c28       0x50 ./drivers/fsl_clock.o
                0x00006c28                CLOCK_GetFroHfFreq
 .text.CLOCK_GetPllOutFreq
                0x00006c78       0x18 ./drivers/fsl_clock.o
                0x00006c78                CLOCK_GetPllOutFreq
 .text.CLOCK_GetAudioPllOutFreq
                0x00006c90       0x18 ./drivers/fsl_clock.o
                0x00006c90                CLOCK_GetAudioPllOutFreq
 .text.CLOCK_GetUsbPllOutFreq
                0x00006ca8       0x18 ./drivers/fsl_clock.o
                0x00006ca8                CLOCK_GetUsbPllOutFreq
 .text.CLOCK_GetCoreSysClkFreq
                0x00006cc0       0x9c ./drivers/fsl_clock.o
                0x00006cc0                CLOCK_GetCoreSysClkFreq
 .text.CLOCK_GetAsyncApbClkFreq
                0x00006d5c       0x3c ./drivers/fsl_clock.o
                0x00006d5c                CLOCK_GetAsyncApbClkFreq
 .text.CLOCK_GetFRGInputClock
                0x00006d98       0x60 ./drivers/fsl_clock.o
                0x00006d98                CLOCK_GetFRGInputClock
 .text.CLOCK_GetFreq
                0x00006df8       0xd4 ./drivers/fsl_clock.o
                0x00006df8                CLOCK_GetFreq
 .text.CLOCK_SetFLASHAccessCyclesForFreq
                0x00006ecc       0xd0 ./drivers/fsl_clock.o
                0x00006ecc                CLOCK_SetFLASHAccessCyclesForFreq
 .text.CLOCK_SetPLLFreq
                0x00006f9c      0x128 ./drivers/fsl_clock.o
                0x00006f9c                CLOCK_SetPLLFreq
 .text.SDK_DelayAtLeastUs
                0x000070c4       0x94 ./drivers/fsl_common.o
                0x000070c4                SDK_DelayAtLeastUs
 .text.__NVIC_EnableIRQ
                0x00007158       0x3c ./drivers/fsl_ctimer.o
 .text.CLOCK_EnableClock
                0x00007194       0x54 ./drivers/fsl_ctimer.o
 .text.CTIMER_GetInstance
                0x000071e8       0x54 ./drivers/fsl_ctimer.o
 .text.CTIMER_Init
                0x0000723c       0x74 ./drivers/fsl_ctimer.o
                0x0000723c                CTIMER_Init
 .text.CTIMER_SetupPwmPeriod
                0x000072b0       0xc4 ./drivers/fsl_ctimer.o
                0x000072b0                CTIMER_SetupPwmPeriod
 .text.CTIMER_SetupCapture
                0x00007374       0xa0 ./drivers/fsl_ctimer.o
                0x00007374                CTIMER_SetupCapture
 .text.CTIMER_RegisterCallBack
                0x00007414       0x3c ./drivers/fsl_ctimer.o
                0x00007414                CTIMER_RegisterCallBack
 .text.CTIMER_GenericIRQHandler
                0x00007450       0xbc ./drivers/fsl_ctimer.o
                0x00007450                CTIMER_GenericIRQHandler
 .text.__NVIC_EnableIRQ
                0x0000750c       0x3c ./drivers/fsl_dma.o
 .text.CLOCK_EnableClock
                0x00007548       0x54 ./drivers/fsl_dma.o
 .text.DMA_ChannelIsActive
                0x0000759c       0x50 ./drivers/fsl_dma.o
 .text.DMA_EnableChannelInterrupts
                0x000075ec       0x58 ./drivers/fsl_dma.o
 .text.DMA_EnableChannel
                0x00007644       0x58 ./drivers/fsl_dma.o
 .text.DMA_DisableChannel
                0x0000769c       0x58 ./drivers/fsl_dma.o
 .text.DMA_EnableChannelPeriphRq
                0x000076f4       0x40 ./drivers/fsl_dma.o
 .text.DMA_DisableChannelPeriphRq
                0x00007734       0x40 ./drivers/fsl_dma.o
 .text.DMA_GetInstance
                0x00007774       0x44 ./drivers/fsl_dma.o
 .text.DMA_Init
                0x000077b8       0x54 ./drivers/fsl_dma.o
                0x000077b8                DMA_Init
 .text.DMA_SetupXferCFG
                0x0000780c      0x148 ./drivers/fsl_dma.o
 .text.DMA_SetupDescriptor
                0x00007954      0x124 ./drivers/fsl_dma.o
                0x00007954                DMA_SetupDescriptor
 .text.DMA_CreateDescriptor
                0x00007a78       0x94 ./drivers/fsl_dma.o
                0x00007a78                DMA_CreateDescriptor
 .text.DMA_AbortTransfer
                0x00007b0c       0xa8 ./drivers/fsl_dma.o
                0x00007b0c                DMA_AbortTransfer
 .text.DMA_CreateHandle
                0x00007bb4       0x7c ./drivers/fsl_dma.o
                0x00007bb4                DMA_CreateHandle
 .text.DMA_SetCallback
                0x00007c30       0x30 ./drivers/fsl_dma.o
                0x00007c30                DMA_SetCallback
 .text.DMA_PrepareTransfer
                0x00007c60      0x140 ./drivers/fsl_dma.o
                0x00007c60                DMA_PrepareTransfer
 .text.DMA_SubmitTransfer
                0x00007da0       0xd8 ./drivers/fsl_dma.o
                0x00007da0                DMA_SubmitTransfer
 .text.DMA_StartTransfer
                0x00007e78       0x80 ./drivers/fsl_dma.o
                0x00007e78                DMA_StartTransfer
 .text.DMA_IRQHandle
                0x00007ef8      0x168 ./drivers/fsl_dma.o
                0x00007ef8                DMA_IRQHandle
 .text.DMA0_DriverIRQHandler
                0x00008060       0x18 ./drivers/fsl_dma.o
                0x00008060                DMA0_DriverIRQHandler
 .text.CLOCK_EnableClock
                0x00008078       0x54 ./drivers/fsl_eeprom.o
 .text.EEPROM_GetInstance
                0x000080cc       0x44 ./drivers/fsl_eeprom.o
 .text.EEPROM_Init
                0x00008110       0xf0 ./drivers/fsl_eeprom.o
                0x00008110                EEPROM_Init
 .text.CLOCK_EnableClock
                0x00008200       0x54 ./drivers/fsl_flexcomm.o
 .text.FLEXCOMM_GetInstance
                0x00008254       0x50 ./drivers/fsl_flexcomm.o
                0x00008254                FLEXCOMM_GetInstance
 .text.FLEXCOMM_Init
                0x000082a4       0x50 ./drivers/fsl_flexcomm.o
                0x000082a4                FLEXCOMM_Init
 .text.FLEXCOMM_SetIRQHandler
                0x000082f4       0x48 ./drivers/fsl_flexcomm.o
                0x000082f4                FLEXCOMM_SetIRQHandler
 .text.FLEXCOMM0_DriverIRQHandler
                0x0000833c       0x3c ./drivers/fsl_flexcomm.o
                0x0000833c                FLEXCOMM0_DriverIRQHandler
 .text.FLEXCOMM1_DriverIRQHandler
                0x00008378       0x3c ./drivers/fsl_flexcomm.o
                0x00008378                FLEXCOMM1_DriverIRQHandler
 .text.FLEXCOMM2_DriverIRQHandler
                0x000083b4       0x3c ./drivers/fsl_flexcomm.o
                0x000083b4                FLEXCOMM2_DriverIRQHandler
 .text.FLEXCOMM3_DriverIRQHandler
                0x000083f0       0x3c ./drivers/fsl_flexcomm.o
                0x000083f0                FLEXCOMM3_DriverIRQHandler
 .text.FLEXCOMM4_DriverIRQHandler
                0x0000842c       0x3c ./drivers/fsl_flexcomm.o
                0x0000842c                FLEXCOMM4_DriverIRQHandler
 .text.FLEXCOMM5_DriverIRQHandler
                0x00008468       0x3c ./drivers/fsl_flexcomm.o
                0x00008468                FLEXCOMM5_DriverIRQHandler
 .text.FLEXCOMM6_DriverIRQHandler
                0x000084a4       0x3c ./drivers/fsl_flexcomm.o
                0x000084a4                FLEXCOMM6_DriverIRQHandler
 .text.FLEXCOMM7_DriverIRQHandler
                0x000084e0       0x3c ./drivers/fsl_flexcomm.o
                0x000084e0                FLEXCOMM7_DriverIRQHandler
 .text.FLEXCOMM8_DriverIRQHandler
                0x0000851c       0x3c ./drivers/fsl_flexcomm.o
                0x0000851c                FLEXCOMM8_DriverIRQHandler
 .text.FLEXCOMM9_DriverIRQHandler
                0x00008558       0x3c ./drivers/fsl_flexcomm.o
                0x00008558                FLEXCOMM9_DriverIRQHandler
 .text.I2C_GetInstance
                0x00008594       0x4c ./drivers/fsl_i2c.o
                0x00008594                I2C_GetInstance
 .text.I2C_MasterGetDefaultConfig
                0x000085e0       0x30 ./drivers/fsl_i2c.o
                0x000085e0                I2C_MasterGetDefaultConfig
 .text.I2C_MasterSetBaudRate
                0x00008610       0xd4 ./drivers/fsl_i2c.o
                0x00008610                I2C_MasterSetBaudRate
 .text.__NVIC_EnableIRQ
                0x000086e4       0x3c ./drivers/fsl_i2c_dma.o
 .text.I2C_RunDMATransfer
                0x00008720       0xe8 ./drivers/fsl_i2c_dma.o
 .text.I2C_RunTransferStateMachineDMA
                0x00008808      0x34c ./drivers/fsl_i2c_dma.o
 .text.I2C_MasterTransferCreateHandleDMA
                0x00008b54       0xbc ./drivers/fsl_i2c_dma.o
                0x00008b54                I2C_MasterTransferCreateHandleDMA
 .text.I2C_MasterTransferDMA
                0x00008c10       0x74 ./drivers/fsl_i2c_dma.o
                0x00008c10                I2C_MasterTransferDMA
 .text.RESET_SetPeripheralReset
                0x00008c84       0x7c ./drivers/fsl_reset.o
                0x00008c84                RESET_SetPeripheralReset
 .text.RESET_ClearPeripheralReset
                0x00008d00       0x80 ./drivers/fsl_reset.o
                0x00008d00                RESET_ClearPeripheralReset
 .text.CLOCK_EnableClock
                0x00008d80       0x54 ./drivers/fsl_rit.o
 .text.RIT_GetInstance
                0x00008dd4       0x44 ./drivers/fsl_rit.o
 .text.RIT_Init
                0x00008e18       0x68 ./drivers/fsl_rit.o
                0x00008e18                RIT_Init
 .text.SystemInit
                0x00008e80       0x40 ./device/system_LPC54628.o
                0x00008e80                SystemInit
 .text.BOARD_BootClockPLL220M
                0x00008ec0       0xc4 ./board/clock_config.o
                0x00008ec0                BOARD_BootClockPLL220M
 .text.CLOCK_EnableClock
                0x00008f84       0x54 ./board/pin_mux.o
 .text.BOARD_InitPins
                0x00008fd8       0x74 ./board/pin_mux.o
                0x00008fd8                BOARD_InitPins
 .text.BOARD_InitLEDsPins
                0x0000904c       0xb0 ./board/pin_mux.o
                0x0000904c                BOARD_InitLEDsPins
 .text.POWER_SetVoltageForFreq
                0x000090fc       0x44 D:\Studium\NXP-Cup\nxp-proj\nxp-proj\libs\libpower_hardabi.a(fsl_power_lib.o)
                0x000090fc                POWER_SetVoltageForFreq
 .text.POWER_SetPLL
                0x00009140       0x1c D:\Studium\NXP-Cup\nxp-proj\nxp-proj\libs\libpower_hardabi.a(fsl_power_lib.o)
                0x00009140                POWER_SetPLL
 .text.malloc   0x0000915c       0xc8 d:/studium/mcuxpressoide_11.7.1_9221/ide/plugins/com.nxp.mcuxpresso.tools.win32_11.7.1.202301190959/tools/bin/../lib/gcc/arm-none-eabi/10.3.1/../../../../arm-none-eabi/lib/thumb/v7e-m+fp/hard\libcr_c.a(alloc.o)
                0x0000915c                malloc
 .text._Csys_alloc
                0x00009224       0x20 d:/studium/mcuxpressoide_11.7.1_9221/ide/plugins/com.nxp.mcuxpresso.tools.win32_11.7.1.202301190959/tools/bin/../lib/gcc/arm-none-eabi/10.3.1/../../../../arm-none-eabi/lib/thumb/v7e-m+fp/hard\libcr_c.a(alloc.o)
                0x00009224                _Csys_alloc
 .text._initio  0x00009244       0x78 d:/studium/mcuxpressoide_11.7.1_9221/ide/plugins/com.nxp.mcuxpresso.tools.win32_11.7.1.202301190959/tools/bin/../lib/gcc/arm-none-eabi/10.3.1/../../../../arm-none-eabi/lib/thumb/v7e-m+fp/hard\libcr_c.a(initio.o)
                0x00009244                _initio
 .text.__vfprintf
                0x000092bc      0xbf8 d:/studium/mcuxpressoide_11.7.1_9221/ide/plugins/com.nxp.mcuxpresso.tools.win32_11.7.1.202301190959/tools/bin/../lib/gcc/arm-none-eabi/10.3.1/../../../../arm-none-eabi/lib/thumb/v7e-m+fp/hard\libcr_c.a(printf.o)
                0x000092bc                __vfprintf
 .text._sprintf
                0x00009eb4       0x6c d:/studium/mcuxpressoide_11.7.1_9221/ide/plugins/com.nxp.mcuxpresso.tools.win32_11.7.1.202301190959/tools/bin/../lib/gcc/arm-none-eabi/10.3.1/../../../../arm-none-eabi/lib/thumb/v7e-m+fp/hard\libcr_c.a(printf.o)
                0x00009eb4                _sprintf
 .text._vsnprintf
                0x00009f20       0x68 d:/studium/mcuxpressoide_11.7.1_9221/ide/plugins/com.nxp.mcuxpresso.tools.win32_11.7.1.202301190959/tools/bin/../lib/gcc/arm-none-eabi/10.3.1/../../../../arm-none-eabi/lib/thumb/v7e-m+fp/hard\libcr_c.a(printf.o)
                0x00009f20                _vsnprintf
 .text._printf  0x00009f88       0x54 d:/studium/mcuxpressoide_11.7.1_9221/ide/plugins/com.nxp.mcuxpresso.tools.win32_11.7.1.202301190959/tools/bin/../lib/gcc/arm-none-eabi/10.3.1/../../../../arm-none-eabi/lib/thumb/v7e-m+fp/hard\libcr_c.a(printf.o)
                0x00009f88                _printf
 .text._sbrk    0x00009fdc       0x3c d:/studium/mcuxpressoide_11.7.1_9221/ide/plugins/com.nxp.mcuxpresso.tools.win32_11.7.1.202301190959/tools/bin/../lib/gcc/arm-none-eabi/10.3.1/../../../../arm-none-eabi/lib/thumb/v7e-m+fp/hard\libcr_c.a(_cr_sbrk.o)
                0x00009fdc                _sbrk
 .text._Cwritebuf
                0x0000a018       0x6c d:/studium/mcuxpressoide_11.7.1_9221/ide/plugins/com.nxp.mcuxpresso.tools.win32_11.7.1.202301190959/tools/bin/../lib/gcc/arm-none-eabi/10.3.1/../../../../arm-none-eabi/lib/thumb/v7e-m+fp/hard\libcr_c.a(_writebuf.o)
                0x0000a018                _Cwritebuf
 .text.fflush   0x0000a084       0x3c d:/studium/mcuxpressoide_11.7.1_9221/ide/plugins/com.nxp.mcuxpresso.tools.win32_11.7.1.202301190959/tools/bin/../lib/gcc/arm-none-eabi/10.3.1/../../../../arm-none-eabi/lib/thumb/v7e-m+fp/hard\libcr_c.a(fflush.o)
                0x0000a084                fflush
 .text.fseek    0x0000a0c0       0xfc d:/studium/mcuxpressoide_11.7.1_9221/ide/plugins/com.nxp.mcuxpresso.tools.win32_11.7.1.202301190959/tools/bin/../lib/gcc/arm-none-eabi/10.3.1/../../../../arm-none-eabi/lib/thumb/v7e-m+fp/hard\libcr_c.a(fseek.o)
                0x0000a0c0                fseek
 .text.ftell    0x0000a1bc       0x44 d:/studium/mcuxpressoide_11.7.1_9221/ide/plugins/com.nxp.mcuxpresso.tools.win32_11.7.1.202301190959/tools/bin/../lib/gcc/arm-none-eabi/10.3.1/../../../../arm-none-eabi/lib/thumb/v7e-m+fp/hard\libcr_c.a(ftell.o)
                0x0000a1bc                ftell
 .text.__check_heap_overflow
                0x0000a200       0x18 d:/studium/mcuxpressoide_11.7.1_9221/ide/plugins/com.nxp.mcuxpresso.tools.win32_11.7.1.202301190959/tools/bin/../lib/gcc/arm-none-eabi/10.3.1/../../../../arm-none-eabi/lib/thumb/v7e-m+fp/hard\libcr_c.a(_cr_check_heap.o)
                0x0000a200                __check_heap_overflow
 .text.__aeabi_dmul
                0x0000a218       0xfc d:/studium/mcuxpressoide_11.7.1_9221/ide/plugins/com.nxp.mcuxpresso.tools.win32_11.7.1.202301190959/tools/bin/../lib/gcc/arm-none-eabi/10.3.1/thumb/v7e-m+fp/hard\libcr_eabihelpers.a(double.o)
                0x0000a218                __aeabi_dmul
 .text.__aeabi_ddiv
                0x0000a314      0x138 d:/studium/mcuxpressoide_11.7.1_9221/ide/plugins/com.nxp.mcuxpresso.tools.win32_11.7.1.202301190959/tools/bin/../lib/gcc/arm-none-eabi/10.3.1/thumb/v7e-m+fp/hard\libcr_eabihelpers.a(double.o)
                0x0000a314                __aeabi_ddiv
 .text.__aeabi_dsub
                0x0000a44c      0x1ac d:/studium/mcuxpressoide_11.7.1_9221/ide/plugins/com.nxp.mcuxpresso.tools.win32_11.7.1.202301190959/tools/bin/../lib/gcc/arm-none-eabi/10.3.1/thumb/v7e-m+fp/hard\libcr_eabihelpers.a(double.o)
                0x0000a44c                __aeabi_dsub
 .text.__aeabi_dadd
                0x0000a5f8      0x114 d:/studium/mcuxpressoide_11.7.1_9221/ide/plugins/com.nxp.mcuxpresso.tools.win32_11.7.1.202301190959/tools/bin/../lib/gcc/arm-none-eabi/10.3.1/thumb/v7e-m+fp/hard\libcr_eabihelpers.a(double.o)
                0x0000a5f8                __aeabi_dadd
 .text.__aeabi_d2f
                0x0000a70c       0x58 d:/studium/mcuxpressoide_11.7.1_9221/ide/plugins/com.nxp.mcuxpresso.tools.win32_11.7.1.202301190959/tools/bin/../lib/gcc/arm-none-eabi/10.3.1/thumb/v7e-m+fp/hard\libcr_eabihelpers.a(double.o)
                0x0000a70c                __aeabi_d2f
 .text.__aeabi_f2d
                0x0000a764       0x38 d:/studium/mcuxpressoide_11.7.1_9221/ide/plugins/com.nxp.mcuxpresso.tools.win32_11.7.1.202301190959/tools/bin/../lib/gcc/arm-none-eabi/10.3.1/thumb/v7e-m+fp/hard\libcr_eabihelpers.a(float.o)
                0x0000a764                __aeabi_f2d
 .text.__sys_appexit
                0x0000a79c        0xc d:/studium/mcuxpressoide_11.7.1_9221/ide/plugins/com.nxp.mcuxpresso.tools.win32_11.7.1.202301190959/tools/bin/../lib/gcc/arm-none-eabi/10.3.1/../../../../arm-none-eabi/lib/thumb/v7e-m+fp/hard\libcr_semihost_nf.a(__sys_appexit.o)
                0x0000a79c                __sys_appexit
                0x0000a79c                __exit
 .text.WDT_BOD_IRQHandler
                0x0000a7a8        0x8 ./startup/startup_lpc54628.o
                0x0000a7a8                WDT_BOD_IRQHandler
 .text.DMA0_IRQHandler
                0x0000a7b0        0x8 ./startup/startup_lpc54628.o
                0x0000a7b0                DMA0_IRQHandler
 .text.GINT0_IRQHandler
                0x0000a7b8        0x8 ./startup/startup_lpc54628.o
                0x0000a7b8                GINT0_IRQHandler
 .text.GINT1_IRQHandler
                0x0000a7c0        0x8 ./startup/startup_lpc54628.o
                0x0000a7c0                GINT1_IRQHandler
 .text.PIN_INT1_IRQHandler
                0x0000a7c8        0x8 ./startup/startup_lpc54628.o
                0x0000a7c8                PIN_INT1_IRQHandler
 .text.PIN_INT2_IRQHandler
                0x0000a7d0        0x8 ./startup/startup_lpc54628.o
                0x0000a7d0                PIN_INT2_IRQHandler
 .text.PIN_INT3_IRQHandler
                0x0000a7d8        0x8 ./startup/startup_lpc54628.o
                0x0000a7d8                PIN_INT3_IRQHandler
 .text.UTICK0_IRQHandler
                0x0000a7e0        0x8 ./startup/startup_lpc54628.o
                0x0000a7e0                UTICK0_IRQHandler
 .text.CTIMER1_IRQHandler
                0x0000a7e8        0x8 ./startup/startup_lpc54628.o
                0x0000a7e8                CTIMER1_IRQHandler
 .text.CTIMER3_IRQHandler
                0x0000a7f0        0x8 ./startup/startup_lpc54628.o
                0x0000a7f0                CTIMER3_IRQHandler
 .text.FLEXCOMM0_IRQHandler
                0x0000a7f8        0x8 ./startup/startup_lpc54628.o
                0x0000a7f8                FLEXCOMM0_IRQHandler
 .text.FLEXCOMM1_IRQHandler
                0x0000a800        0x8 ./startup/startup_lpc54628.o
                0x0000a800                FLEXCOMM1_IRQHandler
 .text.FLEXCOMM2_IRQHandler
                0x0000a808        0x8 ./startup/startup_lpc54628.o
                0x0000a808                FLEXCOMM2_IRQHandler
 .text.FLEXCOMM3_IRQHandler
                0x0000a810        0x8 ./startup/startup_lpc54628.o
                0x0000a810                FLEXCOMM3_IRQHandler
 .text.FLEXCOMM4_IRQHandler
                0x0000a818        0x8 ./startup/startup_lpc54628.o
                0x0000a818                FLEXCOMM4_IRQHandler
 .text.FLEXCOMM5_IRQHandler
                0x0000a820        0x8 ./startup/startup_lpc54628.o
                0x0000a820                FLEXCOMM5_IRQHandler
 .text.FLEXCOMM6_IRQHandler
                0x0000a828        0x8 ./startup/startup_lpc54628.o
                0x0000a828                FLEXCOMM6_IRQHandler
 .text.FLEXCOMM7_IRQHandler
                0x0000a830        0x8 ./startup/startup_lpc54628.o
                0x0000a830                FLEXCOMM7_IRQHandler
 .text.ADC0_SEQB_IRQHandler
                0x0000a838        0x8 ./startup/startup_lpc54628.o
                0x0000a838                ADC0_SEQB_IRQHandler
 .text.ADC0_THCMP_IRQHandler
                0x0000a840        0x8 ./startup/startup_lpc54628.o
                0x0000a840                ADC0_THCMP_IRQHandler
 .text.DMIC0_IRQHandler
                0x0000a848        0x8 ./startup/startup_lpc54628.o
                0x0000a848                DMIC0_IRQHandler
 .text.HWVAD0_IRQHandler
                0x0000a850        0x8 ./startup/startup_lpc54628.o
                0x0000a850                HWVAD0_IRQHandler
 .text.USB0_NEEDCLK_IRQHandler
                0x0000a858        0x8 ./startup/startup_lpc54628.o
                0x0000a858                USB0_NEEDCLK_IRQHandler
 .text.USB0_IRQHandler
                0x0000a860        0x8 ./startup/startup_lpc54628.o
                0x0000a860                USB0_IRQHandler
 .text.RTC_IRQHandler
                0x0000a868        0x8 ./startup/startup_lpc54628.o
                0x0000a868                RTC_IRQHandler
 .text.Reserved46_IRQHandler
                0x0000a870        0x8 ./startup/startup_lpc54628.o
                0x0000a870                Reserved46_IRQHandler
 .text.Reserved47_IRQHandler
                0x0000a878        0x8 ./startup/startup_lpc54628.o
                0x0000a878                Reserved47_IRQHandler
 .text.PIN_INT4_IRQHandler
                0x0000a880        0x8 ./startup/startup_lpc54628.o
                0x0000a880                PIN_INT4_IRQHandler
 .text.PIN_INT5_IRQHandler
                0x0000a888        0x8 ./startup/startup_lpc54628.o
                0x0000a888                PIN_INT5_IRQHandler
 .text.PIN_INT6_IRQHandler
                0x0000a890        0x8 ./startup/startup_lpc54628.o
                0x0000a890                PIN_INT6_IRQHandler
 .text.PIN_INT7_IRQHandler
                0x0000a898        0x8 ./startup/startup_lpc54628.o
                0x0000a898                PIN_INT7_IRQHandler
 .text.CTIMER2_IRQHandler
                0x0000a8a0        0x8 ./startup/startup_lpc54628.o
                0x0000a8a0                CTIMER2_IRQHandler
 .text.SPIFI0_IRQHandler
                0x0000a8a8        0x8 ./startup/startup_lpc54628.o
                0x0000a8a8                SPIFI0_IRQHandler
 .text.FLEXCOMM8_IRQHandler
                0x0000a8b0        0x8 ./startup/startup_lpc54628.o
                0x0000a8b0                FLEXCOMM8_IRQHandler
 .text.FLEXCOMM9_IRQHandler
                0x0000a8b8        0x8 ./startup/startup_lpc54628.o
                0x0000a8b8                FLEXCOMM9_IRQHandler
 .text.SDIO_IRQHandler
                0x0000a8c0        0x8 ./startup/startup_lpc54628.o
                0x0000a8c0                SDIO_IRQHandler
 .text.CAN0_IRQ0_IRQHandler
                0x0000a8c8        0x8 ./startup/startup_lpc54628.o
                0x0000a8c8                CAN0_IRQ0_IRQHandler
 .text.CAN0_IRQ1_IRQHandler
                0x0000a8d0        0x8 ./startup/startup_lpc54628.o
                0x0000a8d0                CAN0_IRQ1_IRQHandler
 .text.CAN1_IRQ0_IRQHandler
                0x0000a8d8        0x8 ./startup/startup_lpc54628.o
                0x0000a8d8                CAN1_IRQ0_IRQHandler
 .text.CAN1_IRQ1_IRQHandler
                0x0000a8e0        0x8 ./startup/startup_lpc54628.o
                0x0000a8e0                CAN1_IRQ1_IRQHandler
 .text.USB1_IRQHandler
                0x0000a8e8        0x8 ./startup/startup_lpc54628.o
                0x0000a8e8                USB1_IRQHandler
 .text.USB1_NEEDCLK_IRQHandler
                0x0000a8f0        0x8 ./startup/startup_lpc54628.o
                0x0000a8f0                USB1_NEEDCLK_IRQHandler
 .text.ETHERNET_IRQHandler
                0x0000a8f8        0x8 ./startup/startup_lpc54628.o
                0x0000a8f8                ETHERNET_IRQHandler
 .text.ETHERNET_PMT_IRQHandler
                0x0000a900        0x8 ./startup/startup_lpc54628.o
                0x0000a900                ETHERNET_PMT_IRQHandler
 .text.ETHERNET_MACLP_IRQHandler
                0x0000a908        0x8 ./startup/startup_lpc54628.o
                0x0000a908                ETHERNET_MACLP_IRQHandler
 .text.EEPROM_IRQHandler
                0x0000a910        0x8 ./startup/startup_lpc54628.o
                0x0000a910                EEPROM_IRQHandler
 .text.LCD_IRQHandler
                0x0000a918        0x8 ./startup/startup_lpc54628.o
                0x0000a918                LCD_IRQHandler
 .text.SHA_IRQHandler
                0x0000a920        0x8 ./startup/startup_lpc54628.o
                0x0000a920                SHA_IRQHandler
 .text.SMARTCARD0_IRQHandler
                0x0000a928        0x8 ./startup/startup_lpc54628.o
                0x0000a928                SMARTCARD0_IRQHandler
 .text.SMARTCARD1_IRQHandler
                0x0000a930        0x8 ./startup/startup_lpc54628.o
                0x0000a930                SMARTCARD1_IRQHandler
 .text.EnableIRQ
                0x0000a938       0x2c ./source/ultrasonic/ultrasonic.o
 .text.Ultrasonic_Init
                0x0000a964       0x10 ./source/ultrasonic/ultrasonic.o
                0x0000a964                Ultrasonic_Init
 .text.PIN_INT0_IRQHandler
                0x0000a974       0x50 ./source/ultrasonic/ultrasonic.o
                0x0000a974                PIN_INT0_IRQHandler
 .text.CTIMER_StartTimer
                0x0000a9c4       0x20 ./source/servo/servo.o
 .text.CTIMER_GetTimerCountValue
                0x0000a9e4       0x18 ./source/rpmMeas/rpmMeas.o
 .text.CTIMER_StartTimer
                0x0000a9fc       0x20 ./source/rpmMeas/rpmMeas.o
 .text.EnableIRQ
                0x0000aa1c       0x2c ./source/hmi/input_devices/input_devices.o
 .text.DisableIRQ
                0x0000aa48       0x2c ./source/hmi/input_devices/input_devices.o
 .text.GPIO_PinRead
                0x0000aa74       0x28 ./source/hmi/input_devices/input_devices.o
 .text.RIT_ClearStatusFlags
                0x0000aa9c       0x22 ./source/hmi/input_devices/input_devices.o
 .text.RIT_StartTimer
                0x0000aabe       0x20 ./source/hmi/input_devices/input_devices.o
 .text.RIT_SetCountAutoClear
                0x0000aade       0x38 ./source/hmi/input_devices/input_devices.o
 .text.re_init  0x0000ab16       0x1a ./source/hmi/input_devices/rotary_encode.o
                0x0000ab16                re_init
 .text.re_get_pos
                0x0000ab30       0x22 ./source/hmi/input_devices/rotary_encode.o
                0x0000ab30                re_get_pos
 .text.sw_init  0x0000ab52       0x2a ./source/hmi/input_devices/sw_debounce.o
                0x0000ab52                sw_init
 .text.sw_task  0x0000ab7c       0x80 ./source/hmi/input_devices/sw_debounce.o
                0x0000ab7c                sw_task
 .text.sw_get_up
                0x0000abfc       0x22 ./source/hmi/input_devices/sw_debounce.o
                0x0000abfc                sw_get_up
 .text.ssd1309_rtos_lock
                0x0000ac1e       0x1e ./source/hmi/hmi.o
 .text.ssd1309_rtos_unlock
                0x0000ac3c       0x1e ./source/hmi/hmi.o
 .text.menu_lock
                0x0000ac5a       0x1e ./source/hmi/hmi.o
 .text.menu_unlock
                0x0000ac78       0x1e ./source/hmi/hmi.o
 .text.ssd1309_set_pos
                0x0000ac96       0x28 ./source/hmi/menu_main_screen.o
 .text.ssd1309_rtos_lock
                0x0000acbe       0x1e ./source/hmi/menu_main_screen.o
 .text.ssd1309_rtos_unlock
                0x0000acdc       0x1e ./source/hmi/menu_main_screen.o
 .text.ssd1309_set_pos
                0x0000acfa       0x28 ./source/hmi/screen.o
 .text.ssd1309_rtos_lock
                0x0000ad22       0x1e ./source/hmi/screen.o
 .text.ssd1309_rtos_unlock
                0x0000ad40       0x1e ./source/hmi/screen.o
 .text.menu_lock
                0x0000ad5e       0x1e ./source/hmi/screen.o
 .text.menu_unlock
                0x0000ad7c       0x1e ./source/hmi/screen.o
 .text.menu_rtos_switch_handle
                0x0000ad9a       0x36 ./source/hmi/screen.o
 .text.menu_close
                0x0000add0       0x10 ./source/hmi/screen.o
                0x0000add0                menu_close
 .text.CTIMER_StartTimer
                0x0000ade0       0x20 ./source/drive/drive.o
 .text.menu_init
                0x0000ae00       0x2e ./source/display/menu/menu.o
                0x0000ae00                menu_init
 .text.menu_reset
                0x0000ae2e       0x2e ./source/display/menu/menu.o
                0x0000ae2e                menu_reset
 .text.menu_click
                0x0000ae5c       0xe6 ./source/display/menu/menu.o
                0x0000ae5c                menu_click
 .text.menu_up  0x0000af42       0xc6 ./source/display/menu/menu.o
                0x0000af42                menu_up
 .text.menu_down
                0x0000b008       0xbc ./source/display/menu/menu.o
                0x0000b008                menu_down
 .text.menu_refresh
                0x0000b0c4       0x2e ./source/display/menu/menu.o
                0x0000b0c4                menu_refresh
 .text.menu_task
                0x0000b0f2       0x20 ./source/display/menu/menu.o
                0x0000b0f2                menu_task
 .text.menu_rtos_init
                0x0000b112       0x38 ./source/display/menu/menu_rtos.o
                0x0000b112                menu_rtos_init
 .text.i2c_m_rtos_transfer
                0x0000b14a       0x76 ./source/display/interface/i2c_rtos_interface.o
                0x0000b14a                i2c_m_rtos_transfer
 .text.ssd1309_fill
                0x0000b1c0       0x44 ./source/display/driver/ssd1309.o
                0x0000b1c0                ssd1309_fill
 .text.ssd1309_set_pixel
                0x0000b204       0xb6 ./source/display/driver/ssd1309.o
                0x0000b204                ssd1309_set_pixel
 .text.ssd1309_draw_rect
                0x0000b2ba       0x80 ./source/display/driver/ssd1309.o
                0x0000b2ba                ssd1309_draw_rect
 .text.ssd1309_write_char
                0x0000b33a      0x182 ./source/display/driver/ssd1309.o
                0x0000b33a                ssd1309_write_char
 .text.ssd1309_write_str
                0x0000b4bc       0x40 ./source/display/driver/ssd1309.o
                0x0000b4bc                ssd1309_write_str
 .text.ssd1309_draw_img
                0x0000b4fc      0x11e ./source/display/driver/ssd1309.o
                0x0000b4fc                ssd1309_draw_img
 .text.ssd1309_update
                0x0000b61a       0x2e ./source/display/driver/ssd1309.o
                0x0000b61a                ssd1309_update
 .text.ssd1309_rtos_lock
                0x0000b648       0x1e ./source/display/driver/ssd1309_rtos.o
 .text.ssd1309_rtos_unlock
                0x0000b666       0x1e ./source/display/driver/ssd1309_rtos.o
 .text.disp_refresh
                0x0000b684       0x3a ./source/display/driver/ssd1309_rtos.o
 .text.ssd1309_set_pos
                0x0000b6be       0x28 ./source/display/adapter/menu_adapter.o
 .text.ssd1309_rtos_lock
                0x0000b6e6       0x1e ./source/display/adapter/menu_adapter.o
 .text.ssd1309_rtos_unlock
                0x0000b704       0x1e ./source/display/adapter/menu_adapter.o
 .text.EnableIRQ
                0x0000b722       0x2c ./source/camera/camera.o
 .text.CTIMER_ClearStatusFlags
                0x0000b74e       0x1c ./source/camera/camera.o
 .text.CTIMER_StartTimer
                0x0000b76a       0x20 ./source/camera/camera.o
 .text.GPIO_PortSet
                0x0000b78a       0x26 ./source/board/board_func.o
 .text.GPIO_PortToggle
                0x0000b7b0       0x26 ./source/board/board_func.o
 .text.GPIO_PortClear
                0x0000b7d6       0x26 ./source/main_gustl.o
 .text.HardFault_Handler
                0x0000b7fc       0x2c ./source/semihost_hardfault.o
                0x0000b7fc                HardFault_Handler
 .text.vListInitialise
                0x0000b828       0x40 ./freertos/freertos_kernel/list.o
                0x0000b828                vListInitialise
 .text.vListInitialiseItem
                0x0000b868       0x1a ./freertos/freertos_kernel/list.o
                0x0000b868                vListInitialiseItem
 .text.vListInsertEnd
                0x0000b882       0x48 ./freertos/freertos_kernel/list.o
                0x0000b882                vListInsertEnd
 .text.vListInsert
                0x0000b8ca       0x72 ./freertos/freertos_kernel/list.o
                0x0000b8ca                vListInsert
 .text.uxListRemove
                0x0000b93c       0x54 ./freertos/freertos_kernel/list.o
                0x0000b93c                uxListRemove
 .text.xQueueGenericCreate
                0x0000b990       0x6c ./freertos/freertos_kernel/queue.o
                0x0000b990                xQueueGenericCreate
 .text.prvInitialiseNewQueue
                0x0000b9fc       0x46 ./freertos/freertos_kernel/queue.o
 .text.prvInitialiseMutex
                0x0000ba42       0x34 ./freertos/freertos_kernel/queue.o
 .text.xQueueCreateMutex
                0x0000ba76       0x30 ./freertos/freertos_kernel/queue.o
                0x0000ba76                xQueueCreateMutex
 .text.xQueueGenericSendFromISR
                0x0000baa6      0x136 ./freertos/freertos_kernel/queue.o
                0x0000baa6                xQueueGenericSendFromISR
 .text.xQueueGiveFromISR
                0x0000bbdc      0x11a ./freertos/freertos_kernel/queue.o
                0x0000bbdc                xQueueGiveFromISR
 .text.prvGetDisinheritPriorityAfterTimeout
                0x0000bcf6       0x30 ./freertos/freertos_kernel/queue.o
 .text.prvCopyDataToQueue
                0x0000bd26       0xd4 ./freertos/freertos_kernel/queue.o
 .text.prvCopyDataFromQueue
                0x0000bdfa       0x4c ./freertos/freertos_kernel/queue.o
 .text.prvUnlockQueue
                0x0000be46       0xa4 ./freertos/freertos_kernel/queue.o
 .text.prvIsQueueEmpty
                0x0000beea       0x2c ./freertos/freertos_kernel/queue.o
 .text.prvIsQueueFull
                0x0000bf16       0x30 ./freertos/freertos_kernel/queue.o
 .text.vQueueWaitForMessageRestricted
                0x0000bf46       0x68 ./freertos/freertos_kernel/queue.o
                0x0000bf46                vQueueWaitForMessageRestricted
 .text.xTaskCreate
                0x0000bfae       0x82 ./freertos/freertos_kernel/tasks.o
                0x0000bfae                xTaskCreate
 .text.prvInitialiseNewTask
                0x0000c030      0x144 ./freertos/freertos_kernel/tasks.o
 .text.prvDeleteTCB
                0x0000c174       0x20 ./freertos/freertos_kernel/tasks.o
 .text.prvTimerTask
                0x0000c194       0x24 ./freertos/freertos_kernel/timers.o
 .text.CLOCK_SetFLASHAccessCycles
                0x0000c1b8       0x34 ./drivers/fsl_clock.o
 .text.CLOCK_IsSystemPLLLocked
                0x0000c1ec       0x24 ./drivers/fsl_clock.o
 .text.CLOCK_Enable_SysOsc
                0x0000c210       0x5c ./drivers/fsl_clock.o
 .text.POWER_EnablePD
                0x0000c26c       0x2e ./drivers/fsl_clock.o
 .text.POWER_DisablePD
                0x0000c29a       0x2e ./drivers/fsl_clock.o
 .text.CLOCK_GetOsc32KFreq
                0x0000c2c8       0x12 ./drivers/fsl_clock.o
                0x0000c2c8                CLOCK_GetOsc32KFreq
 .text.CLOCK_GetI2SMClkFreq
                0x0000c2da       0x10 ./drivers/fsl_clock.o
                0x0000c2da                CLOCK_GetI2SMClkFreq
 .text.CLOCK_GetFrgClkFreq
                0x0000c2ea       0x46 ./drivers/fsl_clock.o
                0x0000c2ea                CLOCK_GetFrgClkFreq
 .text.DelayLoop
                0x0000c330       0x20 ./drivers/fsl_common.o
 .text.EnableIRQ
                0x0000c350       0x2c ./drivers/fsl_ctimer.o
 .text.CTIMER_GetStatusFlags
                0x0000c37c       0x18 ./drivers/fsl_ctimer.o
 .text.CTIMER_ClearStatusFlags
                0x0000c394       0x1c ./drivers/fsl_ctimer.o
 .text.CTIMER1_DriverIRQHandler
                0x0000c3b0       0x14 ./drivers/fsl_ctimer.o
                0x0000c3b0                CTIMER1_DriverIRQHandler
 .text.CTIMER2_DriverIRQHandler
                0x0000c3c4       0x14 ./drivers/fsl_ctimer.o
                0x0000c3c4                CTIMER2_DriverIRQHandler
 .text.CTIMER3_DriverIRQHandler
                0x0000c3d8       0x14 ./drivers/fsl_ctimer.o
                0x0000c3d8                CTIMER3_DriverIRQHandler
 .text.EnableIRQ
                0x0000c3ec       0x2c ./drivers/fsl_dma.o
 .text.DMA_GetVirtualStartChannel
                0x0000c418       0x40 ./drivers/fsl_dma.o
 .text.EEPROM_SetAutoProgram
                0x0000c458       0x1e ./drivers/fsl_eeprom.o
 .text.EEPROM_GetInterruptStatus
                0x0000c476       0x1a ./drivers/fsl_eeprom.o
 .text.EEPROM_ClearInterruptFlag
                0x0000c490       0x1e ./drivers/fsl_eeprom.o
 .text.EEPROM_GetDefaultConfig
                0x0000c4ae       0x44 ./drivers/fsl_eeprom.o
                0x0000c4ae                EEPROM_GetDefaultConfig
 .text.EEPROM_WritePage
                0x0000c4f2       0xa0 ./drivers/fsl_eeprom.o
                0x0000c4f2                EEPROM_WritePage
 .text.FLEXCOMM_PeripheralIsPresent
                0x0000c592       0x64 ./drivers/fsl_flexcomm.o
 .text.FLEXCOMM_SetPeriph
                0x0000c5f6       0x74 ./drivers/fsl_flexcomm.o
 .text.GPIO_PinInit
                0x0000c66a       0xa0 ./drivers/fsl_gpio.o
                0x0000c66a                GPIO_PinInit
 .text.I2C_MasterEnable
                0x0000c70a       0x44 ./drivers/fsl_i2c.o
 .text.I2C_MasterInit
                0x0000c74e       0x36 ./drivers/fsl_i2c.o
                0x0000c74e                I2C_MasterInit
 .text.EnableIRQ
                0x0000c784       0x2c ./drivers/fsl_i2c_dma.o
 .text.I2C_GetStatusFlags
                0x0000c7b0       0x1a ./drivers/fsl_i2c_dma.o
 .text.I2C_MasterClearStatusFlags
                0x0000c7ca       0x22 ./drivers/fsl_i2c_dma.o
 .text.I2C_EnableInterrupts
                0x0000c7ec       0x1e ./drivers/fsl_i2c_dma.o
 .text.I2C_DisableInterrupts
                0x0000c80a       0x1e ./drivers/fsl_i2c_dma.o
 .text.I2C_InitTransferStateMachineDMA
                0x0000c828       0xf6 ./drivers/fsl_i2c_dma.o
 .text.I2C_MasterTransferDMAHandleIRQ
                0x0000c91e       0x5c ./drivers/fsl_i2c_dma.o
                0x0000c91e                I2C_MasterTransferDMAHandleIRQ
 .text.I2C_MasterTransferCallbackDMA
                0x0000c97a       0x34 ./drivers/fsl_i2c_dma.o
 .text.RESET_PeripheralReset
                0x0000c9ae       0x1c ./drivers/fsl_reset.o
                0x0000c9ae                RESET_PeripheralReset
 .text.RIT_SetTimerCompare
                0x0000c9ca       0x42 ./drivers/fsl_rit.o
                0x0000c9ca                RIT_SetTimerCompare
 .text.SystemInitHook
                0x0000ca0c        0xe ./device/system_LPC54628.o
                0x0000ca0c                SystemInitHook
 .text.BOARD_InitDebugConsole
                0x0000ca1a       0x10 ./board/board.o
                0x0000ca1a                BOARD_InitDebugConsole
 .text.POWER_DisablePD
                0x0000ca2a       0x2e ./board/clock_config.o
 .text.BOARD_InitBootClocks
                0x0000ca58        0xc ./board/clock_config.o
                0x0000ca58                BOARD_InitBootClocks
 .text.IOCON_PinMuxSet
                0x0000ca64       0x2e ./board/pin_mux.o
 .text.BOARD_InitBootPins
                0x0000ca92        0xc ./board/pin_mux.o
                0x0000ca92                BOARD_InitBootPins
 .text.__main   0x0000ca9e        0xe d:/studium/mcuxpressoide_11.7.1_9221/ide/plugins/com.nxp.mcuxpresso.tools.win32_11.7.1.202301190959/tools/bin/../lib/gcc/arm-none-eabi/10.3.1/../../../../arm-none-eabi/lib/thumb/v7e-m+fp/hard\libcr_semihost_nf.a(_cr__main.o)
                0x0000ca9e                __CR_SEMIHOST
                0x0000ca9e                __main
 .text.memcpy   0x0000caac        0x4 d:/studium/mcuxpressoide_11.7.1_9221/ide/plugins/com.nxp.mcuxpresso.tools.win32_11.7.1.202301190959/tools/bin/../lib/gcc/arm-none-eabi/10.3.1/../../../../arm-none-eabi/lib/thumb/v7e-m+fp/hard\libcr_c.a(memcpy.o)
                0x0000caac                memcpy
 .text.memset   0x0000cab0        0x4 d:/studium/mcuxpressoide_11.7.1_9221/ide/plugins/com.nxp.mcuxpresso.tools.win32_11.7.1.202301190959/tools/bin/../lib/gcc/arm-none-eabi/10.3.1/../../../../arm-none-eabi/lib/thumb/v7e-m+fp/hard\libcr_c.a(memset.o)
                0x0000cab0                memset
 .text.free     0x0000cab4       0x30 d:/studium/mcuxpressoide_11.7.1_9221/ide/plugins/com.nxp.mcuxpresso.tools.win32_11.7.1.202301190959/tools/bin/../lib/gcc/arm-none-eabi/10.3.1/../../../../arm-none-eabi/lib/thumb/v7e-m+fp/hard\libcr_c.a(alloc.o)
                0x0000cab4                free
 .text.fabs     0x0000cae4       0x22 d:/studium/mcuxpressoide_11.7.1_9221/ide/plugins/com.nxp.mcuxpresso.tools.win32_11.7.1.202301190959/tools/bin/../lib/gcc/arm-none-eabi/10.3.1/../../../../arm-none-eabi/lib/thumb/v7e-m+fp/hard\libcr_c.a(fabs.o)
                0x0000cae4                fabs
 .text.memcmp   0x0000cb06       0x44 d:/studium/mcuxpressoide_11.7.1_9221/ide/plugins/com.nxp.mcuxpresso.tools.win32_11.7.1.202301190959/tools/bin/../lib/gcc/arm-none-eabi/10.3.1/../../../../arm-none-eabi/lib/thumb/v7e-m+fp/hard\libcr_c.a(memcmp.o)
                0x0000cb06                memcmp
 .text.no_fp_display
                0x0000cb4a        0x4 d:/studium/mcuxpressoide_11.7.1_9221/ide/plugins/com.nxp.mcuxpresso.tools.win32_11.7.1.202301190959/tools/bin/../lib/gcc/arm-none-eabi/10.3.1/../../../../arm-none-eabi/lib/thumb/v7e-m+fp/hard\libcr_c.a(printf.o)
 .text.setvbuf  0x0000cb4e       0x3e d:/studium/mcuxpressoide_11.7.1_9221/ide/plugins/com.nxp.mcuxpresso.tools.win32_11.7.1.202301190959/tools/bin/../lib/gcc/arm-none-eabi/10.3.1/../../../../arm-none-eabi/lib/thumb/v7e-m+fp/hard\libcr_c.a(setvbuf.o)
                0x0000cb4e                setvbuf
 .text.abs      0x0000cb8c        0x8 d:/studium/mcuxpressoide_11.7.1_9221/ide/plugins/com.nxp.mcuxpresso.tools.win32_11.7.1.202301190959/tools/bin/../lib/gcc/arm-none-eabi/10.3.1/../../../../arm-none-eabi/lib/thumb/v7e-m+fp/hard\libcr_c.a(stdlib.o)
                0x0000cb8c                abs
 .text.strlen   0x0000cb94       0x48 d:/studium/mcuxpressoide_11.7.1_9221/ide/plugins/com.nxp.mcuxpresso.tools.win32_11.7.1.202301190959/tools/bin/../lib/gcc/arm-none-eabi/10.3.1/../../../../arm-none-eabi/lib/thumb/v7e-m+fp/hard\libcr_c.a(strlen.o)
                0x0000cb94                strlen
 .text._deferredlazyseek
                0x0000cbdc       0x40 d:/studium/mcuxpressoide_11.7.1_9221/ide/plugins/com.nxp.mcuxpresso.tools.win32_11.7.1.202301190959/tools/bin/../lib/gcc/arm-none-eabi/10.3.1/../../../../arm-none-eabi/lib/thumb/v7e-m+fp/hard\libcr_c.a(_deferredlazyseek.o)
                0x0000cbdc                _deferredlazyseek
 .text.__flsbuf
                0x0000cc1c      0x140 d:/studium/mcuxpressoide_11.7.1_9221/ide/plugins/com.nxp.mcuxpresso.tools.win32_11.7.1.202301190959/tools/bin/../lib/gcc/arm-none-eabi/10.3.1/../../../../arm-none-eabi/lib/thumb/v7e-m+fp/hard\libcr_c.a(_deferredlazyseek.o)
                0x0000cc1c                __flsbuf
 .text._fdopen  0x0000cd5c       0x68 d:/studium/mcuxpressoide_11.7.1_9221/ide/plugins/com.nxp.mcuxpresso.tools.win32_11.7.1.202301190959/tools/bin/../lib/gcc/arm-none-eabi/10.3.1/../../../../arm-none-eabi/lib/thumb/v7e-m+fp/hard\libcr_c.a(_fdopen.o)
                0x0000cd5c                _fdopen
 .text._fflush  0x0000cdc4       0x52 d:/studium/mcuxpressoide_11.7.1_9221/ide/plugins/com.nxp.mcuxpresso.tools.win32_11.7.1.202301190959/tools/bin/../lib/gcc/arm-none-eabi/10.3.1/../../../../arm-none-eabi/lib/thumb/v7e-m+fp/hard\libcr_c.a(_fflush.o)
                0x0000cdc4                _fflush
 .text.fclose   0x0000ce16       0x58 d:/studium/mcuxpressoide_11.7.1_9221/ide/plugins/com.nxp.mcuxpresso.tools.win32_11.7.1.202301190959/tools/bin/../lib/gcc/arm-none-eabi/10.3.1/../../../../arm-none-eabi/lib/thumb/v7e-m+fp/hard\libcr_c.a(fclose.o)
                0x0000ce16                fclose
 .text.remove   0x0000ce6e       0x14 d:/studium/mcuxpressoide_11.7.1_9221/ide/plugins/com.nxp.mcuxpresso.tools.win32_11.7.1.202301190959/tools/bin/../lib/gcc/arm-none-eabi/10.3.1/../../../../arm-none-eabi/lib/thumb/v7e-m+fp/hard\libcr_c.a(remove.o)
                0x0000ce6e                remove
 .text._do_fflush
                0x0000ce82       0x40 d:/studium/mcuxpressoide_11.7.1_9221/ide/plugins/com.nxp.mcuxpresso.tools.win32_11.7.1.202301190959/tools/bin/../lib/gcc/arm-none-eabi/10.3.1/../../../../arm-none-eabi/lib/thumb/v7e-m+fp/hard\libcr_c.a(_do_fflush.o)
                0x0000ce82                _do_fflush
 .text.__aeabi_division_uldivmod
                0x0000cec2      0x174 d:/studium/mcuxpressoide_11.7.1_9221/ide/plugins/com.nxp.mcuxpresso.tools.win32_11.7.1.202301190959/tools/bin/../lib/gcc/arm-none-eabi/10.3.1/thumb/v7e-m+fp/hard\libcr_eabihelpers.a(division_64.o)
                0x0000cec2                __aeabi_uldivmod
                0x0000cec6                __bhs_ldivmod1
 .text.__aeabi_division_idiv0
                0x0000d036        0x2 d:/studium/mcuxpressoide_11.7.1_9221/ide/plugins/com.nxp.mcuxpresso.tools.win32_11.7.1.202301190959/tools/bin/../lib/gcc/arm-none-eabi/10.3.1/thumb/v7e-m+fp/hard\libcr_eabihelpers.a(division_idiv0.o)
                0x0000d036                __aeabi_idiv0
 .text.__aeabi_d2iz
                0x0000d038       0x40 d:/studium/mcuxpressoide_11.7.1_9221/ide/plugins/com.nxp.mcuxpresso.tools.win32_11.7.1.202301190959/tools/bin/../lib/gcc/arm-none-eabi/10.3.1/thumb/v7e-m+fp/hard\libcr_eabihelpers.a(double.o)
                0x0000d038                __aeabi_d2iz
 .text.__bhs_ui2d
                0x0000d078       0x46 d:/studium/mcuxpressoide_11.7.1_9221/ide/plugins/com.nxp.mcuxpresso.tools.win32_11.7.1.202301190959/tools/bin/../lib/gcc/arm-none-eabi/10.3.1/thumb/v7e-m+fp/hard\libcr_eabihelpers.a(double.o)
                0x0000d078                __bhs_ui2d
 .text.__aeabi_i2d
                0x0000d0be       0x12 d:/studium/mcuxpressoide_11.7.1_9221/ide/plugins/com.nxp.mcuxpresso.tools.win32_11.7.1.202301190959/tools/bin/../lib/gcc/arm-none-eabi/10.3.1/thumb/v7e-m+fp/hard\libcr_eabihelpers.a(double.o)
                0x0000d0be                __aeabi_i2d
 .text.__aeabi_dcmplt
                0x0000d0d0       0x56 d:/studium/mcuxpressoide_11.7.1_9221/ide/plugins/com.nxp.mcuxpresso.tools.win32_11.7.1.202301190959/tools/bin/../lib/gcc/arm-none-eabi/10.3.1/thumb/v7e-m+fp/hard\libcr_eabihelpers.a(double.o)
                0x0000d0d0                __aeabi_dcmplt
 .text.__aeabi_dcmpgt
                0x0000d126       0x56 d:/studium/mcuxpressoide_11.7.1_9221/ide/plugins/com.nxp.mcuxpresso.tools.win32_11.7.1.202301190959/tools/bin/../lib/gcc/arm-none-eabi/10.3.1/thumb/v7e-m+fp/hard\libcr_eabihelpers.a(double.o)
                0x0000d126                __aeabi_dcmpgt
 .text.__aeabi_dcmple
                0x0000d17c       0x56 d:/studium/mcuxpressoide_11.7.1_9221/ide/plugins/com.nxp.mcuxpresso.tools.win32_11.7.1.202301190959/tools/bin/../lib/gcc/arm-none-eabi/10.3.1/thumb/v7e-m+fp/hard\libcr_eabihelpers.a(double.o)
                0x0000d17c                __aeabi_dcmple
 .text.__aeabi_dcmpge
                0x0000d1d2       0x56 d:/studium/mcuxpressoide_11.7.1_9221/ide/plugins/com.nxp.mcuxpresso.tools.win32_11.7.1.202301190959/tools/bin/../lib/gcc/arm-none-eabi/10.3.1/thumb/v7e-m+fp/hard\libcr_eabihelpers.a(double.o)
                0x0000d1d2                __aeabi_dcmpge
 .text.__aeabi_memcpy
                0x0000d228       0x34 d:/studium/mcuxpressoide_11.7.1_9221/ide/plugins/com.nxp.mcuxpresso.tools.win32_11.7.1.202301190959/tools/bin/../lib/gcc/arm-none-eabi/10.3.1/thumb/v7e-m+fp/hard\libcr_eabihelpers.a(memcpy.o)
                0x0000d228                __aeabi_memcpy
                0x0000d232                __aeabi_memcpy8
                0x0000d232                __aeabi_memcpy4
 .text.__aeabi_memset_lowlevel
                0x0000d25c       0x32 d:/studium/mcuxpressoide_11.7.1_9221/ide/plugins/com.nxp.mcuxpresso.tools.win32_11.7.1.202301190959/tools/bin/../lib/gcc/arm-none-eabi/10.3.1/thumb/v7e-m+fp/hard\libcr_eabihelpers.a(memcpy.o)
                0x0000d25c                __aeabi_lowlevel_memset
 .text.__sys_close
                0x0000d28e        0xc d:/studium/mcuxpressoide_11.7.1_9221/ide/plugins/com.nxp.mcuxpresso.tools.win32_11.7.1.202301190959/tools/bin/../lib/gcc/arm-none-eabi/10.3.1/../../../../arm-none-eabi/lib/thumb/v7e-m+fp/hard\libcr_semihost_nf.a(__sys_close.o)
                0x0000d28e                __sys_close
 .text.__sys_flen
                0x0000d29a        0xc d:/studium/mcuxpressoide_11.7.1_9221/ide/plugins/com.nxp.mcuxpresso.tools.win32_11.7.1.202301190959/tools/bin/../lib/gcc/arm-none-eabi/10.3.1/../../../../arm-none-eabi/lib/thumb/v7e-m+fp/hard\libcr_semihost_nf.a(__sys_flen.o)
                0x0000d29a                __sys_flen
 .text.__sys_istty
                0x0000d2a6        0xc d:/studium/mcuxpressoide_11.7.1_9221/ide/plugins/com.nxp.mcuxpresso.tools.win32_11.7.1.202301190959/tools/bin/../lib/gcc/arm-none-eabi/10.3.1/../../../../arm-none-eabi/lib/thumb/v7e-m+fp/hard\libcr_semihost_nf.a(__sys_istty.o)
                0x0000d2a6                __sys_istty
 .text.__sys_remove
                0x0000d2b2        0xc d:/studium/mcuxpressoide_11.7.1_9221/ide/plugins/com.nxp.mcuxpresso.tools.win32_11.7.1.202301190959/tools/bin/../lib/gcc/arm-none-eabi/10.3.1/../../../../arm-none-eabi/lib/thumb/v7e-m+fp/hard\libcr_semihost_nf.a(__sys_remove.o)
                0x0000d2b2                __sys_remove
 .text.__sys_seek
                0x0000d2be        0xc d:/studium/mcuxpressoide_11.7.1_9221/ide/plugins/com.nxp.mcuxpresso.tools.win32_11.7.1.202301190959/tools/bin/../lib/gcc/arm-none-eabi/10.3.1/../../../../arm-none-eabi/lib/thumb/v7e-m+fp/hard\libcr_semihost_nf.a(__sys_seek.o)
                0x0000d2be                __sys_seek
 .text.__sys_tmpnam
                0x0000d2ca        0xc d:/studium/mcuxpressoide_11.7.1_9221/ide/plugins/com.nxp.mcuxpresso.tools.win32_11.7.1.202301190959/tools/bin/../lib/gcc/arm-none-eabi/10.3.1/../../../../arm-none-eabi/lib/thumb/v7e-m+fp/hard\libcr_semihost_nf.a(__sys_tmpnam.o)
                0x0000d2ca                __sys_tmpnam
 .text.__sys_write
                0x0000d2d6        0xc d:/studium/mcuxpressoide_11.7.1_9221/ide/plugins/com.nxp.mcuxpresso.tools.win32_11.7.1.202301190959/tools/bin/../lib/gcc/arm-none-eabi/10.3.1/../../../../arm-none-eabi/lib/thumb/v7e-m+fp/hard\libcr_semihost_nf.a(__sys_write.o)
                0x0000d2d6                __sys_write
 *freertos*/tasks.o(SORT_BY_ALIGNMENT(.rodata*))
 *fill*         0x0000d2e2        0x2 ff
 .rodata.vTaskStartScheduler.str1.4
                0x0000d2e4        0x5 ./freertos/freertos_kernel/tasks.o
 *fill*         0x0000d2e9        0x3 ff
 .rodata        0x0000d2ec       0x1c ./freertos/freertos_kernel/tasks.o
                0x0000d2ec                portArch_Name
                0x0000d2f0                FreeRTOSDebugConfig
 *(SORT_BY_ALIGNMENT(.rodata) SORT_BY_ALIGNMENT(.rodata.*) SORT_BY_ALIGNMENT(.constdata) SORT_BY_ALIGNMENT(.constdata.*))
 .rodata.a.0    0x0000d308       0x20 d:/studium/mcuxpressoide_11.7.1_9221/ide/plugins/com.nxp.mcuxpresso.tools.win32_11.7.1.202301190959/tools/bin/../lib/gcc/arm-none-eabi/10.3.1/../../../../arm-none-eabi/lib/thumb/v7e-m+fp/hard\libcr_c.a(atan.o)
 .rodata.__assertion_failed.str1.4
                0x0000d328       0x14 ./utilities/fsl_assert.o
 .rodata.SERVO_config
                0x0000d33c        0x8 ./source/servo/servo.o
                0x0000d33c                SERVO_config
 .rodata.RPMMEAS_config
                0x0000d344        0x8 ./source/rpmMeas/rpmMeas.o
                0x0000d344                RPMMEAS_config
 .rodata.rit_config
                0x0000d34c        0x1 ./source/hmi/input_devices/input_devices.o
 *fill*         0x0000d34d        0x3 ff
 .rodata.re_table
                0x0000d350       0x10 ./source/hmi/input_devices/rotary_encode.o
 .rodata.img_data_nxp
                0x0000d360      0x400 ./source/hmi/hmi.o
 .rodata.img_nxp
                0x0000d760        0x8 ./source/hmi/hmi.o
 .rodata.img_data_haw
                0x0000d768      0x400 ./source/hmi/hmi.o
 .rodata.img_haw
                0x0000db68        0x8 ./source/hmi/hmi.o
 .rodata.menu_main_entries
                0x0000db70       0xc8 ./source/hmi/menu_data.o
 .rodata.menu_main_drive_entries
                0x0000dc38      0x118 ./source/hmi/menu_data.o
 .rodata.menu_main_hardware_entries
                0x0000dd50       0xa0 ./source/hmi/menu_data.o
 .rodata.menu_hardware_camera_entries
                0x0000ddf0       0xf0 ./source/hmi/menu_data.o
 .rodata.menu_hardware_camera_parameter_entries
                0x0000dee0       0xc8 ./source/hmi/menu_data.o
 .rodata.menu_hardware_ppm_entries
                0x0000dfa8       0xc8 ./source/hmi/menu_data.o
 .rodata.menu_ppm_servo_motor_entries
                0x0000e070       0xf0 ./source/hmi/menu_data.o
 .rodata.menu_ppm_motor_left_entries
                0x0000e160       0xf0 ./source/hmi/menu_data.o
 .rodata.menu_ppm_motor_right_entries
                0x0000e250       0xf0 ./source/hmi/menu_data.o
 .rodata.menu_ppm_restore_entries
                0x0000e340       0x78 ./source/hmi/menu_data.o
 .rodata.font_data_3x5
                0x0000e3b8      0x120 ./source/hmi/menu_main_screen.o
 .rodata.ssd1309_font_3x5
                0x0000e4d8        0x8 ./source/hmi/menu_main_screen.o
 .rodata.img_data_sign_stop
                0x0000e4e0       0x3f ./source/hmi/menu_main_screen.o
 *fill*         0x0000e51f        0x1 ff
 .rodata.img_sign_stop
                0x0000e520        0x8 ./source/hmi/menu_main_screen.o
 .rodata.img_data_sign_slow
                0x0000e528       0x3f ./source/hmi/menu_main_screen.o
 *fill*         0x0000e567        0x1 ff
 .rodata.img_sign_slow
                0x0000e568        0x8 ./source/hmi/menu_main_screen.o
 .rodata.img_data_sign_speed
                0x0000e570       0x3f ./source/hmi/menu_main_screen.o
 *fill*         0x0000e5af        0x1 ff
 .rodata.img_sign_speed
                0x0000e5b0        0x8 ./source/hmi/menu_main_screen.o
 .rodata.img_data_footer_outer
                0x0000e5b8       0x80 ./source/hmi/menu_main_screen.o
 .rodata.img_footer_outer
                0x0000e638        0x8 ./source/hmi/menu_main_screen.o
 .rodata.img_data_sign_right_of_way
                0x0000e640       0x3f ./source/hmi/menu_main_screen.o
 *fill*         0x0000e67f        0x1 ff
 .rodata.img_sign_right_of_way
                0x0000e680        0x8 ./source/hmi/menu_main_screen.o
 .rodata.img_data_sign_unlimited
                0x0000e688       0x3f ./source/hmi/menu_main_screen.o
 *fill*         0x0000e6c7        0x1 ff
 .rodata.img_sign_unlimited
                0x0000e6c8        0x8 ./source/hmi/menu_main_screen.o
 .rodata.img_data_sign_no_parking
                0x0000e6d0       0x3f ./source/hmi/menu_main_screen.o
 *fill*         0x0000e70f        0x1 ff
 .rodata.img_sign_no_parking
                0x0000e710        0x8 ./source/hmi/menu_main_screen.o
 .rodata.img_data_sign_retoure
                0x0000e718       0x3f ./source/hmi/menu_main_screen.o
 *fill*         0x0000e757        0x1 ff
 .rodata.img_sign_retoure
                0x0000e758        0x8 ./source/hmi/menu_main_screen.o
 .rodata.img_data_sign_blocking
                0x0000e760       0x3f ./source/hmi/menu_main_screen.o
 *fill*         0x0000e79f        0x1 ff
 .rodata.img_sign_blocking
                0x0000e7a0        0x8 ./source/hmi/menu_main_screen.o
 .rodata.img_data_frame
                0x0000e7a8       0x6c ./source/hmi/menu_main_screen.o
 .rodata.img_frame
                0x0000e814        0x8 ./source/hmi/menu_main_screen.o
 .rodata.img_data_footer_middle_active
                0x0000e81c       0x30 ./source/hmi/menu_main_screen.o
 .rodata.img_footer_middle_active
                0x0000e84c        0x8 ./source/hmi/menu_main_screen.o
 .rodata.img_data_footer_middle_inactive
                0x0000e854       0x30 ./source/hmi/menu_main_screen.o
 .rodata.img_footer_middle_inactive
                0x0000e884        0x8 ./source/hmi/menu_main_screen.o
 .rodata.entries
                0x0000e88c       0xc8 ./source/hmi/menu_main_screen.o
 .rodata.font_data_3x5
                0x0000e954      0x120 ./source/hmi/screen.o
 .rodata.ssd1309_font_3x5
                0x0000ea74        0x8 ./source/hmi/screen.o
 .rodata.font_data_6x8
                0x0000ea7c      0x240 ./source/hmi/screen.o
 .rodata.ssd1309_font_6x8
                0x0000ecbc        0x8 ./source/hmi/screen.o
 .rodata.img_data_header_bar
                0x0000ecc4      0x100 ./source/hmi/screen.o
 .rodata.img_header_bar
                0x0000edc4        0x8 ./source/hmi/screen.o
 .rodata.img_data_clock_symbol
                0x0000edcc        0x5 ./source/hmi/screen.o
 *fill*         0x0000edd1        0x3 ff
 .rodata.img_clock_symbol
                0x0000edd4        0x8 ./source/hmi/screen.o
 .rodata.img_data_battery_symbol
                0x0000eddc        0xa ./source/hmi/screen.o
 *fill*         0x0000ede6        0x2 ff
 .rodata.img_battery_symbol
                0x0000ede8        0x8 ./source/hmi/screen.o
 .rodata.img_data_footer_outer
                0x0000edf0       0x80 ./source/hmi/screen.o
 .rodata.img_footer_outer
                0x0000ee70        0x8 ./source/hmi/screen.o
 .rodata.img_data_no_camera
                0x0000ee78       0xc8 ./source/hmi/screen.o
 .rodata.img_no_camera
                0x0000ef40        0x8 ./source/hmi/screen.o
 .rodata.menu_page_main_about.str1.4
                0x0000ef48       0x2a ./source/hmi/screen.o
 *fill*         0x0000ef72        0x2 ff
 .rodata.menu_page_pixel_display_camera.str1.4
                0x0000ef74        0x6 ./source/hmi/screen.o
                                  0xe (size before relaxing)
 *fill*         0x0000ef7a        0x2 ff
 .rodata        0x0000ef7c        0xf ./source/hmi/screen.o
 *fill*         0x0000ef8b        0x1 ff
 .rodata.BLDC_config
                0x0000ef8c        0x8 ./source/drive/drive.o
                0x0000ef8c                BLDC_config
 .rodata.DMA_EnableChannel.str1.4
                0x0000ef94       0x7b ./source/display/interface/i2c_rtos_interface.o
 *fill*         0x0000f00f        0x1 ff
 .rodata.init_data
                0x0000f010       0x1f ./source/display/driver/ssd1309.o
 *fill*         0x0000f02f        0x1 ff
 .rodata.ssd1309_rtos_init.str1.4
                0x0000f030        0xa ./source/display/driver/ssd1309_rtos.o
 *fill*         0x0000f03a        0x2 ff
 .rodata.font_data_6x8
                0x0000f03c      0x240 ./source/display/adapter/menu_adapter.o
 .rodata.ssd1309_font_6x8
                0x0000f27c        0x8 ./source/display/adapter/menu_adapter.o
 .rodata.TakeShots_config
                0x0000f284        0x8 ./source/camera/camera.o
                0x0000f284                TakeShots_config
 .rodata.main.str1.4
                0x0000f28c       0x36 ./source/main_gustl.o
 *fill*         0x0000f2c2        0x2 ff
 .rodata.menu_func_bldcLeft_test.str1.4
                0x0000f2c4       0x28 ./source/settings.o
 .rodata.menu_func_bldcRight_test.str1.4
                0x0000f2ec       0x29 ./source/settings.o
 *fill*         0x0000f315        0x3 ff
 .rodata.xTimerCreateTimerTask.str1.4
                0x0000f318        0x8 ./freertos/freertos_kernel/timers.o
 .rodata.prvCheckForValidListAndQueue.str1.4
                0x0000f320        0x5 ./freertos/freertos_kernel/timers.o
 *fill*         0x0000f325        0x3 ff
 .rodata.wdtFreqLookup
                0x0000f328       0x20 ./drivers/fsl_clock.o
 .rodata.CLOCK_GetClockOutClkFreq.str1.4
                0x0000f348       0x18 ./drivers/fsl_clock.o
 .rodata.CLOCK_GetMclkClkFreq.str1.4
                0x0000f360       0x18 ./drivers/fsl_clock.o
 .rodata.CLOCK_GetCoreSysClkFreq.str1.4
                0x0000f378       0x18 ./drivers/fsl_clock.o
 .rodata.CLOCK_GetFRGInputClock.str1.4
                0x0000f390       0x18 ./drivers/fsl_clock.o
 .rodata.SDK_DelayAtLeastUs.str1.4
                0x0000f3a8       0x4b ./drivers/fsl_common.o
 *fill*         0x0000f3f3        0x1 ff
 .rodata.s_ctimerBases
                0x0000f3f4       0x14 ./drivers/fsl_ctimer.o
 .rodata.s_ctimerClocks
                0x0000f408        0xa ./drivers/fsl_ctimer.o
 *fill*         0x0000f412        0x2 ff
 .rodata.s_ctimerResets
                0x0000f414       0x14 ./drivers/fsl_ctimer.o
 .rodata.s_ctimerIRQ
                0x0000f428        0x5 ./drivers/fsl_ctimer.o
 *fill*         0x0000f42d        0x3 ff
 .rodata.CTIMER_GetInstance.str1.4
                0x0000f430       0x2e ./drivers/fsl_ctimer.o
 *fill*         0x0000f45e        0x2 ff
 .rodata.CTIMER_Init.str1.4
                0x0000f460       0x21 ./drivers/fsl_ctimer.o
 *fill*         0x0000f481        0x3 ff
 .rodata.DMA_ChannelIsActive.str1.4
                0x0000f484       0x4e ./drivers/fsl_dma.o
 *fill*         0x0000f4d2        0x2 ff
 .rodata.DMA_EnableChannelInterrupts.str1.4
                0x0000f4d4       0x4e ./drivers/fsl_dma.o
 *fill*         0x0000f522        0x2 ff
 .rodata.DMA_EnableChannel.str1.4
                0x0000f524       0x4e ./drivers/fsl_dma.o
 *fill*         0x0000f572        0x2 ff
 .rodata.DMA_DisableChannel.str1.4
                0x0000f574       0x4e ./drivers/fsl_dma.o
 *fill*         0x0000f5c2        0x2 ff
 .rodata.DMA_EnableChannelPeriphRq.str1.4
                0x0000f5c4       0x4e ./drivers/fsl_dma.o
 *fill*         0x0000f612        0x2 ff
 .rodata.DMA_DisableChannelPeriphRq.str1.4
                0x0000f614       0x4e ./drivers/fsl_dma.o
 *fill*         0x0000f662        0x2 ff
 .rodata.DMA_GetInstance.str1.4
                0x0000f664       0x31 ./drivers/fsl_dma.o
 *fill*         0x0000f695        0x3 ff
 .rodata.DMA_SetupXferCFG.str1.4
                0x0000f698      0x135 ./drivers/fsl_dma.o
 *fill*         0x0000f7cd        0x3 ff
 .rodata.DMA_SetupDescriptor.str1.4
                0x0000f7d0       0x79 ./drivers/fsl_dma.o
 *fill*         0x0000f849        0x3 ff
 .rodata.DMA_CreateDescriptor.str1.4
                0x0000f84c      0x143 ./drivers/fsl_dma.o
 *fill*         0x0000f98f        0x1 ff
 .rodata.DMA_AbortTransfer.str1.4
                0x0000f990       0x1f ./drivers/fsl_dma.o
 *fill*         0x0000f9af        0x1 ff
 .rodata.DMA_CreateHandle.str1.4