Archive member included to satisfy reference by file (symbol)

D:\Projekte\nxp-aes-proj\libs\libpower_hardabi.a(fsl_power_lib.o)
                              ./drivers/fsl_clock.o (POWER_SetVoltageForFreq)
c:/nxp/mcuxpressoide_11.2.1_4149/ide/plugins/com.nxp.mcuxpresso.tools.win32_11.2.0.202008311134/tools/bin/../lib/gcc/arm-none-eabi/9.2.1/../../../../arm-none-eabi/lib/thumb/v7e-m+fp/hard\libcr_semihost_nf.a(_cr__main.o)
                              ./startup/startup_lpc54628.o (__main)
c:/nxp/mcuxpressoide_11.2.1_4149/ide/plugins/com.nxp.mcuxpresso.tools.win32_11.2.0.202008311134/tools/bin/../lib/gcc/arm-none-eabi/9.2.1/../../../../arm-none-eabi/lib/thumb/v7e-m+fp/hard\libcr_c.a(memcpy.o)
                              ./utilities/fsl_str.o (memcpy)
c:/nxp/mcuxpressoide_11.2.1_4149/ide/plugins/com.nxp.mcuxpresso.tools.win32_11.2.0.202008311134/tools/bin/../lib/gcc/arm-none-eabi/9.2.1/../../../../arm-none-eabi/lib/thumb/v7e-m+fp/hard\libcr_c.a(memset.o)
                              ./freertos/freertos_kernel/stream_buffer.o (memset)
c:/nxp/mcuxpressoide_11.2.1_4149/ide/plugins/com.nxp.mcuxpresso.tools.win32_11.2.0.202008311134/tools/bin/../lib/gcc/arm-none-eabi/9.2.1/../../../../arm-none-eabi/lib/thumb/v7e-m+fp/hard\libcr_c.a(alloc.o)
                              ./drivers/fsl_common.o (malloc)
c:/nxp/mcuxpressoide_11.2.1_4149/ide/plugins/com.nxp.mcuxpresso.tools.win32_11.2.0.202008311134/tools/bin/../lib/gcc/arm-none-eabi/9.2.1/../../../../arm-none-eabi/lib/thumb/v7e-m+fp/hard\libcr_c.a(initio.o)
                              c:/nxp/mcuxpressoide_11.2.1_4149/ide/plugins/com.nxp.mcuxpresso.tools.win32_11.2.0.202008311134/tools/bin/../lib/gcc/arm-none-eabi/9.2.1/../../../../arm-none-eabi/lib/thumb/v7e-m+fp/hard\libcr_semihost_nf.a(_cr__main.o) (_initio)
c:/nxp/mcuxpressoide_11.2.1_4149/ide/plugins/com.nxp.mcuxpresso.tools.win32_11.2.0.202008311134/tools/bin/../lib/gcc/arm-none-eabi/9.2.1/../../../../arm-none-eabi/lib/thumb/v7e-m+fp/hard\libcr_c.a(printf.o)
                              ./utilities/fsl_assert.o (_printf)
c:/nxp/mcuxpressoide_11.2.1_4149/ide/plugins/com.nxp.mcuxpresso.tools.win32_11.2.0.202008311134/tools/bin/../lib/gcc/arm-none-eabi/9.2.1/../../../../arm-none-eabi/lib/thumb/v7e-m+fp/hard\libcr_c.a(scanf.o)
                              ./utilities/fsl_str.o (strtoul)
c:/nxp/mcuxpressoide_11.2.1_4149/ide/plugins/com.nxp.mcuxpresso.tools.win32_11.2.0.202008311134/tools/bin/../lib/gcc/arm-none-eabi/9.2.1/../../../../arm-none-eabi/lib/thumb/v7e-m+fp/hard\libcr_c.a(setvbuf.o)
                              c:/nxp/mcuxpressoide_11.2.1_4149/ide/plugins/com.nxp.mcuxpresso.tools.win32_11.2.0.202008311134/tools/bin/../lib/gcc/arm-none-eabi/9.2.1/../../../../arm-none-eabi/lib/thumb/v7e-m+fp/hard\libcr_c.a(initio.o) (setvbuf)
c:/nxp/mcuxpressoide_11.2.1_4149/ide/plugins/com.nxp.mcuxpresso.tools.win32_11.2.0.202008311134/tools/bin/../lib/gcc/arm-none-eabi/9.2.1/../../../../arm-none-eabi/lib/thumb/v7e-m+fp/hard\libcr_c.a(strlen.o)
                              ./utilities/fsl_str.o (strlen)
c:/nxp/mcuxpressoide_11.2.1_4149/ide/plugins/com.nxp.mcuxpresso.tools.win32_11.2.0.202008311134/tools/bin/../lib/gcc/arm-none-eabi/9.2.1/../../../../arm-none-eabi/lib/thumb/v7e-m+fp/hard\libcr_c.a(ungetc.o)
                              c:/nxp/mcuxpressoide_11.2.1_4149/ide/plugins/com.nxp.mcuxpresso.tools.win32_11.2.0.202008311134/tools/bin/../lib/gcc/arm-none-eabi/9.2.1/../../../../arm-none-eabi/lib/thumb/v7e-m+fp/hard\libcr_c.a(scanf.o) (ungetc)
c:/nxp/mcuxpressoide_11.2.1_4149/ide/plugins/com.nxp.mcuxpresso.tools.win32_11.2.0.202008311134/tools/bin/../lib/gcc/arm-none-eabi/9.2.1/../../../../arm-none-eabi/lib/thumb/v7e-m+fp/hard\libcr_c.a(__fillbuf.o)
                              c:/nxp/mcuxpressoide_11.2.1_4149/ide/plugins/com.nxp.mcuxpresso.tools.win32_11.2.0.202008311134/tools/bin/../lib/gcc/arm-none-eabi/9.2.1/../../../../arm-none-eabi/lib/thumb/v7e-m+fp/hard\libcr_c.a(scanf.o) (__filbuf)
c:/nxp/mcuxpressoide_11.2.1_4149/ide/plugins/com.nxp.mcuxpresso.tools.win32_11.2.0.202008311134/tools/bin/../lib/gcc/arm-none-eabi/9.2.1/../../../../arm-none-eabi/lib/thumb/v7e-m+fp/hard\libcr_c.a(__init_alloc.o)
                              c:/nxp/mcuxpressoide_11.2.1_4149/ide/plugins/com.nxp.mcuxpresso.tools.win32_11.2.0.202008311134/tools/bin/../lib/gcc/arm-none-eabi/9.2.1/../../../../arm-none-eabi/lib/thumb/v7e-m+fp/hard\libcr_c.a(alloc.o) (__heaps)
c:/nxp/mcuxpressoide_11.2.1_4149/ide/plugins/com.nxp.mcuxpresso.tools.win32_11.2.0.202008311134/tools/bin/../lib/gcc/arm-none-eabi/9.2.1/../../../../arm-none-eabi/lib/thumb/v7e-m+fp/hard\libcr_c.a(_cr_sbrk.o)
                              c:/nxp/mcuxpressoide_11.2.1_4149/ide/plugins/com.nxp.mcuxpresso.tools.win32_11.2.0.202008311134/tools/bin/../lib/gcc/arm-none-eabi/9.2.1/../../../../arm-none-eabi/lib/thumb/v7e-m+fp/hard\libcr_c.a(alloc.o) (_sbrk)
[...]
Memory Configuration

Name             Origin             Length             Attributes
PROGRAM_FLASH    0x00000000         0x00080000         xr
SRAM_UPPER       0x20000000         0x00028000         xrw
SRAMX            0x04000000         0x00008000         xrw
USB_RAM          0x40100000         0x00002000         xrw
*default*        0x00000000         0xffffffff

Linker script and memory map

LOAD ./utilities/fsl_assert.o
LOAD ./utilities/fsl_debug_console.o
LOAD ./utilities/fsl_str.o
LOAD ./startup/startup_lpc54628.o
LOAD ./source/servo/servo.o
LOAD ./source/rpmMeas/rpmMeas.o
LOAD ./source/drive/drive.o
LOAD ./source/display/menu/design/menu_list.o
LOAD ./source/display/menu/menu.o
LOAD ./source/display/menu/menu_rtos.o
LOAD ./source/display/interface/i2c_rtos_interface.o
LOAD ./source/display/driver/ssd1309.o
LOAD ./source/display/driver/ssd1309_rtos.o
LOAD ./source/display/adapter/disp_adapter.o
LOAD ./source/display/adapter/menu_adapter.o
LOAD ./source/display/display.o
LOAD ./source/camera/camera.o
LOAD ./source/board/board_func.o
LOAD ./source/main_gustl.o
LOAD ./source/semihost_hardfault.o
LOAD ./freertos/freertos_kernel/portable/MemMang/heap_4.o
LOAD ./freertos/freertos_kernel/portable/GCC/ARM_CM4F/port.o
LOAD ./freertos/freertos_kernel/croutine.o
LOAD ./freertos/freertos_kernel/event_groups.o
LOAD ./freertos/freertos_kernel/list.o
LOAD ./freertos/freertos_kernel/queue.o
LOAD ./freertos/freertos_kernel/stream_buffer.o
LOAD ./freertos/freertos_kernel/tasks.o
LOAD ./freertos/freertos_kernel/timers.o
LOAD ./drivers/fsl_clock.o
LOAD ./drivers/fsl_common.o
LOAD ./drivers/fsl_ctimer.o
LOAD ./drivers/fsl_dma.o
LOAD ./drivers/fsl_emc.o
LOAD ./drivers/fsl_flexcomm.o
LOAD ./drivers/fsl_gpio.o
LOAD ./drivers/fsl_i2c.o
LOAD ./drivers/fsl_i2c_dma.o
LOAD ./drivers/fsl_power.o
LOAD ./drivers/fsl_reset.o
LOAD ./drivers/fsl_rit.o
LOAD ./drivers/fsl_usart.o
LOAD ./device/system_LPC54628.o
LOAD ./component/uart/usart_adapter.o
LOAD ./component/serial_manager/serial_manager.o
LOAD ./component/serial_manager/serial_port_uart.o
LOAD ./component/lists/generic_list.o
LOAD ./board/board.o
LOAD ./board/clock_config.o
LOAD ./board/peripherals.o
LOAD ./board/pin_mux.o
LOAD D:\Projekte\nxp-aes-proj\libs\libpower_hardabi.a
START GROUP
LOAD c:/nxp/mcuxpressoide_11.2.1_4149/ide/plugins/com.nxp.mcuxpresso.tools.win32_11.2.0.202008311134/tools/bin/../lib/gcc/arm-none-eabi/9.2.1/../../../../arm-none-eabi/lib/thumb/v7e-m+fp/hard\libcr_semihost_nf.a
LOAD c:/nxp/mcuxpressoide_11.2.1_4149/ide/plugins/com.nxp.mcuxpresso.tools.win32_11.2.0.202008311134/tools/bin/../lib/gcc/arm-none-eabi/9.2.1/../../../../arm-none-eabi/lib/thumb/v7e-m+fp/hard\libcr_c.a
LOAD c:/nxp/mcuxpressoide_11.2.1_4149/ide/plugins/com.nxp.mcuxpresso.tools.win32_11.2.0.202008311134/tools/bin/../lib/gcc/arm-none-eabi/9.2.1/thumb/v7e-m+fp/hard\libcr_eabihelpers.a
LOAD c:/nxp/mcuxpressoide_11.2.1_4149/ide/plugins/com.nxp.mcuxpresso.tools.win32_11.2.0.202008311134/tools/bin/../lib/gcc/arm-none-eabi/9.2.1/thumb/v7e-m+fp/hard\libgcc.a
END GROUP
                0x00000000                __base_PROGRAM_FLASH = 0x0
                0x00000000                __base_Flash = 0x0
                0x00080000                __top_PROGRAM_FLASH = 0x80000
                0x00080000                __top_Flash = 0x80000
                0x20000000                __base_SRAM_UPPER = 0x20000000
                0x20000000                __base_RAM = 0x20000000
                0x20028000                __top_SRAM_UPPER = 0x20028000
                0x20028000                __top_RAM = 0x20028000
                0x04000000                __base_SRAMX = 0x4000000
                0x04000000                __base_RAM2 = 0x4000000
                0x04008000                __top_SRAMX = 0x4008000
                0x04008000                __top_RAM2 = 0x4008000
                0x40100000                __base_USB_RAM = 0x40100000
                0x40100000                __base_RAM3 = 0x40100000
                0x40102000                __top_USB_RAM = 0x40102000
                0x40102000                __top_RAM3 = 0x40102000

.text           0x00000000     0x6158
 FILL mask 0xff
                0x00000000                __vectors_start__ = ABSOLUTE (.)
 *(SORT_BY_ALIGNMENT(.isr_vector))
 .isr_vector    0x00000000      0x124 ./startup/startup_lpc54628.o
                0x00000000                g_pfnVectors
                0x00000000                __Vectors
                0x00000124                . = ALIGN (0x4)
                0x00000124                __section_table_start = .
                0x00000124                __data_section_table = .
                0x00000124        0x4 LONG 0x6158 LOADADDR (.data)
                0x00000128        0x4 LONG 0x20000000 ADDR (.data)
                0x0000012c        0x4 LONG 0x28 SIZEOF (.data)
                0x00000130        0x4 LONG 0x6158 LOADADDR (.data_RAM2)
                0x00000134        0x4 LONG 0x4000000 ADDR (.data_RAM2)
                0x00000138        0x4 LONG 0x0 SIZEOF (.data_RAM2)
                0x0000013c        0x4 LONG 0x6158 LOADADDR (.data_RAM3)
                0x00000140        0x4 LONG 0x40100000 ADDR (.data_RAM3)
                0x00000144        0x4 LONG 0x0 SIZEOF (.data_RAM3)
                0x00000148                __data_section_table_end = .
                0x00000148                __bss_section_table = .
                0x00000148        0x4 LONG 0x20000028 ADDR (.bss)
                0x0000014c        0x4 LONG 0x2b50 SIZEOF (.bss)
                0x00000150        0x4 LONG 0x4000000 ADDR (.bss_RAM2)
                0x00000154        0x4 LONG 0x0 SIZEOF (.bss_RAM2)
                0x00000158        0x4 LONG 0x40100000 ADDR (.bss_RAM3)
                0x0000015c        0x4 LONG 0x0 SIZEOF (.bss_RAM3)
                0x00000160                __bss_section_table_end = .
                0x00000160                __section_table_end = .
 *(SORT_BY_ALIGNMENT(.after_vectors*))
 .after_vectors.reset
                0x00000160       0x58 ./startup/startup_lpc54628.o
                0x00000160                ResetISR
 .after_vectors.init_data
                0x000001b8       0x1e ./startup/startup_lpc54628.o
                0x000001b8                data_init
 .after_vectors.init_bss
                0x000001d6       0x12 ./startup/startup_lpc54628.o
                0x000001d6                bss_init
 .after_vectors
                0x000001e8       0x14 ./startup/startup_lpc54628.o
                0x000001e8                NMI_Handler
                0x000001ec                MemManage_Handler
                0x000001ee                BusFault_Handler
                0x000001f0                UsageFault_Handler
                0x000001f4                DebugMon_Handler
                0x000001fa                PIN_INT3_DriverIRQHandler
                0x000001fa                PIN_INT2_DriverIRQHandler
                0x000001fa                ETHERNET_DriverIRQHandler
                0x000001fa                PIN_INT0_DriverIRQHandler
                0x000001fa                SPIFI0_DriverIRQHandler
                0x000001fa                CAN0_IRQ0_DriverIRQHandler
                0x000001fa                IntDefaultHandler
                0x000001fa                USB0_DriverIRQHandler
                0x000001fa                MRT0_DriverIRQHandler
                0x000001fa                UTICK0_DriverIRQHandler
                0x000001fa                DMIC0_DriverIRQHandler
                0x000001fa                PIN_INT4_DriverIRQHandler
                0x000001fa                PIN_INT5_DriverIRQHandler
                0x000001fa                CAN1_IRQ0_DriverIRQHandler
                0x000001fa                Reserved47_DriverIRQHandler
                0x000001fa                ADC0_THCMP_DriverIRQHandler
                0x000001fa                GINT1_DriverIRQHandler
                0x000001fa                RIT_DriverIRQHandler
                0x000001fa                CAN0_IRQ1_DriverIRQHandler
                0x000001fa                USB0_NEEDCLK_DriverIRQHandler
                0x000001fa                ADC0_SEQB_DriverIRQHandler
                0x000001fa                PIN_INT6_DriverIRQHandler
                0x000001fa                ETHERNET_MACLP_DriverIRQHandler
                0x000001fa                PIN_INT1_DriverIRQHandler
                0x000001fa                HWVAD0_DriverIRQHandler
                0x000001fa                RTC_DriverIRQHandler
                0x000001fa                LCD_DriverIRQHandler
                0x000001fa                EEPROM_DriverIRQHandler
                0x000001fa                ETHERNET_PMT_DriverIRQHandler
                0x000001fa                USB1_DriverIRQHandler
                0x000001fa                CAN1_IRQ1_DriverIRQHandler
                0x000001fa                ADC0_SEQA_DriverIRQHandler
                0x000001fa                USB1_NEEDCLK_DriverIRQHandler
                0x000001fa                SMARTCARD0_DriverIRQHandler
                0x000001fa                SDIO_DriverIRQHandler
                0x000001fa                SHA_DriverIRQHandler
                0x000001fa                GINT0_DriverIRQHandler
                0x000001fa                SMARTCARD1_DriverIRQHandler
                0x000001fa                PIN_INT7_DriverIRQHandler
                0x000001fa                Reserved46_DriverIRQHandler
                0x000001fa                WDT_BOD_DriverIRQHandler
                0x000001fa                SCT0_DriverIRQHandler
 *(SORT_BY_ALIGNMENT(.text*))
 *fill*         0x000001fc        0x4 ff
 .text.SVC_Handler
                0x00000200       0x28 ./freertos/freertos_kernel/portable/GCC/ARM_CM4F/port.o
                0x00000200                SVC_Handler
 *fill*         0x00000228        0x8 ff
 .text.PendSV_Handler
                0x00000230       0x68 ./freertos/freertos_kernel/portable/GCC/ARM_CM4F/port.o
                0x00000230                PendSV_Handler
 .text.__assertion_failed
                0x00000298       0x18 ./utilities/fsl_assert.o
                0x00000298                __assertion_failed
 .text.SERVO_Init
                0x000002b0       0x98 ./source/servo/servo.o
                0x000002b0                SERVO_Init
 .text.CTIMER1_Init
                0x00000348       0x38 ./source/servo/servo.o
                0x00000348                CTIMER1_Init
 .text.SERVO_Demo
                0x00000380       0x48 ./source/servo/servo.o
                0x00000380                SERVO_Demo
 .text.RPMMEAS_Init
                0x000003c8       0x74 ./source/rpmMeas/rpmMeas.o
                0x000003c8                RPMMEAS_Init
 .text.CTIMER2_Init
                0x0000043c       0x44 ./source/rpmMeas/rpmMeas.o
                0x0000043c                CTIMER2_Init
 .text.BLDC_Init
                0x00000480       0xd8 ./source/drive/drive.o
                0x00000480                BLDC_Init
 .text.CTIMER3_Init
                0x00000558       0x48 ./source/drive/drive.o
                0x00000558                CTIMER3_Init
 .text.ESC_Init_Task
                0x000005a0       0x60 ./source/drive/drive.o
                0x000005a0                ESC_Init_Task
 .text.CAM_Init
                0x00000600      0x124 ./source/camera/camera.o
                0x00000600                CAM_Init
 .text.LED_Blink_Task
                0x00000724       0x24 ./source/board/board_func.o
                0x00000724                LED_Blink_Task
 .text.Board_Init
                0x00000748       0x30 ./source/board/board_func.o
                0x00000748                Board_Init
 .text.CLKOUT_Init
                0x00000778       0x64 ./source/board/board_func.o
                0x00000778                CLKOUT_Init
 .text.main     0x000007dc       0x68 ./source/main_gustl.o
                0x000007dc                main
 .text.pvPortMalloc
                0x00000844      0x198 ./freertos/freertos_kernel/portable/MemMang/heap_4.o
                0x00000844                pvPortMalloc
 .text.vPortFree
                0x000009dc       0xc4 ./freertos/freertos_kernel/portable/MemMang/heap_4.o
                0x000009dc                vPortFree
 .text.prvHeapInit
                0x00000aa0       0xc4 ./freertos/freertos_kernel/portable/MemMang/heap_4.o
 .text.prvInsertBlockIntoFreeList
                0x00000b64       0xb4 ./freertos/freertos_kernel/portable/MemMang/heap_4.o
 .text.pxPortInitialiseStack
                0x00000c18       0x68 ./freertos/freertos_kernel/portable/GCC/ARM_CM4F/port.o
                0x00000c18                pxPortInitialiseStack
 .text.prvTaskExitError
                0x00000c80       0x58 ./freertos/freertos_kernel/portable/GCC/ARM_CM4F/port.o
 .text.prvPortStartFirstTask
                0x00000cd8       0x28 ./freertos/freertos_kernel/portable/GCC/ARM_CM4F/port.o
 .text.xPortStartScheduler
                0x00000d00      0x144 ./freertos/freertos_kernel/portable/GCC/ARM_CM4F/port.o
                0x00000d00                xPortStartScheduler
 .text.vPortEnterCritical
                0x00000e44       0x60 ./freertos/freertos_kernel/portable/GCC/ARM_CM4F/port.o
                0x00000e44                vPortEnterCritical
 .text.vPortExitCritical
                0x00000ea4       0x54 ./freertos/freertos_kernel/portable/GCC/ARM_CM4F/port.o
                0x00000ea4                vPortExitCritical
 .text.SysTick_Handler
                0x00000ef8       0x44 ./freertos/freertos_kernel/portable/GCC/ARM_CM4F/port.o
                0x00000ef8                SysTick_Handler
 .text.vPortSetupTimerInterrupt
                0x00000f3c       0x48 ./freertos/freertos_kernel/portable/GCC/ARM_CM4F/port.o
                0x00000f3c                vPortSetupTimerInterrupt
 .text.vPortEnableVFP
                0x00000f84       0x14 ./freertos/freertos_kernel/portable/GCC/ARM_CM4F/port.o
 .text.vPortValidateInterruptPriority
                0x00000f98       0x80 ./freertos/freertos_kernel/portable/GCC/ARM_CM4F/port.o
                0x00000f98                vPortValidateInterruptPriority
 .text.xQueueGenericReset
                0x00001018       0xd0 ./freertos/freertos_kernel/queue.o
                0x00001018                xQueueGenericReset
 .text.xQueueGenericSend
                0x000010e8      0x1fc ./freertos/freertos_kernel/queue.o
                0x000010e8                xQueueGenericSend
 .text.xQueueReceive
                0x000012e4      0x1c0 ./freertos/freertos_kernel/queue.o
                0x000012e4                xQueueReceive
 .text.vQueueAddToRegistry
                0x000014a4       0x54 ./freertos/freertos_kernel/queue.o
                0x000014a4                vQueueAddToRegistry
 .text.prvAddNewTaskToReadyList
                0x000014f8       0xdc ./freertos/freertos_kernel/tasks.o
 .text.vTaskDelay
                0x000015d4       0x68 ./freertos/freertos_kernel/tasks.o
                0x000015d4                vTaskDelay
 .text.vTaskSuspend
                0x0000163c      0x124 ./freertos/freertos_kernel/tasks.o
                0x0000163c                vTaskSuspend
 .text.vTaskStartScheduler
                0x00001760       0x9c ./freertos/freertos_kernel/tasks.o
                0x00001760                vTaskStartScheduler
 .text.vTaskSuspendAll
                0x000017fc       0x1c ./freertos/freertos_kernel/tasks.o
                0x000017fc                vTaskSuspendAll
 .text.xTaskResumeAll
                0x00001818      0x138 ./freertos/freertos_kernel/tasks.o
                0x00001818                xTaskResumeAll
 .text.xTaskGetTickCount
                0x00001950       0x20 ./freertos/freertos_kernel/tasks.o
                0x00001950                xTaskGetTickCount
 .text.xTaskIncrementTick
                0x00001970      0x154 ./freertos/freertos_kernel/tasks.o
                0x00001970                xTaskIncrementTick
 .text.vTaskSwitchContext
                0x00001ac4       0xb8 ./freertos/freertos_kernel/tasks.o
                0x00001ac4                vTaskSwitchContext
 .text.vTaskPlaceOnEventList
                0x00001b7c       0x48 ./freertos/freertos_kernel/tasks.o
                0x00001b7c                vTaskPlaceOnEventList
 .text.vTaskPlaceOnEventListRestricted
                0x00001bc4       0x58 ./freertos/freertos_kernel/tasks.o
                0x00001bc4                vTaskPlaceOnEventListRestricted
 .text.xTaskRemoveFromEventList
                0x00001c1c       0xc4 ./freertos/freertos_kernel/tasks.o
                0x00001c1c                xTaskRemoveFromEventList
 .text.vTaskInternalSetTimeOutState
                0x00001ce0       0x2c ./freertos/freertos_kernel/tasks.o
                0x00001ce0                vTaskInternalSetTimeOutState
 .text.xTaskCheckForTimeOut
                0x00001d0c       0xc4 ./freertos/freertos_kernel/tasks.o
                0x00001d0c                xTaskCheckForTimeOut
 .text.vTaskMissedYield
                0x00001dd0       0x18 ./freertos/freertos_kernel/tasks.o
                0x00001dd0                vTaskMissedYield
 .text.prvIdleTask
                0x00001de8       0x30 ./freertos/freertos_kernel/tasks.o
 .text.prvInitialiseTaskLists
                0x00001e18       0x80 ./freertos/freertos_kernel/tasks.o
 .text.prvCheckTasksWaitingTermination
                0x00001e98       0x5c ./freertos/freertos_kernel/tasks.o
 .text.prvResetNextTaskUnblockTime
                0x00001ef4       0x40 ./freertos/freertos_kernel/tasks.o
 .text.xTaskGetSchedulerState
                0x00001f34       0x3c ./freertos/freertos_kernel/tasks.o
                0x00001f34                xTaskGetSchedulerState
 .text.xTaskPriorityDisinherit
                0x00001f70      0x10c ./freertos/freertos_kernel/tasks.o
                0x00001f70                xTaskPriorityDisinherit
 .text.prvAddCurrentTaskToDelayedList
                0x0000207c       0xcc ./freertos/freertos_kernel/tasks.o
 .text.xTimerCreateTimerTask
                0x00002148       0x64 ./freertos/freertos_kernel/timers.o
                0x00002148                xTimerCreateTimerTask
 .text.xTimerGenericCommand
                0x000021ac       0x9c ./freertos/freertos_kernel/timers.o
                0x000021ac                xTimerGenericCommand
 .text.prvProcessExpiredTimer
                0x00002248       0x98 ./freertos/freertos_kernel/timers.o
 .text.prvProcessTimerOrBlockTask
                0x000022e0       0x9c ./freertos/freertos_kernel/timers.o
 .text.prvGetNextExpireTime
                0x0000237c       0x48 ./freertos/freertos_kernel/timers.o
 .text.prvSampleTimeNow
                0x000023c4       0x40 ./freertos/freertos_kernel/timers.o
 .text.prvInsertTimerInActiveList
                0x00002404       0x84 ./freertos/freertos_kernel/timers.o
 .text.prvProcessReceivedCommands
                0x00002488      0x1c4 ./freertos/freertos_kernel/timers.o
 .text.prvSwitchTimerLists
                0x0000264c       0xc8 ./freertos/freertos_kernel/timers.o
 .text.prvCheckForValidListAndQueue
                0x00002714       0x6c ./freertos/freertos_kernel/timers.o
 .text.CLOCK_AttachClk
                0x00002780       0x94 ./drivers/fsl_clock.o
                0x00002780                CLOCK_AttachClk
 .text.CLOCK_SetClkDiv
                0x00002814       0x5c ./drivers/fsl_clock.o
                0x00002814                CLOCK_SetClkDiv
 .text.CLOCK_SetupFROClocking
                0x00002870       0xc4 ./drivers/fsl_clock.o
                0x00002870                CLOCK_SetupFROClocking
 .text.CLOCK_SetFLASHAccessCyclesForFreq
                0x00002934       0xd0 ./drivers/fsl_clock.o
                0x00002934                CLOCK_SetFLASHAccessCyclesForFreq
 .text.CLOCK_SetPLLFreq
                0x00002a04      0x128 ./drivers/fsl_clock.o
                0x00002a04                CLOCK_SetPLLFreq
 .text.SDK_DelayAtLeastUs
                0x00002b2c       0x90 ./drivers/fsl_common.o
                0x00002b2c                SDK_DelayAtLeastUs
 .text.__NVIC_EnableIRQ
                0x00002bbc       0x3c ./drivers/fsl_ctimer.o
 .text.CLOCK_EnableClock
                0x00002bf8       0x54 ./drivers/fsl_ctimer.o
 .text.CTIMER_GetInstance
                0x00002c4c       0x54 ./drivers/fsl_ctimer.o
 .text.CTIMER_Init
                0x00002ca0       0x74 ./drivers/fsl_ctimer.o
                0x00002ca0                CTIMER_Init
 .text.CTIMER_SetupPwmPeriod
                0x00002d14       0xc4 ./drivers/fsl_ctimer.o
                0x00002d14                CTIMER_SetupPwmPeriod
 .text.CTIMER_SetupCapture
                0x00002dd8       0xa0 ./drivers/fsl_ctimer.o
                0x00002dd8                CTIMER_SetupCapture
 .text.CTIMER_RegisterCallBack
                0x00002e78       0x3c ./drivers/fsl_ctimer.o
                0x00002e78                CTIMER_RegisterCallBack
 .text.CTIMER_GenericIRQHandler
                0x00002eb4       0xbc ./drivers/fsl_ctimer.o
                0x00002eb4                CTIMER_GenericIRQHandler
 .text.DMA_GetInstance
                0x00002f70       0x44 ./drivers/fsl_dma.o
 .text.DMA_IRQHandle
                0x00002fb4      0x168 ./drivers/fsl_dma.o
                0x00002fb4                DMA_IRQHandle
 .text.DMA0_DriverIRQHandler
                0x0000311c       0x18 ./drivers/fsl_dma.o
                0x0000311c                DMA0_DriverIRQHandler
 .text.FLEXCOMM0_DriverIRQHandler
                0x00003134       0x3c ./drivers/fsl_flexcomm.o
                0x00003134                FLEXCOMM0_DriverIRQHandler
 .text.FLEXCOMM1_DriverIRQHandler
                0x00003170       0x3c ./drivers/fsl_flexcomm.o
                0x00003170                FLEXCOMM1_DriverIRQHandler
 .text.FLEXCOMM2_DriverIRQHandler
                0x000031ac       0x3c ./drivers/fsl_flexcomm.o
                0x000031ac                FLEXCOMM2_DriverIRQHandler
 .text.FLEXCOMM3_DriverIRQHandler
                0x000031e8       0x3c ./drivers/fsl_flexcomm.o
                0x000031e8                FLEXCOMM3_DriverIRQHandler
 .text.FLEXCOMM4_DriverIRQHandler
                0x00003224       0x3c ./drivers/fsl_flexcomm.o
                0x00003224                FLEXCOMM4_DriverIRQHandler
 .text.FLEXCOMM5_DriverIRQHandler
                0x00003260       0x3c ./drivers/fsl_flexcomm.o
                0x00003260                FLEXCOMM5_DriverIRQHandler
 .text.FLEXCOMM6_DriverIRQHandler
                0x0000329c       0x3c ./drivers/fsl_flexcomm.o
                0x0000329c                FLEXCOMM6_DriverIRQHandler
 .text.FLEXCOMM7_DriverIRQHandler
                0x000032d8       0x3c ./drivers/fsl_flexcomm.o
                0x000032d8                FLEXCOMM7_DriverIRQHandler
 .text.FLEXCOMM8_DriverIRQHandler
                0x00003314       0x3c ./drivers/fsl_flexcomm.o
                0x00003314                FLEXCOMM8_DriverIRQHandler
 .text.FLEXCOMM9_DriverIRQHandler
                0x00003350       0x3c ./drivers/fsl_flexcomm.o
                0x00003350                FLEXCOMM9_DriverIRQHandler
 .text.RESET_SetPeripheralReset
                0x0000338c       0x7c ./drivers/fsl_reset.o
                0x0000338c                RESET_SetPeripheralReset
 .text.RESET_ClearPeripheralReset
                0x00003408       0x80 ./drivers/fsl_reset.o
                0x00003408                RESET_ClearPeripheralReset
 .text.SystemInit
                0x00003488       0x40 ./device/system_LPC54628.o
                0x00003488                SystemInit
 .text.BOARD_BootClockPLL220M
                0x000034c8       0xc4 ./board/clock_config.o
                0x000034c8                BOARD_BootClockPLL220M
 .text.CLOCK_EnableClock
                0x0000358c       0x54 ./board/pin_mux.o
 .text.BOARD_InitPins
                0x000035e0       0x74 ./board/pin_mux.o
                0x000035e0                BOARD_InitPins
 .text.BOARD_InitLEDsPins
                0x00003654       0xb0 ./board/pin_mux.o
                0x00003654                BOARD_InitLEDsPins
 .text.POWER_SetVoltageForFreq
                0x00003704       0x44 D:\Projekte\nxp-aes-proj\libs\libpower_hardabi.a(fsl_power_lib.o)
                0x00003704                POWER_SetVoltageForFreq
 .text.POWER_SetPLL
                0x00003748       0x1c D:\Projekte\nxp-aes-proj\libs\libpower_hardabi.a(fsl_power_lib.o)
                0x00003748                POWER_SetPLL
 .text.malloc   0x00003764       0xc8 c:/nxp/mcuxpressoide_11.2.1_4149/ide/plugins/com.nxp.mcuxpresso.tools.win32_11.2.0.202008311134/tools/bin/../lib/gcc/arm-none-eabi/9.2.1/../../../../arm-none-eabi/lib/thumb/v7e-m+fp/hard\libcr_c.a(alloc.o)
                0x00003764                malloc
 .text._Csys_alloc
                0x0000382c       0x20 c:/nxp/mcuxpressoide_11.2.1_4149/ide/plugins/com.nxp.mcuxpresso.tools.win32_11.2.0.202008311134/tools/bin/../lib/gcc/arm-none-eabi/9.2.1/../../../../arm-none-eabi/lib/thumb/v7e-m+fp/hard\libcr_c.a(alloc.o)
                0x0000382c                _Csys_alloc
 .text._initio  0x0000384c       0x78 c:/nxp/mcuxpressoide_11.2.1_4149/ide/plugins/com.nxp.mcuxpresso.tools.win32_11.2.0.202008311134/tools/bin/../lib/gcc/arm-none-eabi/9.2.1/../../../../arm-none-eabi/lib/thumb/v7e-m+fp/hard\libcr_c.a(initio.o)
                0x0000384c                _initio
 .text.__vfprintf
                0x000038c4      0xce8 c:/nxp/mcuxpressoide_11.2.1_4149/ide/plugins/com.nxp.mcuxpresso.tools.win32_11.2.0.202008311134/tools/bin/../lib/gcc/arm-none-eabi/9.2.1/../../../../arm-none-eabi/lib/thumb/v7e-m+fp/hard\libcr_c.a(printf.o)
                0x000038c4                __vfprintf
 .text._vsnprintf
                0x000045ac       0x68 c:/nxp/mcuxpressoide_11.2.1_4149/ide/plugins/com.nxp.mcuxpresso.tools.win32_11.2.0.202008311134/tools/bin/../lib/gcc/arm-none-eabi/9.2.1/../../../../arm-none-eabi/lib/thumb/v7e-m+fp/hard\libcr_c.a(printf.o)
                0x000045ac                _vsnprintf
 .text._printf  0x00004614       0x54 c:/nxp/mcuxpressoide_11.2.1_4149/ide/plugins/com.nxp.mcuxpresso.tools.win32_11.2.0.202008311134/tools/bin/../lib/gcc/arm-none-eabi/9.2.1/../../../../arm-none-eabi/lib/thumb/v7e-m+fp/hard\libcr_c.a(printf.o)
                0x00004614                _printf
 .text._sbrk    0x00004668       0x3c c:/nxp/mcuxpressoide_11.2.1_4149/ide/plugins/com.nxp.mcuxpresso.tools.win32_11.2.0.202008311134/tools/bin/../lib/gcc/arm-none-eabi/9.2.1/../../../../arm-none-eabi/lib/thumb/v7e-m+fp/hard\libcr_c.a(_cr_sbrk.o)
                0x00004668                _sbrk
 .text._Cwritebuf
                0x000046a4       0x6c c:/nxp/mcuxpressoide_11.2.1_4149/ide/plugins/com.nxp.mcuxpresso.tools.win32_11.2.0.202008311134/tools/bin/../lib/gcc/arm-none-eabi/9.2.1/../../../../arm-none-eabi/lib/thumb/v7e-m+fp/hard\libcr_c.a(_writebuf.o)
                0x000046a4                _Cwritebuf
 .text.fflush   0x00004710       0x44 c:/nxp/mcuxpressoide_11.2.1_4149/ide/plugins/com.nxp.mcuxpresso.tools.win32_11.2.0.202008311134/tools/bin/../lib/gcc/arm-none-eabi/9.2.1/../../../../arm-none-eabi/lib/thumb/v7e-m+fp/hard\libcr_c.a(fflush.o)
                0x00004710                fflush
 .text.fseek    0x00004754      0x100 c:/nxp/mcuxpressoide_11.2.1_4149/ide/plugins/com.nxp.mcuxpresso.tools.win32_11.2.0.202008311134/tools/bin/../lib/gcc/arm-none-eabi/9.2.1/../../../../arm-none-eabi/lib/thumb/v7e-m+fp/hard\libcr_c.a(fseek.o)
                0x00004754                fseek
 .text.ftell    0x00004854       0x44 c:/nxp/mcuxpressoide_11.2.1_4149/ide/plugins/com.nxp.mcuxpresso.tools.win32_11.2.0.202008311134/tools/bin/../lib/gcc/arm-none-eabi/9.2.1/../../../../arm-none-eabi/lib/thumb/v7e-m+fp/hard\libcr_c.a(ftell.o)
                0x00004854                ftell
 .text.__check_heap_overflow
                0x00004898       0x18 c:/nxp/mcuxpressoide_11.2.1_4149/ide/plugins/com.nxp.mcuxpresso.tools.win32_11.2.0.202008311134/tools/bin/../lib/gcc/arm-none-eabi/9.2.1/../../../../arm-none-eabi/lib/thumb/v7e-m+fp/hard\libcr_c.a(_cr_check_heap.o)
                0x00004898                __check_heap_overflow
 .text.__sys_appexit
                0x000048b0        0xc c:/nxp/mcuxpressoide_11.2.1_4149/ide/plugins/com.nxp.mcuxpresso.tools.win32_11.2.0.202008311134/tools/bin/../lib/gcc/arm-none-eabi/9.2.1/../../../../arm-none-eabi/lib/thumb/v7e-m+fp/hard\libcr_semihost_nf.a(__sys_appexit.o)
                0x000048b0                __sys_appexit
                0x000048b0                __exit
 .text.WDT_BOD_IRQHandler
                0x000048bc        0x8 ./startup/startup_lpc54628.o
                0x000048bc                WDT_BOD_IRQHandler
 .text.DMA0_IRQHandler
                0x000048c4        0x8 ./startup/startup_lpc54628.o
                0x000048c4                DMA0_IRQHandler
 .text.GINT0_IRQHandler
                0x000048cc        0x8 ./startup/startup_lpc54628.o
                0x000048cc                GINT0_IRQHandler
 .text.GINT1_IRQHandler
                0x000048d4        0x8 ./startup/startup_lpc54628.o
                0x000048d4                GINT1_IRQHandler
 .text.PIN_INT0_IRQHandler
                0x000048dc        0x8 ./startup/startup_lpc54628.o
                0x000048dc                PIN_INT0_IRQHandler
 .text.PIN_INT1_IRQHandler
                0x000048e4        0x8 ./startup/startup_lpc54628.o
                0x000048e4                PIN_INT1_IRQHandler
 .text.PIN_INT2_IRQHandler
                0x000048ec        0x8 ./startup/startup_lpc54628.o
                0x000048ec                PIN_INT2_IRQHandler
 .text.PIN_INT3_IRQHandler
                0x000048f4        0x8 ./startup/startup_lpc54628.o
                0x000048f4                PIN_INT3_IRQHandler
 .text.UTICK0_IRQHandler
                0x000048fc        0x8 ./startup/startup_lpc54628.o
                0x000048fc                UTICK0_IRQHandler
 .text.MRT0_IRQHandler
                0x00004904        0x8 ./startup/startup_lpc54628.o
                0x00004904                MRT0_IRQHandler
 .text.CTIMER0_IRQHandler
                0x0000490c        0x8 ./startup/startup_lpc54628.o
                0x0000490c                CTIMER0_IRQHandler
 .text.CTIMER1_IRQHandler
                0x00004914        0x8 ./startup/startup_lpc54628.o
                0x00004914                CTIMER1_IRQHandler
 .text.SCT0_IRQHandler
                0x0000491c        0x8 ./startup/startup_lpc54628.o
                0x0000491c                SCT0_IRQHandler
 .text.CTIMER3_IRQHandler
                0x00004924        0x8 ./startup/startup_lpc54628.o
                0x00004924                CTIMER3_IRQHandler
 .text.FLEXCOMM0_IRQHandler
                0x0000492c        0x8 ./startup/startup_lpc54628.o
                0x0000492c                FLEXCOMM0_IRQHandler
 .text.FLEXCOMM1_IRQHandler
                0x00004934        0x8 ./startup/startup_lpc54628.o
                0x00004934                FLEXCOMM1_IRQHandler
 .text.FLEXCOMM2_IRQHandler
                0x0000493c        0x8 ./startup/startup_lpc54628.o
                0x0000493c                FLEXCOMM2_IRQHandler
 .text.FLEXCOMM3_IRQHandler
                0x00004944        0x8 ./startup/startup_lpc54628.o
                0x00004944                FLEXCOMM3_IRQHandler
 .text.FLEXCOMM4_IRQHandler
                0x0000494c        0x8 ./startup/startup_lpc54628.o
                0x0000494c                FLEXCOMM4_IRQHandler
 .text.FLEXCOMM5_IRQHandler
                0x00004954        0x8 ./startup/startup_lpc54628.o
                0x00004954                FLEXCOMM5_IRQHandler
 .text.FLEXCOMM6_IRQHandler
                0x0000495c        0x8 ./startup/startup_lpc54628.o
                0x0000495c                FLEXCOMM6_IRQHandler
 .text.FLEXCOMM7_IRQHandler
                0x00004964        0x8 ./startup/startup_lpc54628.o
                0x00004964                FLEXCOMM7_IRQHandler
 .text.ADC0_SEQA_IRQHandler
                0x0000496c        0x8 ./startup/startup_lpc54628.o
                0x0000496c                ADC0_SEQA_IRQHandler
 .text.ADC0_SEQB_IRQHandler
                0x00004974        0x8 ./startup/startup_lpc54628.o
                0x00004974                ADC0_SEQB_IRQHandler
 .text.ADC0_THCMP_IRQHandler
                0x0000497c        0x8 ./startup/startup_lpc54628.o
                0x0000497c                ADC0_THCMP_IRQHandler
 .text.DMIC0_IRQHandler
                0x00004984        0x8 ./startup/startup_lpc54628.o
                0x00004984                DMIC0_IRQHandler
 .text.HWVAD0_IRQHandler
                0x0000498c        0x8 ./startup/startup_lpc54628.o
                0x0000498c                HWVAD0_IRQHandler
 .text.USB0_NEEDCLK_IRQHandler
                0x00004994        0x8 ./startup/startup_lpc54628.o
                0x00004994                USB0_NEEDCLK_IRQHandler
 .text.USB0_IRQHandler
                0x0000499c        0x8 ./startup/startup_lpc54628.o
                0x0000499c                USB0_IRQHandler
 .text.RTC_IRQHandler
                0x000049a4        0x8 ./startup/startup_lpc54628.o
                0x000049a4                RTC_IRQHandler
 .text.Reserved46_IRQHandler
                0x000049ac        0x8 ./startup/startup_lpc54628.o
                0x000049ac                Reserved46_IRQHandler
 .text.Reserved47_IRQHandler
                0x000049b4        0x8 ./startup/startup_lpc54628.o
                0x000049b4                Reserved47_IRQHandler
 .text.PIN_INT4_IRQHandler
                0x000049bc        0x8 ./startup/startup_lpc54628.o
                0x000049bc                PIN_INT4_IRQHandler
 .text.PIN_INT5_IRQHandler
                0x000049c4        0x8 ./startup/startup_lpc54628.o
                0x000049c4                PIN_INT5_IRQHandler
 .text.PIN_INT6_IRQHandler
                0x000049cc        0x8 ./startup/startup_lpc54628.o
                0x000049cc                PIN_INT6_IRQHandler
 .text.PIN_INT7_IRQHandler
                0x000049d4        0x8 ./startup/startup_lpc54628.o
                0x000049d4                PIN_INT7_IRQHandler
 .text.CTIMER2_IRQHandler
                0x000049dc        0x8 ./startup/startup_lpc54628.o
                0x000049dc                CTIMER2_IRQHandler
 .text.CTIMER4_IRQHandler
                0x000049e4        0x8 ./startup/startup_lpc54628.o
                0x000049e4                CTIMER4_IRQHandler
 .text.RIT_IRQHandler
                0x000049ec        0x8 ./startup/startup_lpc54628.o
                0x000049ec                RIT_IRQHandler
 .text.SPIFI0_IRQHandler
                0x000049f4        0x8 ./startup/startup_lpc54628.o
                0x000049f4                SPIFI0_IRQHandler
 .text.FLEXCOMM8_IRQHandler
                0x000049fc        0x8 ./startup/startup_lpc54628.o
                0x000049fc                FLEXCOMM8_IRQHandler
 .text.FLEXCOMM9_IRQHandler
                0x00004a04        0x8 ./startup/startup_lpc54628.o
                0x00004a04                FLEXCOMM9_IRQHandler
 .text.SDIO_IRQHandler
                0x00004a0c        0x8 ./startup/startup_lpc54628.o
                0x00004a0c                SDIO_IRQHandler
 .text.CAN0_IRQ0_IRQHandler
                0x00004a14        0x8 ./startup/startup_lpc54628.o
                0x00004a14                CAN0_IRQ0_IRQHandler
 .text.CAN0_IRQ1_IRQHandler
                0x00004a1c        0x8 ./startup/startup_lpc54628.o
                0x00004a1c                CAN0_IRQ1_IRQHandler
 .text.CAN1_IRQ0_IRQHandler
                0x00004a24        0x8 ./startup/startup_lpc54628.o
                0x00004a24                CAN1_IRQ0_IRQHandler
 .text.CAN1_IRQ1_IRQHandler
                0x00004a2c        0x8 ./startup/startup_lpc54628.o
                0x00004a2c                CAN1_IRQ1_IRQHandler
 .text.USB1_IRQHandler
                0x00004a34        0x8 ./startup/startup_lpc54628.o
                0x00004a34                USB1_IRQHandler
 .text.USB1_NEEDCLK_IRQHandler
                0x00004a3c        0x8 ./startup/startup_lpc54628.o
                0x00004a3c                USB1_NEEDCLK_IRQHandler
 .text.ETHERNET_IRQHandler
                0x00004a44        0x8 ./startup/startup_lpc54628.o
                0x00004a44                ETHERNET_IRQHandler
 .text.ETHERNET_PMT_IRQHandler
                0x00004a4c        0x8 ./startup/startup_lpc54628.o
                0x00004a4c                ETHERNET_PMT_IRQHandler
 .text.ETHERNET_MACLP_IRQHandler
                0x00004a54        0x8 ./startup/startup_lpc54628.o
                0x00004a54                ETHERNET_MACLP_IRQHandler
 .text.EEPROM_IRQHandler
                0x00004a5c        0x8 ./startup/startup_lpc54628.o
                0x00004a5c                EEPROM_IRQHandler
 .text.LCD_IRQHandler
                0x00004a64        0x8 ./startup/startup_lpc54628.o
                0x00004a64                LCD_IRQHandler
 .text.SHA_IRQHandler
                0x00004a6c        0x8 ./startup/startup_lpc54628.o
                0x00004a6c                SHA_IRQHandler
 .text.SMARTCARD0_IRQHandler
                0x00004a74        0x8 ./startup/startup_lpc54628.o
                0x00004a74                SMARTCARD0_IRQHandler
 .text.SMARTCARD1_IRQHandler
                0x00004a7c        0x8 ./startup/startup_lpc54628.o
                0x00004a7c                SMARTCARD1_IRQHandler
 .text.CTIMER_StartTimer
                0x00004a84       0x20 ./source/servo/servo.o
 .text.GPIO_PortClear
                0x00004aa4       0x26 ./source/servo/servo.o
 .text.CTIMER_StartTimer
                0x00004aca       0x20 ./source/rpmMeas/rpmMeas.o
 .text.rpmMeas_Left_ISR
                0x00004aea       0x14 ./source/rpmMeas/rpmMeas.o
                0x00004aea                rpmMeas_Left_ISR
 .text.rpmMeas_Right_ISR
                0x00004afe       0x14 ./source/rpmMeas/rpmMeas.o
                0x00004afe                rpmMeas_Right_ISR
 .text.CTIMER_StartTimer
                0x00004b12       0x20 ./source/drive/drive.o
 .text.GPIO_PortClear
                0x00004b32       0x26 ./source/drive/drive.o
 .text.GPIO_PortSet
                0x00004b58       0x26 ./source/board/board_func.o
 .text.GPIO_PortToggle
                0x00004b7e       0x26 ./source/board/board_func.o
 .text.GPIO_PortClear
                0x00004ba4       0x26 ./source/main_gustl.o
 .text.HardFault_Handler
                0x00004bca       0x2c ./source/semihost_hardfault.o
                0x00004bca                HardFault_Handler
 .text.vListInitialise
                0x00004bf6       0x40 ./freertos/freertos_kernel/list.o
                0x00004bf6                vListInitialise
 .text.vListInitialiseItem
                0x00004c36       0x1a ./freertos/freertos_kernel/list.o
                0x00004c36                vListInitialiseItem
 .text.vListInsertEnd
                0x00004c50       0x48 ./freertos/freertos_kernel/list.o
                0x00004c50                vListInsertEnd
 .text.vListInsert
                0x00004c98       0x72 ./freertos/freertos_kernel/list.o
                0x00004c98                vListInsert
 .text.uxListRemove
                0x00004d0a       0x54 ./freertos/freertos_kernel/list.o
                0x00004d0a                uxListRemove
 .text.xQueueGenericCreate
                0x00004d5e       0x6c ./freertos/freertos_kernel/queue.o
                0x00004d5e                xQueueGenericCreate
 .text.prvInitialiseNewQueue
                0x00004dca       0x46 ./freertos/freertos_kernel/queue.o
 .text.xQueueGenericSendFromISR
                0x00004e10      0x136 ./freertos/freertos_kernel/queue.o
                0x00004e10                xQueueGenericSendFromISR
 .text.prvCopyDataToQueue
                0x00004f46       0xd4 ./freertos/freertos_kernel/queue.o
 .text.prvCopyDataFromQueue
                0x0000501a       0x4c ./freertos/freertos_kernel/queue.o
 .text.prvUnlockQueue
                0x00005066       0xa4 ./freertos/freertos_kernel/queue.o
 .text.prvIsQueueEmpty
                0x0000510a       0x2c ./freertos/freertos_kernel/queue.o
 .text.prvIsQueueFull
                0x00005136       0x30 ./freertos/freertos_kernel/queue.o
 .text.vQueueWaitForMessageRestricted
                0x00005166       0x68 ./freertos/freertos_kernel/queue.o
                0x00005166                vQueueWaitForMessageRestricted
 .text.xTaskCreate
                0x000051ce       0x82 ./freertos/freertos_kernel/tasks.o
                0x000051ce                xTaskCreate
 .text.prvInitialiseNewTask
                0x00005250      0x144 ./freertos/freertos_kernel/tasks.o
 .text.prvDeleteTCB
                0x00005394       0x20 ./freertos/freertos_kernel/tasks.o
 .text.prvTimerTask
                0x000053b4       0x24 ./freertos/freertos_kernel/timers.o
 .text.CLOCK_SetFLASHAccessCycles
                0x000053d8       0x34 ./drivers/fsl_clock.o
 .text.CLOCK_IsSystemPLLLocked
                0x0000540c       0x24 ./drivers/fsl_clock.o
 .text.CLOCK_Enable_SysOsc
                0x00005430       0x5c ./drivers/fsl_clock.o
 .text.POWER_EnablePD
                0x0000548c       0x2e ./drivers/fsl_clock.o
 .text.POWER_DisablePD
                0x000054ba       0x2e ./drivers/fsl_clock.o
 .text.DelayLoop
                0x000054e8       0x20 ./drivers/fsl_common.o
 .text.EnableIRQ
                0x00005508       0x2c ./drivers/fsl_ctimer.o
 .text.CTIMER_GetStatusFlags
                0x00005534       0x18 ./drivers/fsl_ctimer.o
 .text.CTIMER_ClearStatusFlags
                0x0000554c       0x1c ./drivers/fsl_ctimer.o
 .text.CTIMER0_DriverIRQHandler
                0x00005568       0x14 ./drivers/fsl_ctimer.o
                0x00005568                CTIMER0_DriverIRQHandler
 .text.CTIMER1_DriverIRQHandler
                0x0000557c       0x14 ./drivers/fsl_ctimer.o
                0x0000557c                CTIMER1_DriverIRQHandler
 .text.CTIMER2_DriverIRQHandler
                0x00005590       0x14 ./drivers/fsl_ctimer.o
                0x00005590                CTIMER2_DriverIRQHandler
 .text.CTIMER3_DriverIRQHandler
                0x000055a4       0x14 ./drivers/fsl_ctimer.o
                0x000055a4                CTIMER3_DriverIRQHandler
 .text.CTIMER4_DriverIRQHandler
                0x000055b8       0x14 ./drivers/fsl_ctimer.o
                0x000055b8                CTIMER4_DriverIRQHandler
 .text.DMA_GetVirtualStartChannel
                0x000055cc       0x40 ./drivers/fsl_dma.o
 .text.GPIO_PinInit
                0x0000560c       0xa0 ./drivers/fsl_gpio.o
                0x0000560c                GPIO_PinInit
 .text.RESET_PeripheralReset
                0x000056ac       0x1c ./drivers/fsl_reset.o
                0x000056ac                RESET_PeripheralReset
 .text.SystemInitHook
                0x000056c8        0xe ./device/system_LPC54628.o
                0x000056c8                SystemInitHook
 .text.BOARD_InitDebugConsole
                0x000056d6       0x10 ./board/board.o
                0x000056d6                BOARD_InitDebugConsole
 .text.POWER_DisablePD
                0x000056e6       0x2e ./board/clock_config.o
 .text.BOARD_InitBootClocks
                0x00005714        0xc ./board/clock_config.o
                0x00005714                BOARD_InitBootClocks
 .text.IOCON_PinMuxSet
                0x00005720       0x2e ./board/pin_mux.o
 .text.BOARD_InitBootPins
                0x0000574e        0xc ./board/pin_mux.o
                0x0000574e                BOARD_InitBootPins
 .text.__main   0x0000575a        0xe c:/nxp/mcuxpressoide_11.2.1_4149/ide/plugins/com.nxp.mcuxpresso.tools.win32_11.2.0.202008311134/tools/bin/../lib/gcc/arm-none-eabi/9.2.1/../../../../arm-none-eabi/lib/thumb/v7e-m+fp/hard\libcr_semihost_nf.a(_cr__main.o)
                0x0000575a                __CR_SEMIHOST
                0x0000575a                __main
 .text.memcpy   0x00005768        0x4 c:/nxp/mcuxpressoide_11.2.1_4149/ide/plugins/com.nxp.mcuxpresso.tools.win32_11.2.0.202008311134/tools/bin/../lib/gcc/arm-none-eabi/9.2.1/../../../../arm-none-eabi/lib/thumb/v7e-m+fp/hard\libcr_c.a(memcpy.o)
                0x00005768                memcpy
 .text.memset   0x0000576c        0x4 c:/nxp/mcuxpressoide_11.2.1_4149/ide/plugins/com.nxp.mcuxpresso.tools.win32_11.2.0.202008311134/tools/bin/../lib/gcc/arm-none-eabi/9.2.1/../../../../arm-none-eabi/lib/thumb/v7e-m+fp/hard\libcr_c.a(memset.o)
                0x0000576c                memset
 .text.free     0x00005770       0x30 c:/nxp/mcuxpressoide_11.2.1_4149/ide/plugins/com.nxp.mcuxpresso.tools.win32_11.2.0.202008311134/tools/bin/../lib/gcc/arm-none-eabi/9.2.1/../../../../arm-none-eabi/lib/thumb/v7e-m+fp/hard\libcr_c.a(alloc.o)
                0x00005770                free
 .text.no_fp_display
                0x000057a0        0x4 c:/nxp/mcuxpressoide_11.2.1_4149/ide/plugins/com.nxp.mcuxpresso.tools.win32_11.2.0.202008311134/tools/bin/../lib/gcc/arm-none-eabi/9.2.1/../../../../arm-none-eabi/lib/thumb/v7e-m+fp/hard\libcr_c.a(printf.o)
 .text.setvbuf  0x000057a4       0x3e c:/nxp/mcuxpressoide_11.2.1_4149/ide/plugins/com.nxp.mcuxpresso.tools.win32_11.2.0.202008311134/tools/bin/../lib/gcc/arm-none-eabi/9.2.1/../../../../arm-none-eabi/lib/thumb/v7e-m+fp/hard\libcr_c.a(setvbuf.o)
                0x000057a4                setvbuf
 .text.strlen   0x000057e2       0x4c c:/nxp/mcuxpressoide_11.2.1_4149/ide/plugins/com.nxp.mcuxpresso.tools.win32_11.2.0.202008311134/tools/bin/../lib/gcc/arm-none-eabi/9.2.1/../../../../arm-none-eabi/lib/thumb/v7e-m+fp/hard\libcr_c.a(strlen.o)
                0x000057e2                strlen
 .text._deferredlazyseek
                0x0000582e       0x40 c:/nxp/mcuxpressoide_11.2.1_4149/ide/plugins/com.nxp.mcuxpresso.tools.win32_11.2.0.202008311134/tools/bin/../lib/gcc/arm-none-eabi/9.2.1/../../../../arm-none-eabi/lib/thumb/v7e-m+fp/hard\libcr_c.a(_deferredlazyseek.o)
                0x0000582e                _deferredlazyseek
 .text.__flsbuf
                0x0000586e      0x140 c:/nxp/mcuxpressoide_11.2.1_4149/ide/plugins/com.nxp.mcuxpresso.tools.win32_11.2.0.202008311134/tools/bin/../lib/gcc/arm-none-eabi/9.2.1/../../../../arm-none-eabi/lib/thumb/v7e-m+fp/hard\libcr_c.a(_deferredlazyseek.o)
                0x0000586e                __flsbuf
 .text._fdopen  0x000059ae       0x68 c:/nxp/mcuxpressoide_11.2.1_4149/ide/plugins/com.nxp.mcuxpresso.tools.win32_11.2.0.202008311134/tools/bin/../lib/gcc/arm-none-eabi/9.2.1/../../../../arm-none-eabi/lib/thumb/v7e-m+fp/hard\libcr_c.a(_fdopen.o)
                0x000059ae                _fdopen
 .text._fflush  0x00005a16       0x52 c:/nxp/mcuxpressoide_11.2.1_4149/ide/plugins/com.nxp.mcuxpresso.tools.win32_11.2.0.202008311134/tools/bin/../lib/gcc/arm-none-eabi/9.2.1/../../../../arm-none-eabi/lib/thumb/v7e-m+fp/hard\libcr_c.a(_fflush.o)
                0x00005a16                _fflush
 .text.fclose   0x00005a68       0x58 c:/nxp/mcuxpressoide_11.2.1_4149/ide/plugins/com.nxp.mcuxpresso.tools.win32_11.2.0.202008311134/tools/bin/../lib/gcc/arm-none-eabi/9.2.1/../../../../arm-none-eabi/lib/thumb/v7e-m+fp/hard\libcr_c.a(fclose.o)
                0x00005a68                fclose
 .text.remove   0x00005ac0       0x14 c:/nxp/mcuxpressoide_11.2.1_4149/ide/plugins/com.nxp.mcuxpresso.tools.win32_11.2.0.202008311134/tools/bin/../lib/gcc/arm-none-eabi/9.2.1/../../../../arm-none-eabi/lib/thumb/v7e-m+fp/hard\libcr_c.a(remove.o)
                0x00005ac0                remove
 .text._do_fflush
                0x00005ad4       0x40 c:/nxp/mcuxpressoide_11.2.1_4149/ide/plugins/com.nxp.mcuxpresso.tools.win32_11.2.0.202008311134/tools/bin/../lib/gcc/arm-none-eabi/9.2.1/../../../../arm-none-eabi/lib/thumb/v7e-m+fp/hard\libcr_c.a(_do_fflush.o)
                0x00005ad4                _do_fflush
 .text.__aeabi_division_uldivmod
                0x00005b14      0x174 c:/nxp/mcuxpressoide_11.2.1_4149/ide/plugins/com.nxp.mcuxpresso.tools.win32_11.2.0.202008311134/tools/bin/../lib/gcc/arm-none-eabi/9.2.1/thumb/v7e-m+fp/hard\libcr_eabihelpers.a(division_64.o)
                0x00005b14                __aeabi_uldivmod
                0x00005b18                __bhs_ldivmod1
 .text.__aeabi_division_idiv0
                0x00005c88        0x2 c:/nxp/mcuxpressoide_11.2.1_4149/ide/plugins/com.nxp.mcuxpresso.tools.win32_11.2.0.202008311134/tools/bin/../lib/gcc/arm-none-eabi/9.2.1/thumb/v7e-m+fp/hard\libcr_eabihelpers.a(division_idiv0.o)
                0x00005c88                __aeabi_idiv0
 .text.__aeabi_memcpy
                0x00005c8a       0x34 c:/nxp/mcuxpressoide_11.2.1_4149/ide/plugins/com.nxp.mcuxpresso.tools.win32_11.2.0.202008311134/tools/bin/../lib/gcc/arm-none-eabi/9.2.1/thumb/v7e-m+fp/hard\libcr_eabihelpers.a(memcpy.o)
                0x00005c8a                __aeabi_memcpy
                0x00005c94                __aeabi_memcpy8
                0x00005c94                __aeabi_memcpy4
 .text.__aeabi_memset_lowlevel
                0x00005cbe       0x32 c:/nxp/mcuxpressoide_11.2.1_4149/ide/plugins/com.nxp.mcuxpresso.tools.win32_11.2.0.202008311134/tools/bin/../lib/gcc/arm-none-eabi/9.2.1/thumb/v7e-m+fp/hard\libcr_eabihelpers.a(memcpy.o)
                0x00005cbe                __aeabi_lowlevel_memset
 .text.__sys_close
                0x00005cf0        0xc c:/nxp/mcuxpressoide_11.2.1_4149/ide/plugins/com.nxp.mcuxpresso.tools.win32_11.2.0.202008311134/tools/bin/../lib/gcc/arm-none-eabi/9.2.1/../../../../arm-none-eabi/lib/thumb/v7e-m+fp/hard\libcr_semihost_nf.a(__sys_close.o)
                0x00005cf0                __sys_close
 .text.__sys_flen
                0x00005cfc        0xc c:/nxp/mcuxpressoide_11.2.1_4149/ide/plugins/com.nxp.mcuxpresso.tools.win32_11.2.0.202008311134/tools/bin/../lib/gcc/arm-none-eabi/9.2.1/../../../../arm-none-eabi/lib/thumb/v7e-m+fp/hard\libcr_semihost_nf.a(__sys_flen.o)
                0x00005cfc                __sys_flen
 .text.__sys_istty
                0x00005d08        0xc c:/nxp/mcuxpressoide_11.2.1_4149/ide/plugins/com.nxp.mcuxpresso.tools.win32_11.2.0.202008311134/tools/bin/../lib/gcc/arm-none-eabi/9.2.1/../../../../arm-none-eabi/lib/thumb/v7e-m+fp/hard\libcr_semihost_nf.a(__sys_istty.o)
                0x00005d08                __sys_istty
 .text.__sys_remove
                0x00005d14        0xc c:/nxp/mcuxpressoide_11.2.1_4149/ide/plugins/com.nxp.mcuxpresso.tools.win32_11.2.0.202008311134/tools/bin/../lib/gcc/arm-none-eabi/9.2.1/../../../../arm-none-eabi/lib/thumb/v7e-m+fp/hard\libcr_semihost_nf.a(__sys_remove.o)
                0x00005d14                __sys_remove
 .text.__sys_seek
                0x00005d20        0xc c:/nxp/mcuxpressoide_11.2.1_4149/ide/plugins/com.nxp.mcuxpresso.tools.win32_11.2.0.202008311134/tools/bin/../lib/gcc/arm-none-eabi/9.2.1/../../../../arm-none-eabi/lib/thumb/v7e-m+fp/hard\libcr_semihost_nf.a(__sys_seek.o)
                0x00005d20                __sys_seek
 .text.__sys_tmpnam
                0x00005d2c        0xc c:/nxp/mcuxpressoide_11.2.1_4149/ide/plugins/com.nxp.mcuxpresso.tools.win32_11.2.0.202008311134/tools/bin/../lib/gcc/arm-none-eabi/9.2.1/../../../../arm-none-eabi/lib/thumb/v7e-m+fp/hard\libcr_semihost_nf.a(__sys_tmpnam.o)
                0x00005d2c                __sys_tmpnam
 .text.__sys_write
                0x00005d38        0xc c:/nxp/mcuxpressoide_11.2.1_4149/ide/plugins/com.nxp.mcuxpresso.tools.win32_11.2.0.202008311134/tools/bin/../lib/gcc/arm-none-eabi/9.2.1/../../../../arm-none-eabi/lib/thumb/v7e-m+fp/hard\libcr_semihost_nf.a(__sys_write.o)
                0x00005d38                __sys_write
 *freertos*/tasks.o(SORT_BY_ALIGNMENT(.rodata*))
 .rodata.vTaskStartScheduler.str1.4
                0x00005d44        0x5 ./freertos/freertos_kernel/tasks.o
 *fill*         0x00005d49        0x3 ff
 .rodata        0x00005d4c       0x1c ./freertos/freertos_kernel/tasks.o
                0x00005d4c                portArch_Name
                0x00005d50                FreeRTOSDebugConfig
 *(SORT_BY_ALIGNMENT(.rodata) SORT_BY_ALIGNMENT(.rodata.*) SORT_BY_ALIGNMENT(.constdata) SORT_BY_ALIGNMENT(.constdata.*))
 .rodata.__assertion_failed.str1.4
                0x00005d68       0x14 ./utilities/fsl_assert.o
 .rodata.SERVO_config
                0x00005d7c        0x8 ./source/servo/servo.o
                0x00005d7c                SERVO_config
 .rodata.SERVO_Init.str1.4
                0x00005d84        0xb ./source/servo/servo.o
 *fill*         0x00005d8f        0x1 ff
 .rodata.RPMMEAS_config
                0x00005d90        0x8 ./source/rpmMeas/rpmMeas.o
                0x00005d90                RPMMEAS_config
 .rodata.BLDC_config
                0x00005d98        0x8 ./source/drive/drive.o
                0x00005d98                BLDC_config
 .rodata.BLDC_Init.str1.4
                0x00005da0        0xe ./source/drive/drive.o
 *fill*         0x00005dae        0x2 ff
 .rodata.main.str1.4
                0x00005db0        0xf ./source/main_gustl.o
 *fill*         0x00005dbf        0x1 ff
 .rodata.xTimerCreateTimerTask.str1.4
                0x00005dc0        0x8 ./freertos/freertos_kernel/timers.o
 .rodata.prvCheckForValidListAndQueue.str1.4
                0x00005dc8        0x5 ./freertos/freertos_kernel/timers.o
 *fill*         0x00005dcd        0x3 ff
 .rodata.SDK_DelayAtLeastUs.str1.4
                0x00005dd0       0x4c ./drivers/fsl_common.o
 .rodata.s_ctimerBases
                0x00005e1c       0x14 ./drivers/fsl_ctimer.o
 .rodata.s_ctimerClocks
                0x00005e30        0xa ./drivers/fsl_ctimer.o
 *fill*         0x00005e3a        0x2 ff
 .rodata.s_ctimerResets
                0x00005e3c       0x14 ./drivers/fsl_ctimer.o
 .rodata.s_ctimerIRQ
                0x00005e50        0x5 ./drivers/fsl_ctimer.o
 *fill*         0x00005e55        0x3 ff
 .rodata.CTIMER_GetInstance.str1.4
                0x00005e58       0x2f ./drivers/fsl_ctimer.o
 *fill*         0x00005e87        0x1 ff
 .rodata.CTIMER_Init.str1.4
                0x00005e88       0x22 ./drivers/fsl_ctimer.o
 *fill*         0x00005eaa        0x2 ff
 .rodata.DMA_GetInstance.str1.4
                0x00005eac       0x32 ./drivers/fsl_dma.o
 *fill*         0x00005ede        0x2 ff
 .rodata.FLEXCOMM0_DriverIRQHandler.str1.4
                0x00005ee0       0x2e ./drivers/fsl_flexcomm.o
 *fill*         0x00005f0e        0x2 ff
 .rodata.FLEXCOMM1_DriverIRQHandler.str1.4
                0x00005f10       0x2e ./drivers/fsl_flexcomm.o
 *fill*         0x00005f3e        0x2 ff
 .rodata.FLEXCOMM2_DriverIRQHandler.str1.4
                0x00005f40       0x2e ./drivers/fsl_flexcomm.o
 *fill*         0x00005f6e        0x2 ff
 .rodata.FLEXCOMM3_DriverIRQHandler.str1.4
                0x00005f70       0x2e ./drivers/fsl_flexcomm.o
 *fill*         0x00005f9e        0x2 ff
 .rodata.FLEXCOMM4_DriverIRQHandler.str1.4
                0x00005fa0       0x2e ./drivers/fsl_flexcomm.o
 *fill*         0x00005fce        0x2 ff
 .rodata.FLEXCOMM5_DriverIRQHandler.str1.4
                0x00005fd0       0x2e ./drivers/fsl_flexcomm.o
 *fill*         0x00005ffe        0x2 ff
 .rodata.FLEXCOMM6_DriverIRQHandler.str1.4
                0x00006000       0x2e ./drivers/fsl_flexcomm.o
 *fill*         0x0000602e        0x2 ff
 .rodata.FLEXCOMM7_DriverIRQHandler.str1.4
                0x00006030       0x2e ./drivers/fsl_flexcomm.o
 *fill*         0x0000605e        0x2 ff
 .rodata.FLEXCOMM8_DriverIRQHandler.str1.4
                0x00006060       0x2e ./drivers/fsl_flexcomm.o
 *fill*         0x0000608e        0x2 ff
 .rodata.FLEXCOMM9_DriverIRQHandler.str1.4
                0x00006090       0x2e ./drivers/fsl_flexcomm.o
 *fill*         0x000060be        0x2 ff
 .rodata.RESET_SetPeripheralReset.str1.4
                0x000060c0       0x20 ./drivers/fsl_reset.o
 .rodata.RESET_ClearPeripheralReset.str1.4
                0x000060e0       0x20 ./drivers/fsl_reset.o
 .rodata.__num_Ciob_streams
                0x00006100        0x4 c:/nxp/mcuxpressoide_11.2.1_4149/ide/plugins/com.nxp.mcuxpresso.tools.win32_11.2.0.202008311134/tools/bin/../lib/gcc/arm-none-eabi/9.2.1/../../../../arm-none-eabi/lib/thumb/v7e-m+fp/hard\libcr_semihost_nf.a(__ciob.o)
                0x00006100                __num_Ciob_streams
 .rodata._Csys_alloc.str1.1
                0x00006104       0x18 c:/nxp/mcuxpressoide_11.2.1_4149/ide/plugins/com.nxp.mcuxpresso.tools.win32_11.2.0.202008311134/tools/bin/../lib/gcc/arm-none-eabi/9.2.1/../../../../arm-none-eabi/lib/thumb/v7e-m+fp/hard\libcr_c.a(alloc.o)
 .rodata._initio.str1.1
                0x0000611c        0x4 c:/nxp/mcuxpressoide_11.2.1_4149/ide/plugins/com.nxp.mcuxpresso.tools.win32_11.2.0.202008311134/tools/bin/../lib/gcc/arm-none-eabi/9.2.1/../../../../arm-none-eabi/lib/thumb/v7e-m+fp/hard\libcr_c.a(initio.o)
 .rodata.__vfprintf.str1.1
                0x00006120       0x37 c:/nxp/mcuxpressoide_11.2.1_4149/ide/plugins/com.nxp.mcuxpresso.tools.win32_11.2.0.202008311134/tools/bin/../lib/gcc/arm-none-eabi/9.2.1/../../../../arm-none-eabi/lib/thumb/v7e-m+fp/hard\libcr_c.a(printf.o)
                                 0x38 (size before relaxing)
                0x00006158                . = ALIGN (0x4)
 *fill*         0x00006157        0x1 ff

.glue_7         0x00006158        0x0
 .glue_7        0x00006158        0x0 linker stubs

.glue_7t        0x00006158        0x0
 .glue_7t       0x00006158        0x0 linker stubs

.vfp11_veneer   0x00006158        0x0
 .vfp11_veneer  0x00006158        0x0 linker stubs

.v4_bx          0x00006158        0x0
 .v4_bx         0x00006158        0x0 linker stubs

.iplt           0x00006158        0x0
 .iplt          0x00006158        0x0 ./utilities/fsl_assert.o

.rel.dyn        0x00006158        0x0
 .rel.iplt      0x00006158        0x0 ./utilities/fsl_assert.o

.ARM.extab
 *(SORT_BY_ALIGNMENT(.ARM.extab*) SORT_BY_ALIGNMENT(.gnu.linkonce.armextab.*))

.ARM.exidx      0x00006158        0x0
                0x00006158                __exidx_start = .
 *(SORT_BY_ALIGNMENT(.ARM.exidx*) SORT_BY_ALIGNMENT(.gnu.linkonce.armexidx.*))
                0x00006158                __exidx_end = .
                0x00006158                _etext = .

.m_usb_data
 *(SORT_BY_ALIGNMENT(m_usb_global))

.data_RAM2      0x04000000        0x0 load address 0x00006158
 FILL mask 0xff
                [!provide]                PROVIDE (__start_data_RAM2 = .)
                [!provide]                PROVIDE (__start_data_SRAMX = .)
 *(SORT_BY_ALIGNMENT(.ramfunc.$RAM2))
 *(SORT_BY_ALIGNMENT(.ramfunc.$SRAMX))
 *(SORT_BY_ALIGNMENT(.data.$RAM2))
 *(SORT_BY_ALIGNMENT(.data.$SRAMX))
 *(SORT_BY_ALIGNMENT(.data.$RAM2.*))
 *(SORT_BY_ALIGNMENT(.data.$SRAMX.*))
                0x04000000                . = ALIGN (0x4)
                [!provide]                PROVIDE (__end_data_RAM2 = .)
                [!provide]                PROVIDE (__end_data_SRAMX = .)

.data_RAM3      0x40100000        0x0 load address 0x00006158
 FILL mask 0xff
                [!provide]                PROVIDE (__start_data_RAM3 = .)
                [!provide]                PROVIDE (__start_data_USB_RAM = .)
 *(SORT_BY_ALIGNMENT(.ramfunc.$RAM3))
 *(SORT_BY_ALIGNMENT(.ramfunc.$USB_RAM))
 *(SORT_BY_ALIGNMENT(.data.$RAM3))
 *(SORT_BY_ALIGNMENT(.data.$USB_RAM))
 *(SORT_BY_ALIGNMENT(.data.$RAM3.*))
 *(SORT_BY_ALIGNMENT(.data.$USB_RAM.*))
                0x40100000                . = ALIGN (0x4)
                [!provide]                PROVIDE (__end_data_RAM3 = .)
                [!provide]                PROVIDE (__end_data_USB_RAM = .)

.uninit_RESERVED
                0x20000000        0x0
                0x20000000                _start_uninit_RESERVED = .
 *(SORT_BY_ALIGNMENT(.bss.$RESERVED*))
                0x20000000                . = ALIGN (0x4)
                0x20000000                _end_uninit_RESERVED = .

.data           0x20000000       0x28 load address 0x00006158
 FILL mask 0xff
                0x20000000                _data = .
                [!provide]                PROVIDE (__start_data_RAM = .)
                [!provide]                PROVIDE (__start_data_SRAM_UPPER = .)
 *(SORT_BY_ALIGNMENT(vtable))
 *(SORT_BY_ALIGNMENT(.ramfunc*))
 *(SORT_BY_ALIGNMENT(CodeQuickAccess))
 *(SORT_BY_ALIGNMENT(DataQuickAccess))
 *(SORT_BY_ALIGNMENT(RamFunction))
 *(SORT_BY_ALIGNMENT(.data*))
 .data.ctimer_callback_table
                0x20000000       0x20 ./source/rpmMeas/rpmMeas.o
                0x20000000                ctimer_callback_table
 .data.uxCriticalNesting
                0x20000020        0x4 ./freertos/freertos_kernel/portable/GCC/ARM_CM4F/port.o
 .data.SystemCoreClock
                0x20000024        0x4 ./device/system_LPC54628.o
                0x20000024                SystemCoreClock
                0x20000028                . = ALIGN (0x4)
                0x20000028                _edata = .
                [!provide]                PROVIDE (__end_data_RAM = .)
                [!provide]                PROVIDE (__end_data_SRAM_UPPER = .)

.igot.plt       0x20000028        0x0 load address 0x00006180
 .igot.plt      0x20000028        0x0 ./utilities/fsl_assert.o

.bss_RAM2       0x04000000        0x0
                [!provide]                PROVIDE (__start_bss_RAM2 = .)
                [!provide]                PROVIDE (__start_bss_SRAMX = .)
 *(SORT_BY_ALIGNMENT(.bss.$RAM2))
 *(SORT_BY_ALIGNMENT(.bss.$SRAMX))
 *(SORT_BY_ALIGNMENT(.bss.$RAM2.*))
 *(SORT_BY_ALIGNMENT(.bss.$SRAMX.*))
                0x04000000                . = ALIGN ((. != 0x0)?0x4:0x1)
                [!provide]                PROVIDE (__end_bss_RAM2 = .)
                [!provide]                PROVIDE (__end_bss_SRAMX = .)

.bss_RAM3       0x40100000        0x0
                [!provide]                PROVIDE (__start_bss_RAM3 = .)
                [!provide]                PROVIDE (__start_bss_USB_RAM = .)
 *(SORT_BY_ALIGNMENT(.bss.$RAM3))
 *(SORT_BY_ALIGNMENT(.bss.$USB_RAM))
 *(SORT_BY_ALIGNMENT(.bss.$RAM3.*))
 *(SORT_BY_ALIGNMENT(.bss.$USB_RAM.*))
                0x40100000                . = ALIGN ((. != 0x0)?0x4:0x1)
                [!provide]                PROVIDE (__end_bss_RAM3 = .)
                [!provide]                PROVIDE (__end_bss_USB_RAM = .)

.bss            0x20000028     0x2b50
                0x20000028                _bss = .
                [!provide]                PROVIDE (__start_bss_RAM = .)
                [!provide]                PROVIDE (__start_bss_SRAM_UPPER = .)
 *(SORT_BY_ALIGNMENT(.bss*))
 .bss.ucHeap    0x20000028     0x2800 ./freertos/freertos_kernel/portable/MemMang/heap_4.o
 .bss.xStart    0x20002828        0x8 ./freertos/freertos_kernel/portable/MemMang/heap_4.o
 .bss.pxEnd     0x20002830        0x4 ./freertos/freertos_kernel/portable/MemMang/heap_4.o
 .bss.xFreeBytesRemaining
                0x20002834        0x4 ./freertos/freertos_kernel/portable/MemMang/heap_4.o
 .bss.xMinimumEverFreeBytesRemaining
                0x20002838        0x4 ./freertos/freertos_kernel/portable/MemMang/heap_4.o
 .bss.xNumberOfSuccessfulAllocations
                0x2000283c        0x4 ./freertos/freertos_kernel/portable/MemMang/heap_4.o
 .bss.xNumberOfSuccessfulFrees
                0x20002840        0x4 ./freertos/freertos_kernel/portable/MemMang/heap_4.o
 .bss.xBlockAllocatedBit
                0x20002844        0x4 ./freertos/freertos_kernel/portable/MemMang/heap_4.o
 .bss.ulMaxPRIGROUPValue
                0x20002848        0x4 ./freertos/freertos_kernel/portable/GCC/ARM_CM4F/port.o
 .bss.xQueueRegistry
                0x2000284c       0x40 ./freertos/freertos_kernel/queue.o
                0x2000284c                xQueueRegistry
 .bss.pxCurrentTCB
                0x2000288c        0x4 ./freertos/freertos_kernel/tasks.o
                0x2000288c                pxCurrentTCB
 .bss.pxReadyTasksLists
                0x20002890       0x64 ./freertos/freertos_kernel/tasks.o
 .bss.xDelayedTaskList1
                0x200028f4       0x14 ./freertos/freertos_kernel/tasks.o
 .bss.xDelayedTaskList2
                0x20002908       0x14 ./freertos/freertos_kernel/tasks.o
 .bss.pxDelayedTaskList
                0x2000291c        0x4 ./freertos/freertos_kernel/tasks.o
 .bss.pxOverflowDelayedTaskList
                0x20002920        0x4 ./freertos/freertos_kernel/tasks.o
 .bss.xPendingReadyList
                0x20002924       0x14 ./freertos/freertos_kernel/tasks.o
 .bss.xTasksWaitingTermination
                0x20002938       0x14 ./freertos/freertos_kernel/tasks.o
 .bss.uxDeletedTasksWaitingCleanUp
                0x2000294c        0x4 ./freertos/freertos_kernel/tasks.o
 .bss.xSuspendedTaskList
                0x20002950       0x14 ./freertos/freertos_kernel/tasks.o
 .bss.uxCurrentNumberOfTasks
                0x20002964        0x4 ./freertos/freertos_kernel/tasks.o
 .bss.xTickCount
                0x20002968        0x4 ./freertos/freertos_kernel/tasks.o
 .bss.uxTopReadyPriority
                0x2000296c        0x4 ./freertos/freertos_kernel/tasks.o
 .bss.xSchedulerRunning
                0x20002970        0x4 ./freertos/freertos_kernel/tasks.o
 .bss.xPendedTicks
                0x20002974        0x4 ./freertos/freertos_kernel/tasks.o
 .bss.xYieldPending
                0x20002978        0x4 ./freertos/freertos_kernel/tasks.o
 .bss.xNumOfOverflows
                0x2000297c        0x4 ./freertos/freertos_kernel/tasks.o
 .bss.uxTaskNumber
                0x20002980        0x4 ./freertos/freertos_kernel/tasks.o
 .bss.xNextTaskUnblockTime
                0x20002984        0x4 ./freertos/freertos_kernel/tasks.o
 .bss.xIdleTaskHandle
                0x20002988        0x4 ./freertos/freertos_kernel/tasks.o
 .bss.uxSchedulerSuspended
                0x2000298c        0x4 ./freertos/freertos_kernel/tasks.o
 .bss.xActiveTimerList1
                0x20002990       0x14 ./freertos/freertos_kernel/timers.o
 .bss.xActiveTimerList2
                0x200029a4       0x14 ./freertos/freertos_kernel/timers.o
 .bss.pxCurrentTimerList
                0x200029b8        0x4 ./freertos/freertos_kernel/timers.o
 .bss.pxOverflowTimerList
                0x200029bc        0x4 ./freertos/freertos_kernel/timers.o
 .bss.xTimerQueue
                0x200029c0        0x4 ./freertos/freertos_kernel/timers.o
 .bss.xTimerTaskHandle
                0x200029c4        0x4 ./freertos/freertos_kernel/timers.o
 .bss.xLastTime.6002
                0x200029c8        0x4 ./freertos/freertos_kernel/timers.o
 .bss.s_Pll_Freq
                0x200029cc        0x4 ./drivers/fsl_clock.o
 .bss.s_ctimerCallback
                0x200029d0       0x14 ./drivers/fsl_ctimer.o
 .bss.ctimerCallbackType
                0x200029e4        0x5 ./drivers/fsl_ctimer.o
 *fill*         0x200029e9        0x3 
 .bss.s_DMAHandle
                0x200029ec       0x78 ./drivers/fsl_dma.o
 .bss.s_flexcommIrqHandler
                0x20002a64       0x28 ./drivers/fsl_flexcomm.o
 .bss.s_flexcommHandle
                0x20002a8c       0x28 ./drivers/fsl_flexcomm.o
 .bss.__end_of_heap
                0x20002ab4        0x4 c:/nxp/mcuxpressoide_11.2.1_4149/ide/plugins/com.nxp.mcuxpresso.tools.win32_11.2.0.202008311134/tools/bin/../lib/gcc/arm-none-eabi/9.2.1/../../../../arm-none-eabi/lib/thumb/v7e-m+fp/hard\libcr_c.a(__init_alloc.o)
                0x20002ab4                __end_of_heap
 .bss.__heaps   0x20002ab8        0x4 c:/nxp/mcuxpressoide_11.2.1_4149/ide/plugins/com.nxp.mcuxpresso.tools.win32_11.2.0.202008311134/tools/bin/../lib/gcc/arm-none-eabi/9.2.1/../../../../arm-none-eabi/lib/thumb/v7e-m+fp/hard\libcr_c.a(__init_alloc.o)
                0x20002ab8                __heaps
 .bss.errno     0x20002abc        0x4 c:/nxp/mcuxpressoide_11.2.1_4149/ide/plugins/com.nxp.mcuxpresso.tools.win32_11.2.0.202008311134/tools/bin/../lib/gcc/arm-none-eabi/9.2.1/../../../../arm-none-eabi/lib/thumb/v7e-m+fp/hard\libcr_c.a(errno.o)
                0x20002abc                errno
 .bss.__Ciob    0x20002ac0       0xb4 c:/nxp/mcuxpressoide_11.2.1_4149/ide/plugins/com.nxp.mcuxpresso.tools.win32_11.2.0.202008311134/tools/bin/../lib/gcc/arm-none-eabi/9.2.1/../../../../arm-none-eabi/lib/thumb/v7e-m+fp/hard\libcr_semihost_nf.a(__ciob.o)
                0x20002ac0                __Ciob
 .bss.ucMaxSysCallPriority
                0x20002b74        0x1 ./freertos/freertos_kernel/portable/GCC/ARM_CM4F/port.o
 *(SORT_BY_ALIGNMENT(COMMON))
                0x20002b78                . = ALIGN (0x4)
 *fill*         0x20002b75        0x3 
                0x20002b78                _ebss = .
                [!provide]                PROVIDE (__end_bss_RAM = .)
                [!provide]                PROVIDE (__end_bss_SRAM_UPPER = .)
                [!provide]                PROVIDE (end = .)

.noinit_RAM2    0x04000000        0x0
                [!provide]                PROVIDE (__start_noinit_RAM2 = .)
                [!provide]                PROVIDE (__start_noinit_SRAMX = .)
 *(SORT_BY_ALIGNMENT(.noinit.$RAM2))
 *(SORT_BY_ALIGNMENT(.noinit.$SRAMX))
 *(SORT_BY_ALIGNMENT(.noinit.$RAM2.*))
 *(SORT_BY_ALIGNMENT(.noinit.$SRAMX.*))
                0x04000000                . = ALIGN (0x4)
                [!provide]                PROVIDE (__end_noinit_RAM2 = .)
                [!provide]                PROVIDE (__end_noinit_SRAMX = .)

.noinit_RAM3    0x40100000        0x0
                [!provide]                PROVIDE (__start_noinit_RAM3 = .)
                [!provide]                PROVIDE (__start_noinit_USB_RAM = .)
 *(SORT_BY_ALIGNMENT(.noinit.$RAM3))
 *(SORT_BY_ALIGNMENT(.noinit.$USB_RAM))
 *(SORT_BY_ALIGNMENT(.noinit.$RAM3.*))
 *(SORT_BY_ALIGNMENT(.noinit.$USB_RAM.*))
                0x40100000                . = ALIGN (0x4)
                [!provide]                PROVIDE (__end_noinit_RAM3 = .)
                [!provide]                PROVIDE (__end_noinit_USB_RAM = .)

.noinit         0x20002b78        0x0
                0x20002b78                _noinit = .
                [!provide]                PROVIDE (__start_noinit_RAM = .)
                [!provide]                PROVIDE (__start_noinit_SRAM_UPPER = .)
 *(SORT_BY_ALIGNMENT(.noinit*))
                0x20002b78                . = ALIGN (0x4)
                0x20002b78                _end_noinit = .
                [!provide]                PROVIDE (__end_noinit_RAM = .)
                [!provide]                PROVIDE (__end_noinit_SRAM_UPPER = .)
                0x00001000                _HeapSize = 0x1000

.heap           0x20002b78     0x1000
                0x20002b78                _pvHeapStart = .
                0x20003b78                . = (. + _HeapSize)
 *fill*         0x20002b78     0x1000 
                0x20003b78                . = ALIGN (0x4)
                0x20003b78                _pvHeapLimit = .
                0x00001000                _StackSize = 0x1000

.heap2stackfill
                0x20003b78     0x1000
                0x20004b78                . = (. + _StackSize)
 *fill*         0x20003b78     0x1000 

.stack          0x20027000        0x0
                0x20027000                _vStackBase = .
                0x20027000                . = ALIGN (0x4)
                0x20028000                _vStackTop = (. + _StackSize)
                0xdffd2b1e                PROVIDE (__valid_user_code_checksum = (0x0 - ((((((_vStackTop + (ResetISR + 0x1)) + (NMI_Handler + 0x1)) + (HardFault_Handler + 0x1)) + (DEFINED (MemManage_Handler)?MemManage_Handler:0x0 + 0x1)) + (DEFINED (BusFault_Handler)?BusFault_Handler:0x0 + 0x1)) + (DEFINED (UsageFault_Handler)?UsageFault_Handler:0x0 + 0x1))))
                0x00000000                _image_start = LOADADDR (.text)
                0x00006180                _image_end = (LOADADDR (.data) + SIZEOF (.data))
                0x00006180                _image_size = (_image_end - _image_start)
OUTPUT(nxp-aes-proj.axf elf32-littlearm)

.debug_info     0x00000000    0x1c356
 .debug_info    0x00000000      0x243 ./utilities/fsl_assert.o
 .debug_info    0x00000243      0x6c6 ./startup/startup_lpc54628.o
 .debug_info    0x00000909      0x8c7 ./source/servo/servo.o
 .debug_info    0x000011d0      0x8e9 ./source/rpmMeas/rpmMeas.o
 .debug_info    0x00001ab9      0x8c7 ./source/drive/drive.o
 .debug_info    0x00002380     0x12b0 ./source/camera/camera.o
 .debug_info    0x00003630      0xd81 ./source/board/board_func.o
 .debug_info    0x000043b1      0x84f ./source/main_gustl.o
 .debug_info    0x00004c00       0x3c ./source/semihost_hardfault.o
 .debug_info    0x00004c3c      0x505 ./freertos/freertos_kernel/portable/MemMang/heap_4.o
 .debug_info    0x00005141      0x511 ./freertos/freertos_kernel/portable/GCC/ARM_CM4F/port.o
 .debug_info    0x00005652      0x302 ./freertos/freertos_kernel/list.o
 .debug_info    0x00005954     0x16db ./freertos/freertos_kernel/queue.o
 .debug_info    0x0000702f     0x20b7 ./freertos/freertos_kernel/tasks.o
 .debug_info    0x000090e6      0xeb6 ./freertos/freertos_kernel/timers.o
 .debug_info    0x00009f9c     0x30fa ./drivers/fsl_clock.o
 .debug_info    0x0000d096     0x10f3 ./drivers/fsl_common.o
 .debug_info    0x0000e189     0x210e ./drivers/fsl_ctimer.o
 .debug_info    0x00010297     0x2920 ./drivers/fsl_dma.o
 .debug_info    0x00012bb7     0x19ef ./drivers/fsl_flexcomm.o
 .debug_info    0x000145a6     0x1636 ./drivers/fsl_gpio.o
 .debug_info    0x00015bdc      0xde5 ./drivers/fsl_reset.o
 .debug_info    0x000169c1      0xf2b ./device/system_LPC54628.o
 .debug_info    0x000178ec     0x1435 ./board/board.o
 .debug_info    0x00018d21     0x110e ./board/clock_config.o
 .debug_info    0x00019e2f     0x1192 ./board/pin_mux.o
 .debug_info    0x0001afc1     0x1395 D:\Projekte\nxp-aes-proj\libs\libpower_hardabi.a(fsl_power_lib.o)

.debug_abbrev   0x00000000     0x3b41
 .debug_abbrev  0x00000000       0xe9 ./utilities/fsl_assert.o
 .debug_abbrev  0x000000e9      0x16d ./startup/startup_lpc54628.o
 .debug_abbrev  0x00000256      0x20c ./source/servo/servo.o
 .debug_abbrev  0x00000462      0x20e ./source/rpmMeas/rpmMeas.o
 .debug_abbrev  0x00000670      0x20c ./source/drive/drive.o
 .debug_abbrev  0x0000087c      0x19a ./source/camera/camera.o
 .debug_abbrev  0x00000a16      0x1c5 ./source/board/board_func.o
 .debug_abbrev  0x00000bdb      0x19b ./source/main_gustl.o
 .debug_abbrev  0x00000d76       0x31 ./source/semihost_hardfault.o
 .debug_abbrev  0x00000da7      0x209 ./freertos/freertos_kernel/portable/MemMang/heap_4.o
 .debug_abbrev  0x00000fb0      0x259 ./freertos/freertos_kernel/portable/GCC/ARM_CM4F/port.o
 .debug_abbrev  0x00001209      0x12d ./freertos/freertos_kernel/list.o
 .debug_abbrev  0x00001336      0x2d9 ./freertos/freertos_kernel/queue.o
 .debug_abbrev  0x0000160f      0x32b ./freertos/freertos_kernel/tasks.o
 .debug_abbrev  0x0000193a      0x286 ./freertos/freertos_kernel/timers.o
 .debug_abbrev  0x00001bc0      0x38e ./drivers/fsl_clock.o
 .debug_abbrev  0x00001f4e      0x28b ./drivers/fsl_common.o
 .debug_abbrev  0x000021d9      0x364 ./drivers/fsl_ctimer.o
 .debug_abbrev  0x0000253d      0x38e ./drivers/fsl_dma.o
 .debug_abbrev  0x000028cb      0x30f ./drivers/fsl_flexcomm.o
 .debug_abbrev  0x00002bda      0x246 ./drivers/fsl_gpio.o
 .debug_abbrev  0x00002e20      0x188 ./drivers/fsl_reset.o
 .debug_abbrev  0x00002fa8      0x1fc ./device/system_LPC54628.o
 .debug_abbrev  0x000031a4      0x20e ./board/board.o
 .debug_abbrev  0x000033b2      0x1f6 ./board/clock_config.o
 .debug_abbrev  0x000035a8      0x255 ./board/pin_mux.o
 .debug_abbrev  0x000037fd      0x344 D:\Projekte\nxp-aes-proj\libs\libpower_hardabi.a(fsl_power_lib.o)

.debug_aranges  0x00000000     0x10c8
 .debug_aranges
                0x00000000       0x20 ./utilities/fsl_assert.o
 .debug_aranges
                0x00000020      0x248 ./startup/startup_lpc54628.o
 .debug_aranges
                0x00000268       0x40 ./source/servo/servo.o
 .debug_aranges
                0x000002a8       0x40 ./source/rpmMeas/rpmMeas.o
 .debug_aranges
                0x000002e8       0x40 ./source/drive/drive.o
 .debug_aranges
                0x00000328       0x20 ./source/camera/camera.o
 .debug_aranges
                0x00000348       0x40 ./source/board/board_func.o
 .debug_aranges
                0x00000388       0x28 ./source/main_gustl.o
 .debug_aranges
                0x000003b0       0x20 ./source/semihost_hardfault.o
 .debug_aranges
                0x000003d0       0x58 ./freertos/freertos_kernel/portable/MemMang/heap_4.o
 .debug_aranges
                0x00000428       0x80 ./freertos/freertos_kernel/portable/GCC/ARM_CM4F/port.o
 .debug_aranges
                0x000004a8       0x40 ./freertos/freertos_kernel/list.o
 .debug_aranges
                0x000004e8      0x130 ./freertos/freertos_kernel/queue.o
 .debug_aranges
                0x00000618      0x208 ./freertos/freertos_kernel/tasks.o
 .debug_aranges
                0x00000820       0xe8 ./freertos/freertos_kernel/timers.o
 .debug_aranges
                0x00000908      0x2c8 ./drivers/fsl_clock.o
 .debug_aranges
                0x00000bd0       0x68 ./drivers/fsl_common.o
 .debug_aranges
                0x00000c38       0xd8 ./drivers/fsl_ctimer.o
 .debug_aranges
                0x00000d10      0x130 ./drivers/fsl_dma.o
 .debug_aranges
                0x00000e40       0x98 ./drivers/fsl_flexcomm.o
 .debug_aranges
                0x00000ed8       0x30 ./drivers/fsl_gpio.o
 .debug_aranges
                0x00000f08       0x30 ./drivers/fsl_reset.o
 .debug_aranges
                0x00000f38       0x68 ./device/system_LPC54628.o
 .debug_aranges
                0x00000fa0       0x30 ./board/board.o
 .debug_aranges
                0x00000fd0       0x50 ./board/clock_config.o
 .debug_aranges
                0x00001020       0x40 ./board/pin_mux.o
 .debug_aranges
                0x00001060       0x68 D:\Projekte\nxp-aes-proj\libs\libpower_hardabi.a(fsl_power_lib.o)

.debug_ranges   0x00000000      0xf48
 .debug_ranges  0x00000000       0x10 ./utilities/fsl_assert.o
 .debug_ranges  0x00000010      0x238 ./startup/startup_lpc54628.o
 .debug_ranges  0x00000248       0x30 ./source/servo/servo.o
 .debug_ranges  0x00000278       0x30 ./source/rpmMeas/rpmMeas.o
 .debug_ranges  0x000002a8       0x30 ./source/drive/drive.o
 .debug_ranges  0x000002d8       0x10 ./source/camera/camera.o
 .debug_ranges  0x000002e8       0x30 ./source/board/board_func.o
 .debug_ranges  0x00000318       0x18 ./source/main_gustl.o
 .debug_ranges  0x00000330       0x10 ./source/semihost_hardfault.o
 .debug_ranges  0x00000340       0x48 ./freertos/freertos_kernel/portable/MemMang/heap_4.o
 .debug_ranges  0x00000388       0x70 ./freertos/freertos_kernel/portable/GCC/ARM_CM4F/port.o
 .debug_ranges  0x000003f8       0x30 ./freertos/freertos_kernel/list.o
 .debug_ranges  0x00000428      0x120 ./freertos/freertos_kernel/queue.o
 .debug_ranges  0x00000548      0x1f8 ./freertos/freertos_kernel/tasks.o
 .debug_ranges  0x00000740       0xd8 ./freertos/freertos_kernel/timers.o
 .debug_ranges  0x00000818      0x2b8 ./drivers/fsl_clock.o
 .debug_ranges  0x00000ad0       0x58 ./drivers/fsl_common.o
 .debug_ranges  0x00000b28       0xc8 ./drivers/fsl_ctimer.o
 .debug_ranges  0x00000bf0      0x120 ./drivers/fsl_dma.o
 .debug_ranges  0x00000d10       0x88 ./drivers/fsl_flexcomm.o
 .debug_ranges  0x00000d98       0x20 ./drivers/fsl_gpio.o
 .debug_ranges  0x00000db8       0x20 ./drivers/fsl_reset.o
 .debug_ranges  0x00000dd8       0x58 ./device/system_LPC54628.o
 .debug_ranges  0x00000e30       0x20 ./board/board.o
 .debug_ranges  0x00000e50       0x40 ./board/clock_config.o
 .debug_ranges  0x00000e90       0x30 ./board/pin_mux.o
 .debug_ranges  0x00000ec0       0x88 D:\Projekte\nxp-aes-proj\libs\libpower_hardabi.a(fsl_power_lib.o)

.debug_macro    0x00000000    0x14b67
 .debug_macro   0x00000000      0x1cc ./utilities/fsl_assert.o
 .debug_macro   0x000001cc      0xae4 ./utilities/fsl_assert.o
 .debug_macro   0x00000cb0       0x10 ./utilities/fsl_assert.o
 .debug_macro   0x00000cc0       0x1c ./utilities/fsl_assert.o
 .debug_macro   0x00000cdc       0x22 ./utilities/fsl_assert.o
 .debug_macro   0x00000cfe      0x12e ./utilities/fsl_assert.o
 .debug_macro   0x00000e2c      0x5b3 ./utilities/fsl_assert.o
 .debug_macro   0x000013df       0x22 ./utilities/fsl_assert.o
 .debug_macro   0x00001401       0x10 ./utilities/fsl_assert.o
 .debug_macro   0x00001411       0x38 ./utilities/fsl_assert.o
 .debug_macro   0x00001449       0x1c ./utilities/fsl_assert.o
 .debug_macro   0x00001465       0x22 ./utilities/fsl_assert.o
 .debug_macro   0x00001487      0x101 ./utilities/fsl_assert.o
 .debug_macro   0x00001588     0x1011 ./utilities/fsl_assert.o
 .debug_macro   0x00002599      0x11f ./utilities/fsl_assert.o
 .debug_macro   0x000026b8       0x2e ./utilities/fsl_assert.o
 .debug_macro   0x000026e6     0xea45 ./utilities/fsl_assert.o
 .debug_macro   0x0001112b      0x365 ./utilities/fsl_assert.o
 .debug_macro   0x00011490       0xd7 ./utilities/fsl_assert.o
 .debug_macro   0x00011567      0x2a8 ./utilities/fsl_assert.o
 .debug_macro   0x0001180f       0x16 ./utilities/fsl_assert.o
 .debug_macro   0x00011825       0xe3 ./utilities/fsl_assert.o
 .debug_macro   0x00011908       0x2e ./utilities/fsl_assert.o
 .debug_macro   0x00011936      0x198 ./utilities/fsl_assert.o
 .debug_macro   0x00011ace      0x15a ./utilities/fsl_assert.o
 .debug_macro   0x00011c28       0xe4 ./utilities/fsl_assert.o
 .debug_macro   0x00011d0c       0x1c ./utilities/fsl_assert.o
 .debug_macro   0x00011d28       0x26 ./utilities/fsl_assert.o
 .debug_macro   0x00011d4e      0x3a0 ./utilities/fsl_assert.o
 .debug_macro   0x000120ee       0x28 ./utilities/fsl_assert.o
 .debug_macro   0x00012116       0x47 ./utilities/fsl_assert.o
 .debug_macro   0x0001215d       0x16 ./utilities/fsl_assert.o
 .debug_macro   0x00012173       0xd2 ./utilities/fsl_assert.o
 .debug_macro   0x00012245       0x1c ./utilities/fsl_assert.o
 .debug_macro   0x00012261       0x32 ./startup/startup_lpc54628.o
 .debug_macro   0x00012293       0x34 ./startup/startup_lpc54628.o
 .debug_macro   0x000122c7      0x1ed ./source/servo/servo.o
 .debug_macro   0x000124b4       0x2f ./source/servo/servo.o
 .debug_macro   0x000124e3       0x10 ./source/servo/servo.o
 .debug_macro   0x000124f3      0x20b ./source/servo/servo.o
 .debug_macro   0x000126fe       0x28 ./source/servo/servo.o
 .debug_macro   0x00012726      0x1ed ./source/rpmMeas/rpmMeas.o
 .debug_macro   0x00012913       0x10 ./source/rpmMeas/rpmMeas.o
 .debug_macro   0x00012923      0x1ed ./source/drive/drive.o
 .debug_macro   0x00012b10       0x3a ./source/drive/drive.o
 .debug_macro   0x00012b4a      0x122 ./source/camera/camera.o
 .debug_macro   0x00012c6c      0x1c0 ./source/board/board_func.o
 .debug_macro   0x00012e2c      0x27c ./source/main_gustl.o
 .debug_macro   0x000130a8       0x97 ./source/main_gustl.o
 .debug_macro   0x0001313f       0x40 ./source/main_gustl.o
 .debug_macro   0x0001317f       0x16 ./source/main_gustl.o
 .debug_macro   0x00013195      0x107 ./source/main_gustl.o
 .debug_macro   0x0001329c       0x11 ./source/semihost_hardfault.o
 .debug_macro   0x000132ad       0xdf ./freertos/freertos_kernel/portable/MemMang/heap_4.o
 .debug_macro   0x0001338c      0x179 ./freertos/freertos_kernel/portable/GCC/ARM_CM4F/port.o
 .debug_macro   0x00013505       0xb8 ./freertos/freertos_kernel/list.o
 .debug_macro   0x000135bd      0x125 ./freertos/freertos_kernel/queue.o
 .debug_macro   0x000136e2      0x192 ./freertos/freertos_kernel/tasks.o
 .debug_macro   0x00013874       0x10 ./freertos/freertos_kernel/tasks.o
 .debug_macro   0x00013884       0x16 ./freertos/freertos_kernel/tasks.o
 .debug_macro   0x0001389a      0x10d ./freertos/freertos_kernel/timers.o
 .debug_macro   0x000139a7      0x22f ./drivers/fsl_clock.o
 .debug_macro   0x00013bd6       0x22 ./drivers/fsl_clock.o
 .debug_macro   0x00013bf8      0x124 ./drivers/fsl_common.o
 .debug_macro   0x00013d1c      0x12e ./drivers/fsl_ctimer.o
 .debug_macro   0x00013e4a      0x12d ./drivers/fsl_dma.o
 .debug_macro   0x00013f77       0x70 ./drivers/fsl_dma.o
 .debug_macro   0x00013fe7      0x127 ./drivers/fsl_flexcomm.o
 .debug_macro   0x0001410e       0x10 ./drivers/fsl_flexcomm.o
 .debug_macro   0x0001411e      0x12e ./drivers/fsl_gpio.o
 .debug_macro   0x0001424c      0x11e ./drivers/fsl_reset.o
 .debug_macro   0x0001436a       0xdf ./device/system_LPC54628.o
 .debug_macro   0x00014449      0x250 ./board/board.o
 .debug_macro   0x00014699       0x58 ./board/board.o
 .debug_macro   0x000146f1      0x13e ./board/clock_config.o
 .debug_macro   0x0001482f       0x1c ./board/clock_config.o
 .debug_macro   0x0001484b      0x139 ./board/pin_mux.o
 .debug_macro   0x00014984       0xe2 ./board/pin_mux.o
 .debug_macro   0x00014a66      0x101 ./board/pin_mux.o

.debug_line     0x00000000     0xcd1b
 .debug_line    0x00000000      0x4c4 ./utilities/fsl_assert.o
 .debug_line    0x000004c4      0x6dc ./startup/startup_lpc54628.o
 .debug_line    0x00000ba0      0x557 ./source/servo/servo.o
 .debug_line    0x000010f7      0x50a ./source/rpmMeas/rpmMeas.o
 .debug_line    0x00001601      0x597 ./source/drive/drive.o
 .debug_line    0x00001b98      0x351 ./source/camera/camera.o
 .debug_line    0x00001ee9      0x50a ./source/board/board_func.o
 .debug_line    0x000023f3      0x647 ./source/main_gustl.o
 .debug_line    0x00002a3a       0x59 ./source/semihost_hardfault.o
 .debug_line    0x00002a93      0x5f3 ./freertos/freertos_kernel/portable/MemMang/heap_4.o
 .debug_line    0x00003086      0x5f4 ./freertos/freertos_kernel/portable/GCC/ARM_CM4F/port.o
 .debug_line    0x0000367a      0x3c9 ./freertos/freertos_kernel/list.o
 .debug_line    0x00003a43     0x11b5 ./freertos/freertos_kernel/queue.o
 .debug_line    0x00004bf8     0x1921 ./freertos/freertos_kernel/tasks.o
 .debug_line    0x00006519      0x9b5 ./freertos/freertos_kernel/timers.o
 .debug_line    0x00006ece     0x1e23 ./drivers/fsl_clock.o
 .debug_line    0x00008cf1      0x4b5 ./drivers/fsl_common.o
 .debug_line    0x000091a6      0x8ad ./drivers/fsl_ctimer.o
 .debug_line    0x00009a53      0xde7 ./drivers/fsl_dma.o
 .debug_line    0x0000a83a      0x660 ./drivers/fsl_flexcomm.o
 .debug_line    0x0000ae9a      0x365 ./drivers/fsl_gpio.o
 .debug_line    0x0000b1ff      0x3a6 ./drivers/fsl_reset.o
 .debug_line    0x0000b5a5      0x563 ./device/system_LPC54628.o
 .debug_line    0x0000bb08      0x59f ./board/board.o
 .debug_line    0x0000c0a7      0x41a ./board/clock_config.o
 .debug_line    0x0000c4c1      0x43d ./board/pin_mux.o
 .debug_line    0x0000c8fe      0x41d D:\Projekte\nxp-aes-proj\libs\libpower_hardabi.a(fsl_power_lib.o)

.debug_str      0x00000000    0x9b747
 .debug_str     0x00000000    0x8d2c6 ./utilities/fsl_assert.o
                              0x8d380 (size before relaxing)
 .debug_str     0x0008d2c6      0x6ef ./startup/startup_lpc54628.o
                               0x3631 (size before relaxing)
 .debug_str     0x0008d9b5     0x2f5e ./source/servo/servo.o
                              0x8f986 (size before relaxing)
 .debug_str     0x00090913      0x193 ./source/rpmMeas/rpmMeas.o
                              0x8f99b (size before relaxing)
 .debug_str     0x00090aa6      0x183 ./source/drive/drive.o
                              0x8fa04 (size before relaxing)
 .debug_str     0x00090c29      0x76a ./source/camera/camera.o
                              0x8a465 (size before relaxing)
 .debug_str     0x00091393       0x87 ./source/board/board_func.o
                              0x8ec62 (size before relaxing)
 .debug_str     0x0009141a     0x1641 ./source/main_gustl.o
                              0x91049 (size before relaxing)
 .debug_str     0x00092a5b       0x1f ./source/semihost_hardfault.o
                               0x2eee (size before relaxing)
 .debug_str     0x00092a7a      0x3b3 ./freertos/freertos_kernel/portable/MemMang/heap_4.o
                               0x8614 (size before relaxing)
 .debug_str     0x00092e2d      0x847 ./freertos/freertos_kernel/portable/GCC/ARM_CM4F/port.o
                               0x8aa6 (size before relaxing)
 .debug_str     0x00093674      0x135 ./freertos/freertos_kernel/list.o
                               0x7d26 (size before relaxing)
 .debug_str     0x000937a9      0x8ba ./freertos/freertos_kernel/queue.o
                               0x93d4 (size before relaxing)
 .debug_str     0x00094063     0x14e9 ./freertos/freertos_kernel/tasks.o
                               0xa1b6 (size before relaxing)
 .debug_str     0x0009554c      0x608 ./freertos/freertos_kernel/timers.o
                               0x98fc (size before relaxing)
 .debug_str     0x00095b54     0x20cc ./drivers/fsl_clock.o
                              0x8d68e (size before relaxing)
 .debug_str     0x00097c20      0x561 ./drivers/fsl_common.o
                              0x8a854 (size before relaxing)
 .debug_str     0x00098181      0x961 ./drivers/fsl_ctimer.o
                              0x8c229 (size before relaxing)
 .debug_str     0x00098ae2     0x12fd ./drivers/fsl_dma.o
                              0x8ce37 (size before relaxing)
 .debug_str     0x00099ddf      0x368 ./drivers/fsl_flexcomm.o
                              0x8bdaf (size before relaxing)
 .debug_str     0x0009a147      0x107 ./drivers/fsl_gpio.o
                              0x8b765 (size before relaxing)
 .debug_str     0x0009a24e       0xae ./drivers/fsl_reset.o
                              0x8a7c8 (size before relaxing)
 .debug_str     0x0009a2fc      0x117 ./device/system_LPC54628.o
                              0x884c5 (size before relaxing)
 .debug_str     0x0009a413      0x7f9 ./board/board.o
                              0x8f8a4 (size before relaxing)
 .debug_str     0x0009ac0c       0xaa ./board/clock_config.o
                              0x8b2fc (size before relaxing)
 .debug_str     0x0009acb6      0x5a7 ./board/pin_mux.o
                              0x8b33e (size before relaxing)
 .debug_str     0x0009b25d      0x4ea D:\Projekte\nxp-aes-proj\libs\libpower_hardabi.a(fsl_power_lib.o)
                                0xc4a (size before relaxing)

.comment        0x00000000       0xf7
 .comment       0x00000000       0x79 ./utilities/fsl_assert.o
                                 0x7a (size before relaxing)
 .comment       0x00000079       0x7a ./startup/startup_lpc54628.o
 .comment       0x00000079       0x7a ./source/servo/servo.o
 .comment       0x00000079       0x7a ./source/rpmMeas/rpmMeas.o
 .comment       0x00000079       0x7a ./source/drive/drive.o
 .comment       0x00000079       0x7a ./source/camera/camera.o
 .comment       0x00000079       0x7a ./source/board/board_func.o
 .comment       0x00000079       0x7a ./source/main_gustl.o
 .comment       0x00000079       0x7a ./source/semihost_hardfault.o
 .comment       0x00000079       0x7a ./freertos/freertos_kernel/portable/MemMang/heap_4.o
 .comment       0x00000079       0x7a ./freertos/freertos_kernel/portable/GCC/ARM_CM4F/port.o
 .comment       0x00000079       0x7a ./freertos/freertos_kernel/list.o
 .comment       0x00000079       0x7a ./freertos/freertos_kernel/queue.o
 .comment       0x00000079       0x7a ./freertos/freertos_kernel/tasks.o
 .comment       0x00000079       0x7a ./freertos/freertos_kernel/timers.o
 .comment       0x00000079       0x7a ./drivers/fsl_clock.o
 .comment       0x00000079       0x7a ./drivers/fsl_common.o
 .comment       0x00000079       0x7a ./drivers/fsl_ctimer.o
 .comment       0x00000079       0x7a ./drivers/fsl_dma.o
 .comment       0x00000079       0x7a ./drivers/fsl_flexcomm.o
 .comment       0x00000079       0x7a ./drivers/fsl_gpio.o
 .comment       0x00000079       0x7a ./drivers/fsl_reset.o
 .comment       0x00000079       0x7a ./device/system_LPC54628.o
 .comment       0x00000079       0x7a ./board/board.o
 .comment       0x00000079       0x7a ./board/clock_config.o
 .comment       0x00000079       0x7a ./board/pin_mux.o
 .comment       0x00000079       0x7e D:\Projekte\nxp-aes-proj\libs\libpower_hardabi.a(fsl_power_lib.o)
                                 0x7f (size before relaxing)
 .comment       0x000000f7       0x7a c:/nxp/mcuxpressoide_11.2.1_4149/ide/plugins/com.nxp.mcuxpresso.tools.win32_11.2.0.202008311134/tools/bin/../lib/gcc/arm-none-eabi/9.2.1/../../../../arm-none-eabi/lib/thumb/v7e-m+fp/hard\libcr_semihost_nf.a(_cr__main.o)
 .comment       0x000000f7       0x7a c:/nxp/mcuxpressoide_11.2.1_4149/ide/plugins/com.nxp.mcuxpresso.tools.win32_11.2.0.202008311134/tools/bin/../lib/gcc/arm-none-eabi/9.2.1/../../../../arm-none-eabi/lib/thumb/v7e-m+fp/hard\libcr_c.a(memcpy.o)
 .comment       0x000000f7       0x7a c:/nxp/mcuxpressoide_11.2.1_4149/ide/plugins/com.nxp.mcuxpresso.tools.win32_11.2.0.202008311134/tools/bin/../lib/gcc/arm-none-eabi/9.2.1/../../../../arm-none-eabi/lib/thumb/v7e-m+fp/hard\libcr_c.a(memset.o)
 .comment       0x000000f7       0x7a c:/nxp/mcuxpressoide_11.2.1_4149/ide/plugins/com.nxp.mcuxpresso.tools.win32_11.2.0.202008311134/tools/bin/../lib/gcc/arm-none-eabi/9.2.1/../../../../arm-none-eabi/lib/thumb/v7e-m+fp/hard\libcr_c.a(alloc.o)
 .comment       0x000000f7       0x7a c:/nxp/mcuxpressoide_11.2.1_4149/ide/plugins/com.nxp.mcuxpresso.tools.win32_11.2.0.202008311134/tools/bin/../lib/gcc/arm-none-eabi/9.2.1/../../../../arm-none-eabi/lib/thumb/v7e-m+fp/hard\libcr_c.a(initio.o)
 .comment       0x000000f7       0x7a c:/nxp/mcuxpressoide_11.2.1_4149/ide/plugins/com.nxp.mcuxpresso.tools.win32_11.2.0.202008311134/tools/bin/../lib/gcc/arm-none-eabi/9.2.1/../../../../arm-none-eabi/lib/thumb/v7e-m+fp/hard\libcr_c.a(printf.o)
 .comment       0x000000f7       0x7a c:/nxp/mcuxpressoide_11.2.1_4149/ide/plugins/com.nxp.mcuxpresso.tools.win32_11.2.0.202008311134/tools/bin/../lib/gcc/arm-none-eabi/9.2.1/../../../../arm-none-eabi/lib/thumb/v7e-m+fp/hard\libcr_c.a(setvbuf.o)
 .comment       0x000000f7       0x7a c:/nxp/mcuxpressoide_11.2.1_4149/ide/plugins/com.nxp.mcuxpresso.tools.win32_11.2.0.202008311134/tools/bin/../lib/gcc/arm-none-eabi/9.2.1/../../../../arm-none-eabi/lib/thumb/v7e-m+fp/hard\libcr_c.a(strlen.o)
 .comment       0x000000f7       0x7a c:/nxp/mcuxpressoide_11.2.1_4149/ide/plugins/com.nxp.mcuxpresso.tools.win32_11.2.0.202008311134/tools/bin/../lib/gcc/arm-none-eabi/9.2.1/../../../../arm-none-eabi/lib/thumb/v7e-m+fp/hard\libcr_c.a(__init_alloc.o)
 .comment       0x000000f7       0x7a c:/nxp/mcuxpressoide_11.2.1_4149/ide/plugins/com.nxp.mcuxpresso.tools.win32_11.2.0.202008311134/tools/bin/../lib/gcc/arm-none-eabi/9.2.1/../../../../arm-none-eabi/lib/thumb/v7e-m+fp/hard\libcr_c.a(_cr_sbrk.o)
 .comment       0x000000f7       0x7a c:/nxp/mcuxpressoide_11.2.1_4149/ide/plugins/com.nxp.mcuxpresso.tools.win32_11.2.0.202008311134/tools/bin/../lib/gcc/arm-none-eabi/9.2.1/../../../../arm-none-eabi/lib/thumb/v7e-m+fp/hard\libcr_c.a(_deferredlazyseek.o)
 .comment       0x000000f7       0x7a c:/nxp/mcuxpressoide_11.2.1_4149/ide/plugins/com.nxp.mcuxpresso.tools.win32_11.2.0.202008311134/tools/bin/../lib/gcc/arm-none-eabi/9.2.1/../../../../arm-none-eabi/lib/thumb/v7e-m+fp/hard\libcr_c.a(_fdopen.o)