../source/settings.c:56:6:menu_func_servo_motor_test	24	static
../source/settings.c:89:6:menu_func_servo_motor_init	16	static
../source/settings.c:100:6:menu_func_servo_motor_left	16	static
../source/settings.c:118:6:menu_func_servo_motor_right	16	static
../source/settings.c:135:6:menu_func_bldcLeft_test	24	static
../source/settings.c:162:6:menu_func_bldc_motor_left_init	16	static
../source/settings.c:173:6:menu_func_bldc_motor_left_min	16	static
../source/settings.c:190:6:menu_func_bldc_motor_left_max	16	static
../source/settings.c:208:6:menu_func_bldcRight_test	24	static
../source/settings.c:234:6:menu_func_bldc_motor_right_init	16	static
../source/settings.c:245:6:menu_func_bldc_motor_right_min	16	static
../source/settings.c:262:6:menu_func_bldc_motor_right_max	16	static
../source/settings.c:278:6:menu_func_restore	8	static
